Archive member included to satisfy reference by file (symbol)

C:/STM32/arm-none-eabi-gcc/14.2.1-1.1.1/.content/bin/../lib/gcc/arm-none-eabi/14.2.1/../../../../arm-none-eabi/lib/thumb/v7e-m+fp/hard\libc_nano.a(libc_a-atexit.o)
                              C:/STM32/arm-none-eabi-gcc/14.2.1-1.1.1/.content/bin/../lib/gcc/arm-none-eabi/14.2.1/../../../../arm-none-eabi/lib/thumb/v7e-m+fp/hard/crt0.o (atexit)
C:/STM32/arm-none-eabi-gcc/14.2.1-1.1.1/.content/bin/../lib/gcc/arm-none-eabi/14.2.1/../../../../arm-none-eabi/lib/thumb/v7e-m+fp/hard\libc_nano.a(libc_a-exit.o)
                              C:/STM32/arm-none-eabi-gcc/14.2.1-1.1.1/.content/bin/../lib/gcc/arm-none-eabi/14.2.1/../../../../arm-none-eabi/lib/thumb/v7e-m+fp/hard/crt0.o (exit)
C:/STM32/arm-none-eabi-gcc/14.2.1-1.1.1/.content/bin/../lib/gcc/arm-none-eabi/14.2.1/../../../../arm-none-eabi/lib/thumb/v7e-m+fp/hard\libc_nano.a(libc_a-nano-vfprintf_float.o)
                              build/debug/uart_drv.o (_printf_float)
C:/STM32/arm-none-eabi-gcc/14.2.1-1.1.1/.content/bin/../lib/gcc/arm-none-eabi/14.2.1/../../../../arm-none-eabi/lib/thumb/v7e-m+fp/hard\libc_nano.a(libc_a-nano-vfprintf_i.o)
                              C:/STM32/arm-none-eabi-gcc/14.2.1-1.1.1/.content/bin/../lib/gcc/arm-none-eabi/14.2.1/../../../../arm-none-eabi/lib/thumb/v7e-m+fp/hard\libc_nano.a(libc_a-nano-vfprintf_float.o) (_printf_common)
C:/STM32/arm-none-eabi-gcc/14.2.1-1.1.1/.content/bin/../lib/gcc/arm-none-eabi/14.2.1/../../../../arm-none-eabi/lib/thumb/v7e-m+fp/hard\libc_nano.a(libc_a-findfp.o)
                              C:/STM32/arm-none-eabi-gcc/14.2.1-1.1.1/.content/bin/../lib/gcc/arm-none-eabi/14.2.1/../../../../arm-none-eabi/lib/thumb/v7e-m+fp/hard\libc_nano.a(libc_a-exit.o) (__stdio_exit_handler)
C:/STM32/arm-none-eabi-gcc/14.2.1-1.1.1/.content/bin/../lib/gcc/arm-none-eabi/14.2.1/../../../../arm-none-eabi/lib/thumb/v7e-m+fp/hard\libc_nano.a(libc_a-fwalk.o)
                              C:/STM32/arm-none-eabi-gcc/14.2.1-1.1.1/.content/bin/../lib/gcc/arm-none-eabi/14.2.1/../../../../arm-none-eabi/lib/thumb/v7e-m+fp/hard\libc_nano.a(libc_a-findfp.o) (_fwalk_sglue)
C:/STM32/arm-none-eabi-gcc/14.2.1-1.1.1/.content/bin/../lib/gcc/arm-none-eabi/14.2.1/../../../../arm-none-eabi/lib/thumb/v7e-m+fp/hard\libc_nano.a(libc_a-printf.o)
                              build/debug/freertos.o (printf)
C:/STM32/arm-none-eabi-gcc/14.2.1-1.1.1/.content/bin/../lib/gcc/arm-none-eabi/14.2.1/../../../../arm-none-eabi/lib/thumb/v7e-m+fp/hard\libc_nano.a(libc_a-puts.o)
                              build/debug/freertos.o (puts)
C:/STM32/arm-none-eabi-gcc/14.2.1-1.1.1/.content/bin/../lib/gcc/arm-none-eabi/14.2.1/../../../../arm-none-eabi/lib/thumb/v7e-m+fp/hard\libc_nano.a(libc_a-sprintf.o)
                              build/debug/uart_drv.o (sprintf)
C:/STM32/arm-none-eabi-gcc/14.2.1-1.1.1/.content/bin/../lib/gcc/arm-none-eabi/14.2.1/../../../../arm-none-eabi/lib/thumb/v7e-m+fp/hard\libc_nano.a(libc_a-stdio.o)
                              C:/STM32/arm-none-eabi-gcc/14.2.1-1.1.1/.content/bin/../lib/gcc/arm-none-eabi/14.2.1/../../../../arm-none-eabi/lib/thumb/v7e-m+fp/hard\libc_nano.a(libc_a-findfp.o) (__sread)
C:/STM32/arm-none-eabi-gcc/14.2.1-1.1.1/.content/bin/../lib/gcc/arm-none-eabi/14.2.1/../../../../arm-none-eabi/lib/thumb/v7e-m+fp/hard\libc_nano.a(libc_a-wbuf.o)
                              C:/STM32/arm-none-eabi-gcc/14.2.1-1.1.1/.content/bin/../lib/gcc/arm-none-eabi/14.2.1/../../../../arm-none-eabi/lib/thumb/v7e-m+fp/hard\libc_nano.a(libc_a-puts.o) (__swbuf_r)
C:/STM32/arm-none-eabi-gcc/14.2.1-1.1.1/.content/bin/../lib/gcc/arm-none-eabi/14.2.1/../../../../arm-none-eabi/lib/thumb/v7e-m+fp/hard\libc_nano.a(libc_a-wsetup.o)
                              C:/STM32/arm-none-eabi-gcc/14.2.1-1.1.1/.content/bin/../lib/gcc/arm-none-eabi/14.2.1/../../../../arm-none-eabi/lib/thumb/v7e-m+fp/hard\libc_nano.a(libc_a-puts.o) (__swsetup_r)
C:/STM32/arm-none-eabi-gcc/14.2.1-1.1.1/.content/bin/../lib/gcc/arm-none-eabi/14.2.1/../../../../arm-none-eabi/lib/thumb/v7e-m+fp/hard\libc_nano.a(libc_a-memset.o)
                              C:/STM32/arm-none-eabi-gcc/14.2.1-1.1.1/.content/bin/../lib/gcc/arm-none-eabi/14.2.1/../../../../arm-none-eabi/lib/thumb/v7e-m+fp/hard/crt0.o (memset)
C:/STM32/arm-none-eabi-gcc/14.2.1-1.1.1/.content/bin/../lib/gcc/arm-none-eabi/14.2.1/../../../../arm-none-eabi/lib/thumb/v7e-m+fp/hard\libc_nano.a(libc_a-localeconv.o)
                              C:/STM32/arm-none-eabi-gcc/14.2.1-1.1.1/.content/bin/../lib/gcc/arm-none-eabi/14.2.1/../../../../arm-none-eabi/lib/thumb/v7e-m+fp/hard\libc_nano.a(libc_a-nano-vfprintf_float.o) (_localeconv_r)
C:/STM32/arm-none-eabi-gcc/14.2.1-1.1.1/.content/bin/../lib/gcc/arm-none-eabi/14.2.1/../../../../arm-none-eabi/lib/thumb/v7e-m+fp/hard\libc_nano.a(libc_a-closer.o)
[...]
Memory Configuration

Name             Origin             Length             Attributes
RAM              0x20000000         0x00020000         xrw
CCMRAM           0x10000000         0x00010000         xrw
FLASH            0x08000000         0x00080000         xr
*default*        0x00000000         0xffffffff

Linker script and memory map

LOAD C:/STM32/arm-none-eabi-gcc/14.2.1-1.1.1/.content/bin/../lib/gcc/arm-none-eabi/14.2.1/thumb/v7e-m+fp/hard/crti.o
LOAD C:/STM32/arm-none-eabi-gcc/14.2.1-1.1.1/.content/bin/../lib/gcc/arm-none-eabi/14.2.1/thumb/v7e-m+fp/hard/crtbegin.o
LOAD C:/STM32/arm-none-eabi-gcc/14.2.1-1.1.1/.content/bin/../lib/gcc/arm-none-eabi/14.2.1/../../../../arm-none-eabi/lib/thumb/v7e-m+fp/hard/crt0.o
LOAD build/debug/adc.o
LOAD build/debug/cmsis_os2.o
LOAD build/debug/croutine.o
LOAD build/debug/dac.o
LOAD build/debug/delay_us.o
LOAD build/debug/dma.o
LOAD build/debug/event_groups.o
LOAD build/debug/freertos.o
LOAD build/debug/gpio.o
LOAD build/debug/heap_4.o
LOAD build/debug/i2c.o
LOAD build/debug/list.o
LOAD build/debug/main.o
LOAD build/debug/port.o
LOAD build/debug/queue.o
LOAD build/debug/rc522.o
LOAD build/debug/rc522_platform_stm32.o
LOAD build/debug/rtc.o
LOAD build/debug/spi.o
LOAD build/debug/stm32f4xx_hal.o
LOAD build/debug/stm32f4xx_hal_adc.o
LOAD build/debug/stm32f4xx_hal_adc_ex.o
LOAD build/debug/stm32f4xx_hal_cortex.o
LOAD build/debug/stm32f4xx_hal_dac.o
LOAD build/debug/stm32f4xx_hal_dac_ex.o
LOAD build/debug/stm32f4xx_hal_dma.o
LOAD build/debug/stm32f4xx_hal_dma_ex.o
LOAD build/debug/stm32f4xx_hal_exti.o
LOAD build/debug/stm32f4xx_hal_flash.o
LOAD build/debug/stm32f4xx_hal_flash_ex.o
LOAD build/debug/stm32f4xx_hal_flash_ramfunc.o
LOAD build/debug/stm32f4xx_hal_gpio.o
LOAD build/debug/stm32f4xx_hal_i2c.o
LOAD build/debug/stm32f4xx_hal_i2c_ex.o
LOAD build/debug/stm32f4xx_hal_msp.o
LOAD build/debug/stm32f4xx_hal_pwr.o
LOAD build/debug/stm32f4xx_hal_pwr_ex.o
LOAD build/debug/stm32f4xx_hal_rcc.o
LOAD build/debug/stm32f4xx_hal_rcc_ex.o
LOAD build/debug/stm32f4xx_hal_rtc.o
LOAD build/debug/stm32f4xx_hal_rtc_ex.o
LOAD build/debug/stm32f4xx_hal_spi.o
LOAD build/debug/stm32f4xx_hal_tim.o
LOAD build/debug/stm32f4xx_hal_tim_ex.o
LOAD build/debug/stm32f4xx_hal_timebase_tim.o
LOAD build/debug/stm32f4xx_hal_uart.o
LOAD build/debug/stm32f4xx_it.o
LOAD build/debug/stream_buffer.o
LOAD build/debug/syscalls.o
LOAD build/debug/sysmem.o
LOAD build/debug/system_stm32f4xx.o
LOAD build/debug/tasks.o
LOAD build/debug/tim.o
LOAD build/debug/timers.o
LOAD build/debug/uart_drv.o
LOAD build/debug/usart.o
LOAD build/debug/startup_stm32f407xx.o
LOAD C:/STM32/arm-none-eabi-gcc/14.2.1-1.1.1/.content/bin/../lib/gcc/arm-none-eabi/14.2.1/../../../../arm-none-eabi/lib/thumb/v7e-m+fp/hard\libc_nano.a
LOAD C:/STM32/arm-none-eabi-gcc/14.2.1-1.1.1/.content/bin/../lib/gcc/arm-none-eabi/14.2.1/../../../../arm-none-eabi/lib/thumb/v7e-m+fp/hard\libm.a
LOAD C:/STM32/arm-none-eabi-gcc/14.2.1-1.1.1/.content/bin/../lib/gcc/arm-none-eabi/14.2.1/../../../../arm-none-eabi/lib/thumb/v7e-m+fp/hard\libnosys.a
START GROUP
LOAD C:/STM32/arm-none-eabi-gcc/14.2.1-1.1.1/.content/bin/../lib/gcc/arm-none-eabi/14.2.1/thumb/v7e-m+fp/hard\libgcc.a
LOAD C:/STM32/arm-none-eabi-gcc/14.2.1-1.1.1/.content/bin/../lib/gcc/arm-none-eabi/14.2.1/../../../../arm-none-eabi/lib/thumb/v7e-m+fp/hard\libc_nano.a
END GROUP
START GROUP
LOAD C:/STM32/arm-none-eabi-gcc/14.2.1-1.1.1/.content/bin/../lib/gcc/arm-none-eabi/14.2.1/thumb/v7e-m+fp/hard\libgcc.a
LOAD C:/STM32/arm-none-eabi-gcc/14.2.1-1.1.1/.content/bin/../lib/gcc/arm-none-eabi/14.2.1/../../../../arm-none-eabi/lib/thumb/v7e-m+fp/hard\libc_nano.a
END GROUP
LOAD C:/STM32/arm-none-eabi-gcc/14.2.1-1.1.1/.content/bin/../lib/gcc/arm-none-eabi/14.2.1/thumb/v7e-m+fp/hard/crtend.o
LOAD C:/STM32/arm-none-eabi-gcc/14.2.1-1.1.1/.content/bin/../lib/gcc/arm-none-eabi/14.2.1/thumb/v7e-m+fp/hard/crtn.o
                0x20020000                        _estack = (ORIGIN (RAM) + LENGTH (RAM))
                0x2001fc00                        _sstack = (_estack - _Min_Stack_Size)
                0x00000200                        _Min_Heap_Size = 0x200
                0x00000400                        _Min_Stack_Size = 0x400

.isr_vector     0x08000000      0x188
                0x08000000                        . = ALIGN (0x4)
 *(.isr_vector)
 .isr_vector    0x08000000      0x188 build/debug/startup_stm32f407xx.o
                0x08000000                g_pfnVectors
                0x08000188                        . = ALIGN (0x4)

.text           0x08000190     0x9888
                0x08000190                        . = ALIGN (0x4)
 *(.text)
 .text          0x08000190       0xa0 C:/STM32/arm-none-eabi-gcc/14.2.1-1.1.1/.content/bin/../lib/gcc/arm-none-eabi/14.2.1/../../../../arm-none-eabi/lib/thumb/v7e-m+fp/hard\libc_nano.a(libc_a-memchr.o)
                0x08000190                memchr
 .text          0x08000230       0x10 C:/STM32/arm-none-eabi-gcc/14.2.1-1.1.1/.content/bin/../lib/gcc/arm-none-eabi/14.2.1/../../../../arm-none-eabi/lib/thumb/v7e-m+fp/hard\libc_nano.a(libc_a-strlen.o)
                0x08000230                strlen
 .text          0x08000240      0x378 C:/STM32/arm-none-eabi-gcc/14.2.1-1.1.1/.content/bin/../lib/gcc/arm-none-eabi/14.2.1/thumb/v7e-m+fp/hard\libgcc.a(_arm_addsubdf3.o)
                0x08000240                __aeabi_drsub
                0x08000248                __aeabi_dsub
                0x08000248                __subdf3
                0x0800024c                __aeabi_dadd
                0x0800024c                __adddf3
                0x080004c4                __floatunsidf
                0x080004c4                __aeabi_ui2d
                0x080004e4                __floatsidf
                0x080004e4                __aeabi_i2d
                0x08000508                __aeabi_f2d
                0x08000508                __extendsfdf2
                0x0800054c                __floatundidf
                0x0800054c                __aeabi_ul2d
                0x0800055c                __floatdidf
                0x0800055c                __aeabi_l2d
 .text          0x080005b8      0x424 C:/STM32/arm-none-eabi-gcc/14.2.1-1.1.1/.content/bin/../lib/gcc/arm-none-eabi/14.2.1/thumb/v7e-m+fp/hard\libgcc.a(_arm_muldivdf3.o)
                0x080005b8                __aeabi_dmul
                0x080005b8                __muldf3
                0x0800080c                __divdf3
                0x0800080c                __aeabi_ddiv
 .text          0x080009dc      0x110 C:/STM32/arm-none-eabi-gcc/14.2.1-1.1.1/.content/bin/../lib/gcc/arm-none-eabi/14.2.1/thumb/v7e-m+fp/hard\libgcc.a(_arm_cmpdf2.o)
                0x080009dc                __gtdf2
                0x080009dc                __gedf2
                0x080009e4                __ltdf2
                0x080009e4                __ledf2
                0x080009ec                __nedf2
                0x080009ec                __eqdf2
                0x080009ec                __cmpdf2
                0x08000a68                __aeabi_cdrcmple
                0x08000a78                __aeabi_cdcmpeq
                0x08000a78                __aeabi_cdcmple
                0x08000a88                __aeabi_dcmpeq
                0x08000a9c                __aeabi_dcmplt
                0x08000ab0                __aeabi_dcmple
                0x08000ac4                __aeabi_dcmpge
                0x08000ad8                __aeabi_dcmpgt
 .text          0x08000aec       0x2c C:/STM32/arm-none-eabi-gcc/14.2.1-1.1.1/.content/bin/../lib/gcc/arm-none-eabi/14.2.1/thumb/v7e-m+fp/hard\libgcc.a(_arm_unorddf2.o)
                0x08000aec                __unorddf2
                0x08000aec                __aeabi_dcmpun
 .text          0x08000b18       0x50 C:/STM32/arm-none-eabi-gcc/14.2.1-1.1.1/.content/bin/../lib/gcc/arm-none-eabi/14.2.1/thumb/v7e-m+fp/hard\libgcc.a(_arm_fixdfsi.o)
                0x08000b18                __aeabi_d2iz
                0x08000b18                __fixdfsi
 .text          0x08000b68       0x30 C:/STM32/arm-none-eabi-gcc/14.2.1-1.1.1/.content/bin/../lib/gcc/arm-none-eabi/14.2.1/thumb/v7e-m+fp/hard\libgcc.a(_aeabi_uldivmod.o)
                0x08000b68                __aeabi_uldivmod
 .text          0x08000b98        0x4 C:/STM32/arm-none-eabi-gcc/14.2.1-1.1.1/.content/bin/../lib/gcc/arm-none-eabi/14.2.1/thumb/v7e-m+fp/hard\libgcc.a(_dvmd_tls.o)
                0x08000b98                __aeabi_idiv0
                0x08000b98                __aeabi_ldiv0
 *(.text*)
 .text.__do_global_dtors_aux
                0x08000b9c       0x24 C:/STM32/arm-none-eabi-gcc/14.2.1-1.1.1/.content/bin/../lib/gcc/arm-none-eabi/14.2.1/thumb/v7e-m+fp/hard/crtbegin.o
 .text.frame_dummy
                0x08000bc0       0x1c C:/STM32/arm-none-eabi-gcc/14.2.1-1.1.1/.content/bin/../lib/gcc/arm-none-eabi/14.2.1/thumb/v7e-m+fp/hard/crtbegin.o
 .text.MX_ADC1_Init
                0x08000bdc       0x70 build/debug/adc.o
                0x08000bdc                MX_ADC1_Init
 .text.HAL_ADC_MspInit
                0x08000c4c       0xac build/debug/adc.o
                0x08000c4c                HAL_ADC_MspInit
 .text.SysTick_Handler
                0x08000cf8       0x18 build/debug/cmsis_os2.o
                0x08000cf8                SysTick_Handler
 .text.osKernelInitialize
                0x08000d10       0x24 build/debug/cmsis_os2.o
                0x08000d10                osKernelInitialize
 .text.osKernelStart
                0x08000d34       0x38 build/debug/cmsis_os2.o
                0x08000d34                osKernelStart
 .text.osThreadNew
                0x08000d6c       0xb4 build/debug/cmsis_os2.o
                0x08000d6c                osThreadNew
 .text.osDelay  0x08000e20       0x1c build/debug/cmsis_os2.o
                0x08000e20                osDelay
 .text.osMessageQueuePut
                0x08000e3c       0x84 build/debug/cmsis_os2.o
                0x08000e3c                osMessageQueuePut
 .text.vApplicationGetIdleTaskMemory
                0x08000ec0       0x18 build/debug/cmsis_os2.o
                0x08000ec0                vApplicationGetIdleTaskMemory
 .text.vApplicationGetTimerTaskMemory
                0x08000ed8       0x18 build/debug/cmsis_os2.o
                0x08000ed8                vApplicationGetTimerTaskMemory
 .text.MX_DAC_Init
                0x08000ef0       0x44 build/debug/dac.o
                0x08000ef0                MX_DAC_Init
 .text.HAL_DAC_MspInit
                0x08000f34       0xac build/debug/dac.o
                0x08000f34                HAL_DAC_MspInit
 .text.delay_us_init
                0x08000fe0       0x38 build/debug/delay_us.o
                0x08000fe0                delay_us_init
 .text.delay_us
                0x08001018       0x2c build/debug/delay_us.o
                0x08001018                delay_us
 .text.MX_DMA_Init
                0x08001044       0x98 build/debug/dma.o
                0x08001044                MX_DMA_Init
 .text.StartNfcTask
                0x080010dc      0x10c build/debug/freertos.o
                0x080010dc                StartNfcTask
 .text.MX_FREERTOS_Init
                0x080011e8       0x20 build/debug/freertos.o
                0x080011e8                MX_FREERTOS_Init
 .text.MX_GPIO_Init
                0x08001208      0x1bc build/debug/gpio.o
                0x08001208                MX_GPIO_Init
 .text.prvHeapInit
                0x080013c4       0x64 build/debug/heap_4.o
 .text.prvInsertBlockIntoFreeList
                0x08001428       0x64 build/debug/heap_4.o
 .text.pvPortMalloc
                0x0800148c      0x104 build/debug/heap_4.o
                0x0800148c                pvPortMalloc
 .text.vPortFree
                0x08001590       0x7c build/debug/heap_4.o
                0x08001590                vPortFree
 .text.MX_I2C1_Init
                0x0800160c       0x3c build/debug/i2c.o
                0x0800160c                MX_I2C1_Init
 .text.HAL_I2C_MspInit
                0x08001648       0x70 build/debug/i2c.o
                0x08001648                HAL_I2C_MspInit
 .text.vListInitialise
                0x080016b8       0x16 build/debug/list.o
                0x080016b8                vListInitialise
 .text.vListInitialiseItem
                0x080016ce        0x6 build/debug/list.o
                0x080016ce                vListInitialiseItem
 .text.vListInsertEnd
                0x080016d4       0x16 build/debug/list.o
                0x080016d4                vListInsertEnd
 .text.vListInsert
                0x080016ea       0x32 build/debug/list.o
                0x080016ea                vListInsert
 .text.uxListRemove
                0x0800171c       0x26 build/debug/list.o
                0x0800171c                uxListRemove
 *fill*         0x08001742        0x2 
 .text.HAL_TIM_PeriodElapsedCallback
                0x08001744       0x18 build/debug/main.o
                0x08001744                HAL_TIM_PeriodElapsedCallback
 .text.Error_Handler
                0x0800175c        0x4 build/debug/main.o
                0x0800175c                Error_Handler
 .text.SystemClock_Config
                0x08001760       0xac build/debug/main.o
                0x08001760                SystemClock_Config
 .text.main     0x0800180c       0x48 build/debug/main.o
                0x0800180c                main
 .text.prvTaskExitError
                0x08001854       0x40 build/debug/port.o
 .text.prvPortStartFirstTask
                0x08001894       0x28 build/debug/port.o
 .text.vPortEnableVFP
                0x080018bc       0x14 build/debug/port.o
 .text.pxPortInitialiseStack
                0x080018d0       0x2c build/debug/port.o
                0x080018d0                pxPortInitialiseStack
 *fill*         0x080018fc        0x4 
 .text.SVC_Handler
                0x08001900       0x24 build/debug/port.o
                0x08001900                SVC_Handler
 .text.vPortEnterCritical
                0x08001924       0x44 build/debug/port.o
                0x08001924                vPortEnterCritical
 .text.vPortExitCritical
                0x08001968       0x2c build/debug/port.o
                0x08001968                vPortExitCritical
 *fill*         0x08001994        0xc 
 .text.PendSV_Handler
                0x080019a0       0x64 build/debug/port.o
                0x080019a0                PendSV_Handler
 .text.xPortSysTickHandler
                0x08001a04       0x2c build/debug/port.o
                0x08001a04                xPortSysTickHandler
 .text.vPortSetupTimerInterrupt
                0x08001a30       0x28 build/debug/port.o
                0x08001a30                vPortSetupTimerInterrupt
 .text.xPortStartScheduler
                0x08001a58      0x118 build/debug/port.o
                0x08001a58                xPortStartScheduler
 .text.vPortValidateInterruptPriority
                0x08001b70       0x5c build/debug/port.o
                0x08001b70                vPortValidateInterruptPriority
 .text.prvIsQueueFull
                0x08001bcc       0x1e build/debug/queue.o
 .text.prvIsQueueEmpty
                0x08001bea       0x1a build/debug/queue.o
 .text.prvCopyDataToQueue
                0x08001c04       0x76 build/debug/queue.o
 .text.prvCopyDataFromQueue
                0x08001c7a       0x24 build/debug/queue.o
 .text.prvUnlockQueue
                0x08001c9e       0x6e build/debug/queue.o
 .text.xQueueGenericReset
                0x08001d0c       0x84 build/debug/queue.o
                0x08001d0c                xQueueGenericReset
 .text.prvInitialiseNewQueue
                0x08001d90       0x22 build/debug/queue.o
 .text.xQueueGenericCreateStatic
                0x08001db2       0x94 build/debug/queue.o
                0x08001db2                xQueueGenericCreateStatic
 .text.xQueueGenericSend
                0x08001e46      0x188 build/debug/queue.o
                0x08001e46                xQueueGenericSend
 .text.xQueueGenericSendFromISR
                0x08001fce       0xce build/debug/queue.o
                0x08001fce                xQueueGenericSendFromISR
 .text.xQueueReceive
                0x0800209c      0x15e build/debug/queue.o
                0x0800209c                xQueueReceive
 *fill*         0x080021fa        0x2 
 .text.vQueueAddToRegistry
                0x080021fc       0x28 build/debug/queue.o
                0x080021fc                vQueueAddToRegistry
 .text.vQueueWaitForMessageRestricted
                0x08002224       0x52 build/debug/queue.o
                0x08002224                vQueueWaitForMessageRestricted
 *fill*         0x08002276        0x2 
 .text.rc522_write_reg
                0x08002278       0x38 build/debug/rc522.o
 .text.rc522_read_reg
                0x080022b0       0x40 build/debug/rc522.o
 .text.rc522_set_bit_mask
                0x080022f0       0x18 build/debug/rc522.o
 .text.rc522_clear_bit_mask
                0x08002308       0x1c build/debug/rc522.o
 .text.rc522_calculate_crc
                0x08002324       0x64 build/debug/rc522.o
 .text.rc522_communicate
                0x08002388      0x11c build/debug/rc522.o
 .text.RC522_Reset
                0x080024a4       0x7c build/debug/rc522.o
                0x080024a4                RC522_Reset
 .text.RC522_Init
                0x08002520       0x88 build/debug/rc522.o
                0x08002520                RC522_Init
 .text.RC522_AntennaOn
                0x080025a8       0x1a build/debug/rc522.o
                0x080025a8                RC522_AntennaOn
 *fill*         0x080025c2        0x2 
 .text.RC522_ConfigISOType
                0x080025c4       0x64 build/debug/rc522.o
                0x080025c4                RC522_ConfigISOType
 .text.RC522_Request
                0x08002628       0x54 build/debug/rc522.o
                0x08002628                RC522_Request
 .text.RC522_Anticoll
                0x0800267c       0x7a build/debug/rc522.o
                0x0800267c                RC522_Anticoll
 .text.RC522_Select
                0x080026f6       0x6e build/debug/rc522.o
                0x080026f6                RC522_Select
 .text.RC522_AuthState
                0x08002764       0x6a build/debug/rc522.o
                0x08002764                RC522_AuthState
 .text.RC522_Read
                0x080027ce       0x5a build/debug/rc522.o
                0x080027ce                RC522_Read
 .text.RC522_Halt
                0x08002828       0x34 build/debug/rc522.o
                0x08002828                RC522_Halt
 .text.RC522_ReadBlock
                0x0800285c       0x20 build/debug/rc522.o
                0x0800285c                RC522_ReadBlock
 .text.RC522_ScanCard
                0x0800287c       0x2e build/debug/rc522.o
                0x0800287c                RC522_ScanCard
 *fill*         0x080028aa        0x2 
 .text.RC522_ReadAllSectors
                0x080028ac       0xfc build/debug/rc522.o
                0x080028ac                RC522_ReadAllSectors
 .text.rst_control
                0x080029a8       0x24 build/debug/rc522_platform_stm32.o
 .text.cs_control
                0x080029cc       0x24 build/debug/rc522_platform_stm32.o
 .text.delay_ms
                0x080029f0        0x8 build/debug/rc522_platform_stm32.o
 .text.spi_transfer_byte
                0x080029f8       0xa4 build/debug/rc522_platform_stm32.o
 .text.RC522_Platform_Init
                0x08002a9c       0x24 build/debug/rc522_platform_stm32.o
                0x08002a9c                RC522_Platform_Init
 .text.MX_RTC_Init
                0x08002ac0       0xcc build/debug/rtc.o
                0x08002ac0                MX_RTC_Init
 .text.HAL_RTC_MspInit
                0x08002b8c       0x48 build/debug/rtc.o
                0x08002b8c                HAL_RTC_MspInit
 .text.MX_SPI1_Init
                0x08002bd4       0x40 build/debug/spi.o
                0x08002bd4                MX_SPI1_Init
 .text.HAL_SPI_MspInit
                0x08002c14       0x70 build/debug/spi.o
                0x08002c14                HAL_SPI_MspInit
 .text.HAL_Init
                0x08002c84       0x34 build/debug/stm32f4xx_hal.o
                0x08002c84                HAL_Init
 .text.HAL_IncTick
                0x08002cb8       0x18 build/debug/stm32f4xx_hal.o
                0x08002cb8                HAL_IncTick
 .text.HAL_GetTick
                0x08002cd0        0xc build/debug/stm32f4xx_hal.o
                0x08002cd0                HAL_GetTick
 .text.HAL_Delay
                0x08002cdc       0x28 build/debug/stm32f4xx_hal.o
                0x08002cdc                HAL_Delay
 .text.ADC_Init
                0x08002d04      0x134 build/debug/stm32f4xx_hal_adc.o
 .text.HAL_ADC_Init
                0x08002e38       0x56 build/debug/stm32f4xx_hal_adc.o
                0x08002e38                HAL_ADC_Init
 *fill*         0x08002e8e        0x2 
 .text.HAL_ADC_ConfigChannel
                0x08002e90      0x194 build/debug/stm32f4xx_hal_adc.o
                0x08002e90                HAL_ADC_ConfigChannel
 .text.__NVIC_EnableIRQ
                0x08003024       0x1c build/debug/stm32f4xx_hal_cortex.o
 .text.__NVIC_SetPriority
                0x08003040       0x28 build/debug/stm32f4xx_hal_cortex.o
 .text.NVIC_EncodePriority
                0x08003068       0x3e build/debug/stm32f4xx_hal_cortex.o
 *fill*         0x080030a6        0x2 
 .text.HAL_NVIC_SetPriorityGrouping
                0x080030a8       0x24 build/debug/stm32f4xx_hal_cortex.o
                0x080030a8                HAL_NVIC_SetPriorityGrouping
 .text.HAL_NVIC_SetPriority
                0x080030cc       0x20 build/debug/stm32f4xx_hal_cortex.o
                0x080030cc                HAL_NVIC_SetPriority
 .text.HAL_NVIC_EnableIRQ
                0x080030ec        0x8 build/debug/stm32f4xx_hal_cortex.o
                0x080030ec                HAL_NVIC_EnableIRQ
 .text.HAL_DAC_Init
                0x080030f4       0x24 build/debug/stm32f4xx_hal_dac.o
                0x080030f4                HAL_DAC_Init
 .text.HAL_DAC_ConfigChannel
                0x08003118       0x62 build/debug/stm32f4xx_hal_dac.o
                0x08003118                HAL_DAC_ConfigChannel
 *fill*         0x0800317a        0x2 
 .text.DMA_CalcBaseAndBitshift
                0x0800317c       0x3c build/debug/stm32f4xx_hal_dma.o
 .text.DMA_CheckFifoParam
                0x080031b8       0x8e build/debug/stm32f4xx_hal_dma.o
 *fill*         0x08003246        0x2 
 .text.HAL_DMA_Init
                0x08003248       0xcc build/debug/stm32f4xx_hal_dma.o
                0x08003248                HAL_DMA_Init
 .text.HAL_DMA_Abort
                0x08003314       0x92 build/debug/stm32f4xx_hal_dma.o
                0x08003314                HAL_DMA_Abort
 .text.HAL_DMA_Abort_IT
                0x080033a6       0x24 build/debug/stm32f4xx_hal_dma.o
                0x080033a6                HAL_DMA_Abort_IT
 *fill*         0x080033ca        0x2 
 .text.HAL_DMA_IRQHandler
                0x080033cc      0x1dc build/debug/stm32f4xx_hal_dma.o
                0x080033cc                HAL_DMA_IRQHandler
 .text.HAL_GPIO_Init
                0x080035a8      0x1ec build/debug/stm32f4xx_hal_gpio.o
                0x080035a8                HAL_GPIO_Init
 .text.HAL_GPIO_ReadPin
                0x08003794        0xe build/debug/stm32f4xx_hal_gpio.o
                0x08003794                HAL_GPIO_ReadPin
 .text.HAL_GPIO_WritePin
                0x080037a2        0xc build/debug/stm32f4xx_hal_gpio.o
                0x080037a2                HAL_GPIO_WritePin
 *fill*         0x080037ae        0x2 
 .text.HAL_I2C_Init
                0x080037b0      0x1bc build/debug/stm32f4xx_hal_i2c.o
                0x080037b0                HAL_I2C_Init
 .text.HAL_MspInit
                0x0800396c       0x44 build/debug/stm32f4xx_hal_msp.o
                0x0800396c                HAL_MspInit
 .text.HAL_RCC_OscConfig
                0x080039b0      0x3f8 build/debug/stm32f4xx_hal_rcc.o
                0x080039b0                HAL_RCC_OscConfig
 .text.HAL_RCC_GetSysClockFreq
                0x08003da8       0xdc build/debug/stm32f4xx_hal_rcc.o
                0x08003da8                HAL_RCC_GetSysClockFreq
 .text.HAL_RCC_ClockConfig
                0x08003e84      0x160 build/debug/stm32f4xx_hal_rcc.o
                0x08003e84                HAL_RCC_ClockConfig
 .text.HAL_RCC_GetHCLKFreq
                0x08003fe4        0xc build/debug/stm32f4xx_hal_rcc.o
                0x08003fe4                HAL_RCC_GetHCLKFreq
 .text.HAL_RCC_GetPCLK1Freq
                0x08003ff0       0x20 build/debug/stm32f4xx_hal_rcc.o
                0x08003ff0                HAL_RCC_GetPCLK1Freq
 .text.HAL_RCC_GetPCLK2Freq
                0x08004010       0x20 build/debug/stm32f4xx_hal_rcc.o
                0x08004010                HAL_RCC_GetPCLK2Freq
 .text.HAL_RCC_GetClockConfig
                0x08004030       0x3c build/debug/stm32f4xx_hal_rcc.o
                0x08004030                HAL_RCC_GetClockConfig
 .text.HAL_RCCEx_PeriphCLKConfig
                0x0800406c      0x154 build/debug/stm32f4xx_hal_rcc_ex.o
                0x0800406c                HAL_RCCEx_PeriphCLKConfig
 .text.HAL_RTC_WaitForSynchro
                0x080041c0       0x34 build/debug/stm32f4xx_hal_rtc.o
                0x080041c0                HAL_RTC_WaitForSynchro
 .text.RTC_EnterInitMode
                0x080041f4       0x46 build/debug/stm32f4xx_hal_rtc.o
                0x080041f4                RTC_EnterInitMode
 .text.RTC_ExitInitMode
                0x0800423a       0x2a build/debug/stm32f4xx_hal_rtc.o
                0x0800423a                RTC_ExitInitMode
 .text.HAL_RTC_Init
                0x08004264       0x9e build/debug/stm32f4xx_hal_rtc.o
                0x08004264                HAL_RTC_Init
 .text.RTC_ByteToBcd2
                0x08004302       0x16 build/debug/stm32f4xx_hal_rtc.o
                0x08004302                RTC_ByteToBcd2
 .text.HAL_RTC_SetTime
                0x08004318       0xc0 build/debug/stm32f4xx_hal_rtc.o
                0x08004318                HAL_RTC_SetTime
 .text.HAL_RTC_SetDate
                0x080043d8       0x9c build/debug/stm32f4xx_hal_rtc.o
                0x080043d8                HAL_RTC_SetDate
 .text.HAL_RTC_SetAlarm
                0x08004474      0x178 build/debug/stm32f4xx_hal_rtc.o
                0x08004474                HAL_RTC_SetAlarm
 .text.HAL_SPI_Init
                0x080045ec       0xbe build/debug/stm32f4xx_hal_spi.o
                0x080045ec                HAL_SPI_Init
 *fill*         0x080046aa        0x2 
 .text.TIM_OC1_SetConfig
                0x080046ac       0x70 build/debug/stm32f4xx_hal_tim.o
 .text.TIM_OC3_SetConfig
                0x0800471c       0x70 build/debug/stm32f4xx_hal_tim.o
 .text.TIM_OC4_SetConfig
                0x0800478c       0x50 build/debug/stm32f4xx_hal_tim.o
 .text.TIM_TI1_ConfigInputStage
                0x080047dc       0x26 build/debug/stm32f4xx_hal_tim.o
 .text.TIM_TI2_ConfigInputStage
                0x08004802       0x28 build/debug/stm32f4xx_hal_tim.o
 .text.TIM_ITRx_SetConfig
                0x0800482a       0x10 build/debug/stm32f4xx_hal_tim.o
 *fill*         0x0800483a        0x2 
 .text.HAL_TIM_Base_Start_IT
                0x0800483c       0x84 build/debug/stm32f4xx_hal_tim.o
                0x0800483c                HAL_TIM_Base_Start_IT
 .text.HAL_TIM_PWM_MspInit
                0x080048c0        0x2 build/debug/stm32f4xx_hal_tim.o
                0x080048c0                HAL_TIM_PWM_MspInit
 .text.HAL_TIM_OC_DelayElapsedCallback
                0x080048c2        0x2 build/debug/stm32f4xx_hal_tim.o
                0x080048c2                HAL_TIM_OC_DelayElapsedCallback
 .text.HAL_TIM_IC_CaptureCallback
                0x080048c4        0x2 build/debug/stm32f4xx_hal_tim.o
                0x080048c4                HAL_TIM_IC_CaptureCallback
 .text.HAL_TIM_PWM_PulseFinishedCallback
                0x080048c6        0x2 build/debug/stm32f4xx_hal_tim.o
                0x080048c6                HAL_TIM_PWM_PulseFinishedCallback
 .text.HAL_TIM_TriggerCallback
                0x080048c8        0x2 build/debug/stm32f4xx_hal_tim.o
                0x080048c8                HAL_TIM_TriggerCallback
 .text.HAL_TIM_IRQHandler
                0x080048ca      0x15e build/debug/stm32f4xx_hal_tim.o
                0x080048ca                HAL_TIM_IRQHandler
 .text.TIM_Base_SetConfig
                0x08004a28       0xd0 build/debug/stm32f4xx_hal_tim.o
                0x08004a28                TIM_Base_SetConfig
 .text.HAL_TIM_Base_Init
                0x08004af8       0x58 build/debug/stm32f4xx_hal_tim.o
                0x08004af8                HAL_TIM_Base_Init
 .text.HAL_TIM_PWM_Init
                0x08004b50       0x58 build/debug/stm32f4xx_hal_tim.o
                0x08004b50                HAL_TIM_PWM_Init
 .text.TIM_OC2_SetConfig
                0x08004ba8       0x70 build/debug/stm32f4xx_hal_tim.o
                0x08004ba8                TIM_OC2_SetConfig
 .text.HAL_TIM_PWM_ConfigChannel
                0x08004c18       0xdc build/debug/stm32f4xx_hal_tim.o
                0x08004c18                HAL_TIM_PWM_ConfigChannel
 .text.TIM_ETR_SetConfig
                0x08004cf4       0x1a build/debug/stm32f4xx_hal_tim.o
                0x08004cf4                TIM_ETR_SetConfig
 .text.HAL_TIM_ConfigClockSource
                0x08004d0e       0xfe build/debug/stm32f4xx_hal_tim.o
                0x08004d0e                HAL_TIM_ConfigClockSource
 .text.HAL_TIMEx_MasterConfigSynchronization
                0x08004e0c       0x8c build/debug/stm32f4xx_hal_tim_ex.o
                0x08004e0c                HAL_TIMEx_MasterConfigSynchronization
 .text.HAL_TIMEx_CommutCallback
                0x08004e98        0x2 build/debug/stm32f4xx_hal_tim_ex.o
                0x08004e98                HAL_TIMEx_CommutCallback
 .text.HAL_TIMEx_BreakCallback
                0x08004e9a        0x2 build/debug/stm32f4xx_hal_tim_ex.o
                0x08004e9a                HAL_TIMEx_BreakCallback
 .text.HAL_InitTick
                0x08004e9c       0xa4 build/debug/stm32f4xx_hal_timebase_tim.o
                0x08004e9c                HAL_InitTick
 .text.UART_EndRxTransfer
                0x08004f40       0x5c build/debug/stm32f4xx_hal_uart.o
 .text.UART_Transmit_IT
                0x08004f9c       0x5e build/debug/stm32f4xx_hal_uart.o
 *fill*         0x08004ffa        0x2 
 .text.UART_SetConfig
                0x08004ffc      0x110 build/debug/stm32f4xx_hal_uart.o
 .text.UART_WaitOnFlagUntilTimeout
                0x0800510c       0x86 build/debug/stm32f4xx_hal_uart.o
 .text.HAL_UART_Init
                0x08005192       0x60 build/debug/stm32f4xx_hal_uart.o
                0x08005192                HAL_UART_Init
 .text.HAL_UART_Transmit
                0x080051f2       0xca build/debug/stm32f4xx_hal_uart.o
                0x080051f2                HAL_UART_Transmit
 .text.HAL_UART_TxCpltCallback
                0x080052bc        0x2 build/debug/stm32f4xx_hal_uart.o
                0x080052bc                HAL_UART_TxCpltCallback
 .text.UART_EndTransmit_IT
                0x080052be       0x1a build/debug/stm32f4xx_hal_uart.o
 .text.HAL_UART_RxCpltCallback
                0x080052d8        0x2 build/debug/stm32f4xx_hal_uart.o
                0x080052d8                HAL_UART_RxCpltCallback
 .text.HAL_UART_ErrorCallback
                0x080052da        0x2 build/debug/stm32f4xx_hal_uart.o
                0x080052da                HAL_UART_ErrorCallback
 .text.UART_DMAAbortOnError
                0x080052dc        0xe build/debug/stm32f4xx_hal_uart.o
 .text.UART_Receive_IT
                0x080052ea       0xe4 build/debug/stm32f4xx_hal_uart.o
 *fill*         0x080053ce        0x2 
 .text.HAL_UART_IRQHandler
                0x080053d0      0x2a0 build/debug/stm32f4xx_hal_uart.o
                0x080053d0                HAL_UART_IRQHandler
 .text.UART_Start_Receive_IT
                0x08005670       0x36 build/debug/stm32f4xx_hal_uart.o
                0x08005670                UART_Start_Receive_IT
 .text.HAL_UARTEx_ReceiveToIdle_IT
                0x080056a6       0x64 build/debug/stm32f4xx_hal_uart.o
                0x080056a6                HAL_UARTEx_ReceiveToIdle_IT
 .text.NMI_Handler
                0x0800570a        0x2 build/debug/stm32f4xx_it.o
                0x0800570a                NMI_Handler
 .text.HardFault_Handler
                0x0800570c        0x2 build/debug/stm32f4xx_it.o
                0x0800570c                HardFault_Handler
 .text.MemManage_Handler
                0x0800570e        0x2 build/debug/stm32f4xx_it.o
                0x0800570e                MemManage_Handler
 .text.BusFault_Handler
                0x08005710        0x2 build/debug/stm32f4xx_it.o
                0x08005710                BusFault_Handler
 .text.UsageFault_Handler
                0x08005712        0x2 build/debug/stm32f4xx_it.o
                0x08005712                UsageFault_Handler
 .text.DebugMon_Handler
                0x08005714        0x2 build/debug/stm32f4xx_it.o
                0x08005714                DebugMon_Handler
 *fill*         0x08005716        0x2 
 .text.DMA1_Stream5_IRQHandler
                0x08005718       0x10 build/debug/stm32f4xx_it.o
                0x08005718                DMA1_Stream5_IRQHandler
 .text.TIM3_IRQHandler
                0x08005728       0x10 build/debug/stm32f4xx_it.o
                0x08005728                TIM3_IRQHandler
 .text.USART1_IRQHandler
                0x08005738       0x10 build/debug/stm32f4xx_it.o
                0x08005738                USART1_IRQHandler
 .text.TIM8_UP_TIM13_IRQHandler
                0x08005748       0x10 build/debug/stm32f4xx_it.o
                0x08005748                TIM8_UP_TIM13_IRQHandler
 .text.TIM7_IRQHandler
                0x08005758       0x10 build/debug/stm32f4xx_it.o
                0x08005758                TIM7_IRQHandler
 .text.DMA2_Stream0_IRQHandler
                0x08005768       0x10 build/debug/stm32f4xx_it.o
                0x08005768                DMA2_Stream0_IRQHandler
 .text.DMA2_Stream1_IRQHandler
                0x08005778       0x10 build/debug/stm32f4xx_it.o
                0x08005778                DMA2_Stream1_IRQHandler
 .text.DMA2_Stream2_IRQHandler
                0x08005788       0x10 build/debug/stm32f4xx_it.o
                0x08005788                DMA2_Stream2_IRQHandler
 .text.DMA2_Stream6_IRQHandler
                0x08005798       0x10 build/debug/stm32f4xx_it.o
                0x08005798                DMA2_Stream6_IRQHandler
 .text.DMA2_Stream7_IRQHandler
                0x080057a8       0x10 build/debug/stm32f4xx_it.o
                0x080057a8                DMA2_Stream7_IRQHandler
 .text.USART6_IRQHandler
                0x080057b8       0x10 build/debug/stm32f4xx_it.o
                0x080057b8                USART6_IRQHandler
 .text._getpid  0x080057c8        0x4 build/debug/syscalls.o
                0x080057c8                _getpid
 .text._kill    0x080057cc       0x10 build/debug/syscalls.o
                0x080057cc                _kill
 .text._exit    0x080057dc        0xc build/debug/syscalls.o
                0x080057dc                _exit
 .text._read    0x080057e8       0x20 build/debug/syscalls.o
                0x080057e8                _read
 .text._close   0x08005808        0x6 build/debug/syscalls.o
                0x08005808                _close
 .text._fstat   0x0800580e        0xa build/debug/syscalls.o
                0x0800580e                _fstat
 .text._isatty  0x08005818        0x4 build/debug/syscalls.o
                0x08005818                _isatty
 .text._lseek   0x0800581c        0x4 build/debug/syscalls.o
                0x0800581c                _lseek
 .text._sbrk    0x08005820       0x48 build/debug/sysmem.o
                0x08005820                _sbrk
 .text.SystemInit
                0x08005868       0x14 build/debug/system_stm32f4xx.o
                0x08005868                SystemInit
 .text.prvResetNextTaskUnblockTime
                0x0800587c       0x2c build/debug/tasks.o
 .text.prvInitialiseNewTask
                0x080058a8       0xa2 build/debug/tasks.o
 *fill*         0x0800594a        0x2 
 .text.prvInitialiseTaskLists
                0x0800594c       0x68 build/debug/tasks.o
 .text.prvAddNewTaskToReadyList
                0x080059b4       0xac build/debug/tasks.o
 .text.prvDeleteTCB
                0x08005a60       0x38 build/debug/tasks.o
 .text.prvCheckTasksWaitingTermination
                0x08005a98       0x4c build/debug/tasks.o
 .text.prvIdleTask
                0x08005ae4       0x28 build/debug/tasks.o
 .text.prvAddCurrentTaskToDelayedList
                0x08005b0c       0x7c build/debug/tasks.o
 .text.xTaskCreateStatic
                0x08005b88       0x76 build/debug/tasks.o
                0x08005b88                xTaskCreateStatic
 .text.xTaskCreate
                0x08005bfe       0x64 build/debug/tasks.o
                0x08005bfe                xTaskCreate
 *fill*         0x08005c62        0x2 
 .text.vTaskStartScheduler
                0x08005c64       0x98 build/debug/tasks.o
                0x08005c64                vTaskStartScheduler
 .text.vTaskSuspendAll
                0x08005cfc       0x10 build/debug/tasks.o
                0x08005cfc                vTaskSuspendAll
 .text.xTaskGetTickCount
                0x08005d0c        0xc build/debug/tasks.o
                0x08005d0c                xTaskGetTickCount
 .text.xTaskIncrementTick
                0x08005d18      0x118 build/debug/tasks.o
                0x08005d18                xTaskIncrementTick
 .text.xTaskResumeAll
                0x08005e30       0xf8 build/debug/tasks.o
                0x08005e30                xTaskResumeAll
 .text.vTaskDelay
                0x08005f28       0x4c build/debug/tasks.o
                0x08005f28                vTaskDelay
 .text.vTaskSwitchContext
                0x08005f74       0x98 build/debug/tasks.o
                0x08005f74                vTaskSwitchContext
 .text.vTaskPlaceOnEventList
                0x0800600c       0x30 build/debug/tasks.o
                0x0800600c                vTaskPlaceOnEventList
 .text.vTaskPlaceOnEventListRestricted
                0x0800603c       0x38 build/debug/tasks.o
                0x0800603c                vTaskPlaceOnEventListRestricted
 .text.xTaskRemoveFromEventList
                0x08006074       0x8c build/debug/tasks.o
                0x08006074                xTaskRemoveFromEventList
 .text.vTaskInternalSetTimeOutState
                0x08006100       0x18 build/debug/tasks.o
                0x08006100                vTaskInternalSetTimeOutState
 .text.xTaskCheckForTimeOut
                0x08006118       0x88 build/debug/tasks.o
                0x08006118                xTaskCheckForTimeOut
 .text.vTaskMissedYield
                0x080061a0        0xc build/debug/tasks.o
                0x080061a0                vTaskMissedYield
 .text.xTaskGetSchedulerState
                0x080061ac       0x20 build/debug/tasks.o
                0x080061ac                xTaskGetSchedulerState
 .text.xTaskPriorityDisinherit
                0x080061cc       0x90 build/debug/tasks.o
                0x080061cc                xTaskPriorityDisinherit
 .text.MX_TIM2_Init
                0x0800625c       0x70 build/debug/tim.o
                0x0800625c                MX_TIM2_Init
 .text.MX_TIM8_Init
                0x080062cc       0x70 build/debug/tim.o
                0x080062cc                MX_TIM8_Init
 .text.HAL_TIM_Base_MspInit
                0x0800633c       0x94 build/debug/tim.o
                0x0800633c                HAL_TIM_Base_MspInit
 .text.HAL_TIM_MspPostInit
                0x080063d0       0x58 build/debug/tim.o
                0x080063d0                HAL_TIM_MspPostInit
 .text.MX_TIM3_Init
                0x08006428       0xb4 build/debug/tim.o
                0x08006428                MX_TIM3_Init
 .text.prvGetNextExpireTime
                0x080064dc       0x20 build/debug/timers.o
 .text.prvInsertTimerInActiveList
                0x080064fc       0x48 build/debug/timers.o
 .text.prvCheckForValidListAndQueue
                0x08006544       0x70 build/debug/timers.o
 .text.xTimerCreateTimerTask
                0x080065b4       0x64 build/debug/timers.o
                0x080065b4                xTimerCreateTimerTask
 .text.xTimerGenericCommand
                0x08006618       0x6c build/debug/timers.o
                0x08006618                xTimerGenericCommand
 .text.prvSwitchTimerLists
                0x08006684       0x7c build/debug/timers.o
 .text.prvSampleTimeNow
                0x08006700       0x2c build/debug/timers.o
 .text.prvProcessExpiredTimer
                0x0800672c       0x6c build/debug/timers.o
 .text.prvProcessTimerOrBlockTask
                0x08006798       0x74 build/debug/timers.o
 .text.prvProcessReceivedCommands
                0x0800680c      0x10c build/debug/timers.o
 .text.prvTimerTask
                0x08006918       0x16 build/debug/timers.o
 *fill*         0x0800692e        0x2 
 .text.FindInstance
                0x08006930       0x30 build/debug/uart_drv.o
 .text._write   0x08006960       0x28 build/debug/uart_drv.o
                0x08006960                _write
 .text.UartDrv_Init
                0x08006988       0x3c build/debug/uart_drv.o
                0x08006988                UartDrv_Init
 .text.UartDrv_RxEventDispatch
                0x080069c4       0x7a build/debug/uart_drv.o
                0x080069c4                UartDrv_RxEventDispatch
 *fill*         0x08006a3e        0x2 
 .text.UartDrv_SetDebugPort
                0x08006a40        0xc build/debug/uart_drv.o
                0x08006a40                UartDrv_SetDebugPort
 .text.UartDrv_OnRxEvent
                0x08006a4c        0x2 build/debug/uart_drv.o
                0x08006a4c                UartDrv_OnRxEvent
 .text.HAL_UARTEx_RxEventCallback
                0x08006a4e       0x14 build/debug/uart_drv.o
                0x08006a4e                HAL_UARTEx_RxEventCallback
 *fill*         0x08006a62        0x2 
 .text.MX_USART1_UART_Init
                0x08006a64       0x34 build/debug/usart.o
                0x08006a64                MX_USART1_UART_Init
 .text.MX_USART6_UART_Init
                0x08006a98       0x34 build/debug/usart.o
                0x08006a98                MX_USART6_UART_Init
 .text.HAL_UART_MspInit
                0x08006acc      0x1d8 build/debug/usart.o
                0x08006acc                HAL_UART_MspInit
 .text.Reset_Handler
                0x08006ca4       0x50 build/debug/startup_stm32f407xx.o
                0x08006ca4                Reset_Handler
 .text.Default_Handler
                0x08006cf4        0x2 build/debug/startup_stm32f407xx.o
                0x08006cf4                RTC_Alarm_IRQHandler
                0x08006cf4                HASH_RNG_IRQHandler
                0x08006cf4                EXTI2_IRQHandler
                0x08006cf4                TIM8_CC_IRQHandler
                0x08006cf4                TIM1_CC_IRQHandler
                0x08006cf4                DMA2_Stream5_IRQHandler
                0x08006cf4                PVD_IRQHandler
                0x08006cf4                SDIO_IRQHandler
                0x08006cf4                TAMP_STAMP_IRQHandler
                0x08006cf4                CAN2_RX1_IRQHandler
                0x08006cf4                EXTI3_IRQHandler
                0x08006cf4                TIM8_TRG_COM_TIM14_IRQHandler
                0x08006cf4                TIM1_UP_TIM10_IRQHandler
                0x08006cf4                I2C3_ER_IRQHandler
                0x08006cf4                EXTI0_IRQHandler
                0x08006cf4                I2C2_EV_IRQHandler
                0x08006cf4                DMA1_Stream2_IRQHandler
                0x08006cf4                CAN1_RX0_IRQHandler
                0x08006cf4                FPU_IRQHandler
                0x08006cf4                OTG_HS_WKUP_IRQHandler
                0x08006cf4                CAN2_SCE_IRQHandler
                0x08006cf4                SPI1_IRQHandler
                0x08006cf4                TIM6_DAC_IRQHandler
                0x08006cf4                TIM1_BRK_TIM9_IRQHandler
                0x08006cf4                DCMI_IRQHandler
                0x08006cf4                CAN2_RX0_IRQHandler
                0x08006cf4                DMA2_Stream3_IRQHandler
                0x08006cf4                USART3_IRQHandler
                0x08006cf4                CAN1_RX1_IRQHandler
                0x08006cf4                UART5_IRQHandler
                0x08006cf4                TIM4_IRQHandler
                0x08006cf4                I2C1_EV_IRQHandler
                0x08006cf4                DMA1_Stream6_IRQHandler
                0x08006cf4                DMA1_Stream1_IRQHandler
                0x08006cf4                UART4_IRQHandler
                0x08006cf4                RCC_IRQHandler
                0x08006cf4                TIM8_BRK_TIM12_IRQHandler
                0x08006cf4                Default_Handler
                0x08006cf4                EXTI15_10_IRQHandler
                0x08006cf4                ADC_IRQHandler
                0x08006cf4                DMA1_Stream7_IRQHandler
                0x08006cf4                CAN2_TX_IRQHandler
                0x08006cf4                TIM5_IRQHandler
                0x08006cf4                I2C3_EV_IRQHandler
                0x08006cf4                EXTI9_5_IRQHandler
                0x08006cf4                RTC_WKUP_IRQHandler
                0x08006cf4                ETH_WKUP_IRQHandler
                0x08006cf4                SPI2_IRQHandler
                0x08006cf4                OTG_HS_EP1_IN_IRQHandler
                0x08006cf4                DMA1_Stream0_IRQHandler
                0x08006cf4                CAN1_TX_IRQHandler
                0x08006cf4                EXTI4_IRQHandler
                0x08006cf4                FSMC_IRQHandler
                0x08006cf4                ETH_IRQHandler
                0x08006cf4                OTG_HS_EP1_OUT_IRQHandler
                0x08006cf4                WWDG_IRQHandler
                0x08006cf4                TIM2_IRQHandler
                0x08006cf4                OTG_FS_WKUP_IRQHandler
                0x08006cf4                TIM1_TRG_COM_TIM11_IRQHandler
                0x08006cf4                OTG_HS_IRQHandler
                0x08006cf4                EXTI1_IRQHandler
                0x08006cf4                USART2_IRQHandler
                0x08006cf4                I2C2_ER_IRQHandler
                0x08006cf4                CAN1_SCE_IRQHandler
                0x08006cf4                FLASH_IRQHandler
                0x08006cf4                DMA2_Stream4_IRQHandler
                0x08006cf4                OTG_FS_IRQHandler
                0x08006cf4                SPI3_IRQHandler
                0x08006cf4                DMA1_Stream4_IRQHandler
                0x08006cf4                I2C1_ER_IRQHandler
                0x08006cf4                DMA1_Stream3_IRQHandler
 .text.__cvt    0x08006cf6       0xca C:/STM32/arm-none-eabi-gcc/14.2.1-1.1.1/.content/bin/../lib/gcc/arm-none-eabi/14.2.1/../../../../arm-none-eabi/lib/thumb/v7e-m+fp/hard\libc_nano.a(libc_a-nano-vfprintf_float.o)
                0x08006cf6                __cvt
 .text.__exponent
                0x08006dc0       0x74 C:/STM32/arm-none-eabi-gcc/14.2.1-1.1.1/.content/bin/../lib/gcc/arm-none-eabi/14.2.1/../../../../arm-none-eabi/lib/thumb/v7e-m+fp/hard\libc_nano.a(libc_a-nano-vfprintf_float.o)
                0x08006dc0                __exponent
 .text._printf_float
                0x08006e34      0x450 C:/STM32/arm-none-eabi-gcc/14.2.1-1.1.1/.content/bin/../lib/gcc/arm-none-eabi/14.2.1/../../../../arm-none-eabi/lib/thumb/v7e-m+fp/hard\libc_nano.a(libc_a-nano-vfprintf_float.o)
                0x08006e34                _printf_float
 .text._printf_common
                0x08007284       0xda C:/STM32/arm-none-eabi-gcc/14.2.1-1.1.1/.content/bin/../lib/gcc/arm-none-eabi/14.2.1/../../../../arm-none-eabi/lib/thumb/v7e-m+fp/hard\libc_nano.a(libc_a-nano-vfprintf_i.o)
                0x08007284                _printf_common
 *fill*         0x0800735e        0x2 
 .text._printf_i
                0x08007360      0x240 C:/STM32/arm-none-eabi-gcc/14.2.1-1.1.1/.content/bin/../lib/gcc/arm-none-eabi/14.2.1/../../../../arm-none-eabi/lib/thumb/v7e-m+fp/hard\libc_nano.a(libc_a-nano-vfprintf_i.o)
                0x08007360                _printf_i
 .text.std      0x080075a0       0x6c C:/STM32/arm-none-eabi-gcc/14.2.1-1.1.1/.content/bin/../lib/gcc/arm-none-eabi/14.2.1/../../../../arm-none-eabi/lib/thumb/v7e-m+fp/hard\libc_nano.a(libc_a-findfp.o)
 .text.stdio_exit_handler
                0x0800760c       0x18 C:/STM32/arm-none-eabi-gcc/14.2.1-1.1.1/.content/bin/../lib/gcc/arm-none-eabi/14.2.1/../../../../arm-none-eabi/lib/thumb/v7e-m+fp/hard\libc_nano.a(libc_a-findfp.o)
 .text.cleanup_stdio
                0x08007624       0x40 C:/STM32/arm-none-eabi-gcc/14.2.1-1.1.1/.content/bin/../lib/gcc/arm-none-eabi/14.2.1/../../../../arm-none-eabi/lib/thumb/v7e-m+fp/hard\libc_nano.a(libc_a-findfp.o)
 .text.global_stdio_init.part.0
                0x08007664       0x40 C:/STM32/arm-none-eabi-gcc/14.2.1-1.1.1/.content/bin/../lib/gcc/arm-none-eabi/14.2.1/../../../../arm-none-eabi/lib/thumb/v7e-m+fp/hard\libc_nano.a(libc_a-findfp.o)
 .text.__sfp_lock_acquire
                0x080076a4        0xc C:/STM32/arm-none-eabi-gcc/14.2.1-1.1.1/.content/bin/../lib/gcc/arm-none-eabi/14.2.1/../../../../arm-none-eabi/lib/thumb/v7e-m+fp/hard\libc_nano.a(libc_a-findfp.o)
                0x080076a4                __sfp_lock_acquire
 .text.__sfp_lock_release
                0x080076b0        0xc C:/STM32/arm-none-eabi-gcc/14.2.1-1.1.1/.content/bin/../lib/gcc/arm-none-eabi/14.2.1/../../../../arm-none-eabi/lib/thumb/v7e-m+fp/hard\libc_nano.a(libc_a-findfp.o)
                0x080076b0                __sfp_lock_release
 .text.__sinit  0x080076bc       0x30 C:/STM32/arm-none-eabi-gcc/14.2.1-1.1.1/.content/bin/../lib/gcc/arm-none-eabi/14.2.1/../../../../arm-none-eabi/lib/thumb/v7e-m+fp/hard\libc_nano.a(libc_a-findfp.o)
                0x080076bc                __sinit
 .text._fwalk_sglue
                0x080076ec       0x3c C:/STM32/arm-none-eabi-gcc/14.2.1-1.1.1/.content/bin/../lib/gcc/arm-none-eabi/14.2.1/../../../../arm-none-eabi/lib/thumb/v7e-m+fp/hard\libc_nano.a(libc_a-fwalk.o)
                0x080076ec                _fwalk_sglue
 .text.printf   0x08007728       0x24 C:/STM32/arm-none-eabi-gcc/14.2.1-1.1.1/.content/bin/../lib/gcc/arm-none-eabi/14.2.1/../../../../arm-none-eabi/lib/thumb/v7e-m+fp/hard\libc_nano.a(libc_a-printf.o)
                0x08007728                iprintf
                0x08007728                printf
 .text._puts_r  0x0800774c       0xaa C:/STM32/arm-none-eabi-gcc/14.2.1-1.1.1/.content/bin/../lib/gcc/arm-none-eabi/14.2.1/../../../../arm-none-eabi/lib/thumb/v7e-m+fp/hard\libc_nano.a(libc_a-puts.o)
                0x0800774c                _puts_r
 *fill*         0x080077f6        0x2 
 .text.puts     0x080077f8       0x10 C:/STM32/arm-none-eabi-gcc/14.2.1-1.1.1/.content/bin/../lib/gcc/arm-none-eabi/14.2.1/../../../../arm-none-eabi/lib/thumb/v7e-m+fp/hard\libc_nano.a(libc_a-puts.o)
                0x080077f8                puts
 .text.__sread  0x08007808       0x22 C:/STM32/arm-none-eabi-gcc/14.2.1-1.1.1/.content/bin/../lib/gcc/arm-none-eabi/14.2.1/../../../../arm-none-eabi/lib/thumb/v7e-m+fp/hard\libc_nano.a(libc_a-stdio.o)
                0x08007808                __sread
 .text.__swrite
                0x0800782a       0x38 C:/STM32/arm-none-eabi-gcc/14.2.1-1.1.1/.content/bin/../lib/gcc/arm-none-eabi/14.2.1/../../../../arm-none-eabi/lib/thumb/v7e-m+fp/hard\libc_nano.a(libc_a-stdio.o)
                0x0800782a                __swrite
 .text.__sseek  0x08007862       0x26 C:/STM32/arm-none-eabi-gcc/14.2.1-1.1.1/.content/bin/../lib/gcc/arm-none-eabi/14.2.1/../../../../arm-none-eabi/lib/thumb/v7e-m+fp/hard\libc_nano.a(libc_a-stdio.o)
                0x08007862                __sseek
 .text.__sclose
                0x08007888        0x8 C:/STM32/arm-none-eabi-gcc/14.2.1-1.1.1/.content/bin/../lib/gcc/arm-none-eabi/14.2.1/../../../../arm-none-eabi/lib/thumb/v7e-m+fp/hard\libc_nano.a(libc_a-stdio.o)
                0x08007888                __sclose
 .text.__swbuf_r
                0x08007890       0x7c C:/STM32/arm-none-eabi-gcc/14.2.1-1.1.1/.content/bin/../lib/gcc/arm-none-eabi/14.2.1/../../../../arm-none-eabi/lib/thumb/v7e-m+fp/hard\libc_nano.a(libc_a-wbuf.o)
                0x08007890                __swbuf_r
 .text.__swsetup_r
                0x0800790c       0xa8 C:/STM32/arm-none-eabi-gcc/14.2.1-1.1.1/.content/bin/../lib/gcc/arm-none-eabi/14.2.1/../../../../arm-none-eabi/lib/thumb/v7e-m+fp/hard\libc_nano.a(libc_a-wsetup.o)
                0x0800790c                __swsetup_r
 .text.memset   0x080079b4       0x10 C:/STM32/arm-none-eabi-gcc/14.2.1-1.1.1/.content/bin/../lib/gcc/arm-none-eabi/14.2.1/../../../../arm-none-eabi/lib/thumb/v7e-m+fp/hard\libc_nano.a(libc_a-memset.o)
                0x080079b4                memset
 .text._localeconv_r
                0x080079c4        0x8 C:/STM32/arm-none-eabi-gcc/14.2.1-1.1.1/.content/bin/../lib/gcc/arm-none-eabi/14.2.1/../../../../arm-none-eabi/lib/thumb/v7e-m+fp/hard\libc_nano.a(libc_a-localeconv.o)
                0x080079c4                _localeconv_r
 .text._close_r
                0x080079cc       0x20 C:/STM32/arm-none-eabi-gcc/14.2.1-1.1.1/.content/bin/../lib/gcc/arm-none-eabi/14.2.1/../../../../arm-none-eabi/lib/thumb/v7e-m+fp/hard\libc_nano.a(libc_a-closer.o)
                0x080079cc                _close_r
 .text._lseek_r
                0x080079ec       0x24 C:/STM32/arm-none-eabi-gcc/14.2.1-1.1.1/.content/bin/../lib/gcc/arm-none-eabi/14.2.1/../../../../arm-none-eabi/lib/thumb/v7e-m+fp/hard\libc_nano.a(libc_a-lseekr.o)
                0x080079ec                _lseek_r
 .text._read_r  0x08007a10       0x24 C:/STM32/arm-none-eabi-gcc/14.2.1-1.1.1/.content/bin/../lib/gcc/arm-none-eabi/14.2.1/../../../../arm-none-eabi/lib/thumb/v7e-m+fp/hard\libc_nano.a(libc_a-readr.o)
                0x08007a10                _read_r
 .text._write_r
                0x08007a34       0x24 C:/STM32/arm-none-eabi-gcc/14.2.1-1.1.1/.content/bin/../lib/gcc/arm-none-eabi/14.2.1/../../../../arm-none-eabi/lib/thumb/v7e-m+fp/hard\libc_nano.a(libc_a-writer.o)
                0x08007a34                _write_r
 .text.__errno  0x08007a58        0xc C:/STM32/arm-none-eabi-gcc/14.2.1-1.1.1/.content/bin/../lib/gcc/arm-none-eabi/14.2.1/../../../../arm-none-eabi/lib/thumb/v7e-m+fp/hard\libc_nano.a(libc_a-errno.o)
                0x08007a58                __errno
 .text.__libc_init_array
                0x08007a64       0x48 C:/STM32/arm-none-eabi-gcc/14.2.1-1.1.1/.content/bin/../lib/gcc/arm-none-eabi/14.2.1/../../../../arm-none-eabi/lib/thumb/v7e-m+fp/hard\libc_nano.a(libc_a-init.o)
                0x08007a64                __libc_init_array
 .text.__retarget_lock_init_recursive
                0x08007aac        0x2 C:/STM32/arm-none-eabi-gcc/14.2.1-1.1.1/.content/bin/../lib/gcc/arm-none-eabi/14.2.1/../../../../arm-none-eabi/lib/thumb/v7e-m+fp/hard\libc_nano.a(libc_a-lock.o)
                0x08007aac                __retarget_lock_init_recursive
 .text.__retarget_lock_acquire_recursive
                0x08007aae        0x2 C:/STM32/arm-none-eabi-gcc/14.2.1-1.1.1/.content/bin/../lib/gcc/arm-none-eabi/14.2.1/../../../../arm-none-eabi/lib/thumb/v7e-m+fp/hard\libc_nano.a(libc_a-lock.o)
                0x08007aae                __retarget_lock_acquire_recursive
 .text.__retarget_lock_release_recursive
                0x08007ab0        0x2 C:/STM32/arm-none-eabi-gcc/14.2.1-1.1.1/.content/bin/../lib/gcc/arm-none-eabi/14.2.1/../../../../arm-none-eabi/lib/thumb/v7e-m+fp/hard\libc_nano.a(libc_a-lock.o)
                0x08007ab0                __retarget_lock_release_recursive
 .text.memcpy   0x08007ab2       0x1c C:/STM32/arm-none-eabi-gcc/14.2.1-1.1.1/.content/bin/../lib/gcc/arm-none-eabi/14.2.1/../../../../arm-none-eabi/lib/thumb/v7e-m+fp/hard\libc_nano.a(libc_a-memcpy-stub.o)
                0x08007ab2                memcpy
 .text.quorem   0x08007ace      0x110 C:/STM32/arm-none-eabi-gcc/14.2.1-1.1.1/.content/bin/../lib/gcc/arm-none-eabi/14.2.1/../../../../arm-none-eabi/lib/thumb/v7e-m+fp/hard\libc_nano.a(libc_a-dtoa.o)
 *fill*         0x08007bde        0x2 
 .text._dtoa_r  0x08007be0      0xbc0 C:/STM32/arm-none-eabi-gcc/14.2.1-1.1.1/.content/bin/../lib/gcc/arm-none-eabi/14.2.1/../../../../arm-none-eabi/lib/thumb/v7e-m+fp/hard\libc_nano.a(libc_a-dtoa.o)
                0x08007be0                _dtoa_r
 .text._free_r  0x080087a0       0x94 C:/STM32/arm-none-eabi-gcc/14.2.1-1.1.1/.content/bin/../lib/gcc/arm-none-eabi/14.2.1/../../../../arm-none-eabi/lib/thumb/v7e-m+fp/hard\libc_nano.a(libc_a-freer.o)
                0x080087a0                _free_r
 .text.malloc   0x08008834       0x10 C:/STM32/arm-none-eabi-gcc/14.2.1-1.1.1/.content/bin/../lib/gcc/arm-none-eabi/14.2.1/../../../../arm-none-eabi/lib/thumb/v7e-m+fp/hard\libc_nano.a(libc_a-malloc.o)
                0x08008834                malloc
 .text.sbrk_aligned
                0x08008844       0x44 C:/STM32/arm-none-eabi-gcc/14.2.1-1.1.1/.content/bin/../lib/gcc/arm-none-eabi/14.2.1/../../../../arm-none-eabi/lib/thumb/v7e-m+fp/hard\libc_nano.a(libc_a-mallocr.o)
 .text._malloc_r
                0x08008888      0x100 C:/STM32/arm-none-eabi-gcc/14.2.1-1.1.1/.content/bin/../lib/gcc/arm-none-eabi/14.2.1/../../../../arm-none-eabi/lib/thumb/v7e-m+fp/hard\libc_nano.a(libc_a-mallocr.o)
                0x08008888                _malloc_r
 .text.__malloc_lock
                0x08008988        0xc C:/STM32/arm-none-eabi-gcc/14.2.1-1.1.1/.content/bin/../lib/gcc/arm-none-eabi/14.2.1/../../../../arm-none-eabi/lib/thumb/v7e-m+fp/hard\libc_nano.a(libc_a-mlock.o)
                0x08008988                __malloc_lock
 .text.__malloc_unlock
                0x08008994        0xc C:/STM32/arm-none-eabi-gcc/14.2.1-1.1.1/.content/bin/../lib/gcc/arm-none-eabi/14.2.1/../../../../arm-none-eabi/lib/thumb/v7e-m+fp/hard\libc_nano.a(libc_a-mlock.o)
                0x08008994                __malloc_unlock
 .text._Balloc  0x080089a0       0x7c C:/STM32/arm-none-eabi-gcc/14.2.1-1.1.1/.content/bin/../lib/gcc/arm-none-eabi/14.2.1/../../../../arm-none-eabi/lib/thumb/v7e-m+fp/hard\libc_nano.a(libc_a-mprec.o)
                0x080089a0                _Balloc
 .text._Bfree   0x08008a1c       0x44 C:/STM32/arm-none-eabi-gcc/14.2.1-1.1.1/.content/bin/../lib/gcc/arm-none-eabi/14.2.1/../../../../arm-none-eabi/lib/thumb/v7e-m+fp/hard\libc_nano.a(libc_a-mprec.o)
                0x08008a1c                _Bfree
 .text.__multadd
                0x08008a60       0x8c C:/STM32/arm-none-eabi-gcc/14.2.1-1.1.1/.content/bin/../lib/gcc/arm-none-eabi/14.2.1/../../../../arm-none-eabi/lib/thumb/v7e-m+fp/hard\libc_nano.a(libc_a-mprec.o)
                0x08008a60                __multadd
 .text.__hi0bits
                0x08008aec       0x3e C:/STM32/arm-none-eabi-gcc/14.2.1-1.1.1/.content/bin/../lib/gcc/arm-none-eabi/14.2.1/../../../../arm-none-eabi/lib/thumb/v7e-m+fp/hard\libc_nano.a(libc_a-mprec.o)
                0x08008aec                __hi0bits
 .text.__lo0bits
                0x08008b2a       0x5a C:/STM32/arm-none-eabi-gcc/14.2.1-1.1.1/.content/bin/../lib/gcc/arm-none-eabi/14.2.1/../../../../arm-none-eabi/lib/thumb/v7e-m+fp/hard\libc_nano.a(libc_a-mprec.o)
                0x08008b2a                __lo0bits
 .text.__i2b    0x08008b84       0x2c C:/STM32/arm-none-eabi-gcc/14.2.1-1.1.1/.content/bin/../lib/gcc/arm-none-eabi/14.2.1/../../../../arm-none-eabi/lib/thumb/v7e-m+fp/hard\libc_nano.a(libc_a-mprec.o)
                0x08008b84                __i2b
 .text.__multiply
                0x08008bb0      0x154 C:/STM32/arm-none-eabi-gcc/14.2.1-1.1.1/.content/bin/../lib/gcc/arm-none-eabi/14.2.1/../../../../arm-none-eabi/lib/thumb/v7e-m+fp/hard\libc_nano.a(libc_a-mprec.o)
                0x08008bb0                __multiply
 .text.__pow5mult
                0x08008d04       0xb8 C:/STM32/arm-none-eabi-gcc/14.2.1-1.1.1/.content/bin/../lib/gcc/arm-none-eabi/14.2.1/../../../../arm-none-eabi/lib/thumb/v7e-m+fp/hard\libc_nano.a(libc_a-mprec.o)
                0x08008d04                __pow5mult
 .text.__lshift
                0x08008dbc       0xdc C:/STM32/arm-none-eabi-gcc/14.2.1-1.1.1/.content/bin/../lib/gcc/arm-none-eabi/14.2.1/../../../../arm-none-eabi/lib/thumb/v7e-m+fp/hard\libc_nano.a(libc_a-mprec.o)
                0x08008dbc                __lshift
 .text.__mcmp   0x08008e98       0x36 C:/STM32/arm-none-eabi-gcc/14.2.1-1.1.1/.content/bin/../lib/gcc/arm-none-eabi/14.2.1/../../../../arm-none-eabi/lib/thumb/v7e-m+fp/hard\libc_nano.a(libc_a-mprec.o)
                0x08008e98                __mcmp
 *fill*         0x08008ece        0x2 
 .text.__mdiff  0x08008ed0      0x130 C:/STM32/arm-none-eabi-gcc/14.2.1-1.1.1/.content/bin/../lib/gcc/arm-none-eabi/14.2.1/../../../../arm-none-eabi/lib/thumb/v7e-m+fp/hard\libc_nano.a(libc_a-mprec.o)
                0x08008ed0                __mdiff
 .text.__d2b    0x08009000       0xb0 C:/STM32/arm-none-eabi-gcc/14.2.1-1.1.1/.content/bin/../lib/gcc/arm-none-eabi/14.2.1/../../../../arm-none-eabi/lib/thumb/v7e-m+fp/hard\libc_nano.a(libc_a-mprec.o)
                0x08009000                __d2b
 .text.__sfputc_r
                0x080090b0       0x2e C:/STM32/arm-none-eabi-gcc/14.2.1-1.1.1/.content/bin/../lib/gcc/arm-none-eabi/14.2.1/../../../../arm-none-eabi/lib/thumb/v7e-m+fp/hard\libc_nano.a(libc_a-nano-vfprintf.o)
 .text.__sfputs_r
                0x080090de       0x24 C:/STM32/arm-none-eabi-gcc/14.2.1-1.1.1/.content/bin/../lib/gcc/arm-none-eabi/14.2.1/../../../../arm-none-eabi/lib/thumb/v7e-m+fp/hard\libc_nano.a(libc_a-nano-vfprintf.o)
                0x080090de                __sfputs_r
 *fill*         0x08009102        0x2 
 .text._vfprintf_r
                0x08009104      0x230 C:/STM32/arm-none-eabi-gcc/14.2.1-1.1.1/.content/bin/../lib/gcc/arm-none-eabi/14.2.1/../../../../arm-none-eabi/lib/thumb/v7e-m+fp/hard\libc_nano.a(libc_a-nano-vfprintf.o)
                0x08009104                _vfprintf_r
                0x08009104                _vfiprintf_r
 .text.__sflush_r
                0x08009334      0x104 C:/STM32/arm-none-eabi-gcc/14.2.1-1.1.1/.content/bin/../lib/gcc/arm-none-eabi/14.2.1/../../../../arm-none-eabi/lib/thumb/v7e-m+fp/hard\libc_nano.a(libc_a-fflush.o)
                0x08009334                __sflush_r
 .text._fflush_r
                0x08009438       0x50 C:/STM32/arm-none-eabi-gcc/14.2.1-1.1.1/.content/bin/../lib/gcc/arm-none-eabi/14.2.1/../../../../arm-none-eabi/lib/thumb/v7e-m+fp/hard\libc_nano.a(libc_a-fflush.o)
                0x08009438                _fflush_r
 .text.__swhatbuf_r
                0x08009488       0x48 C:/STM32/arm-none-eabi-gcc/14.2.1-1.1.1/.content/bin/../lib/gcc/arm-none-eabi/14.2.1/../../../../arm-none-eabi/lib/thumb/v7e-m+fp/hard\libc_nano.a(libc_a-makebuf.o)
                0x08009488                __swhatbuf_r
 .text.__smakebuf_r
                0x080094d0       0x72 C:/STM32/arm-none-eabi-gcc/14.2.1-1.1.1/.content/bin/../lib/gcc/arm-none-eabi/14.2.1/../../../../arm-none-eabi/lib/thumb/v7e-m+fp/hard\libc_nano.a(libc_a-makebuf.o)
                0x080094d0                __smakebuf_r
 *fill*         0x08009542        0x2 
 .text._fstat_r
                0x08009544       0x24 C:/STM32/arm-none-eabi-gcc/14.2.1-1.1.1/.content/bin/../lib/gcc/arm-none-eabi/14.2.1/../../../../arm-none-eabi/lib/thumb/v7e-m+fp/hard\libc_nano.a(libc_a-fstatr.o)
                0x08009544                _fstat_r
 .text._isatty_r
                0x08009568       0x20 C:/STM32/arm-none-eabi-gcc/14.2.1-1.1.1/.content/bin/../lib/gcc/arm-none-eabi/14.2.1/../../../../arm-none-eabi/lib/thumb/v7e-m+fp/hard\libc_nano.a(libc_a-isattyr.o)
                0x08009568                _isatty_r
 .text._sbrk_r  0x08009588       0x20 C:/STM32/arm-none-eabi-gcc/14.2.1-1.1.1/.content/bin/../lib/gcc/arm-none-eabi/14.2.1/../../../../arm-none-eabi/lib/thumb/v7e-m+fp/hard\libc_nano.a(libc_a-sbrkr.o)
                0x08009588                _sbrk_r
 .text.__assert_func
                0x080095a8       0x3c C:/STM32/arm-none-eabi-gcc/14.2.1-1.1.1/.content/bin/../lib/gcc/arm-none-eabi/14.2.1/../../../../arm-none-eabi/lib/thumb/v7e-m+fp/hard\libc_nano.a(libc_a-assert.o)
                0x080095a8                __assert_func
 .text._calloc_r
                0x080095e4       0x28 C:/STM32/arm-none-eabi-gcc/14.2.1-1.1.1/.content/bin/../lib/gcc/arm-none-eabi/14.2.1/../../../../arm-none-eabi/lib/thumb/v7e-m+fp/hard\libc_nano.a(libc_a-callocr.o)
                0x080095e4                _calloc_r
 .text.__ascii_mbtowc
                0x0800960c       0x24 C:/STM32/arm-none-eabi-gcc/14.2.1-1.1.1/.content/bin/../lib/gcc/arm-none-eabi/14.2.1/../../../../arm-none-eabi/lib/thumb/v7e-m+fp/hard\libc_nano.a(libc_a-mbtowc_r.o)
                0x0800960c                __ascii_mbtowc
 .text.__ascii_wctomb
                0x08009630       0x1a C:/STM32/arm-none-eabi-gcc/14.2.1-1.1.1/.content/bin/../lib/gcc/arm-none-eabi/14.2.1/../../../../arm-none-eabi/lib/thumb/v7e-m+fp/hard\libc_nano.a(libc_a-wctomb_r.o)
                0x08009630                __ascii_wctomb
 *fill*         0x0800964a        0x2 
 .text.fprintf  0x0800964c       0x24 C:/STM32/arm-none-eabi-gcc/14.2.1-1.1.1/.content/bin/../lib/gcc/arm-none-eabi/14.2.1/../../../../arm-none-eabi/lib/thumb/v7e-m+fp/hard\libc_nano.a(libc_a-fprintf.o)
                0x0800964c                fiprintf
                0x0800964c                fprintf
 .text.abort    0x08009670        0xe C:/STM32/arm-none-eabi-gcc/14.2.1-1.1.1/.content/bin/../lib/gcc/arm-none-eabi/14.2.1/../../../../arm-none-eabi/lib/thumb/v7e-m+fp/hard\libc_nano.a(libc_a-abort.o)
                0x08009670                abort
 .text._raise_r
                0x0800967e       0x50 C:/STM32/arm-none-eabi-gcc/14.2.1-1.1.1/.content/bin/../lib/gcc/arm-none-eabi/14.2.1/../../../../arm-none-eabi/lib/thumb/v7e-m+fp/hard\libc_nano.a(libc_a-signal.o)
                0x0800967e                _raise_r
 *fill*         0x080096ce        0x2 
 .text.raise    0x080096d0       0x10 C:/STM32/arm-none-eabi-gcc/14.2.1-1.1.1/.content/bin/../lib/gcc/arm-none-eabi/14.2.1/../../../../arm-none-eabi/lib/thumb/v7e-m+fp/hard\libc_nano.a(libc_a-signal.o)
                0x080096d0                raise
 .text._kill_r  0x080096e0       0x24 C:/STM32/arm-none-eabi-gcc/14.2.1-1.1.1/.content/bin/../lib/gcc/arm-none-eabi/14.2.1/../../../../arm-none-eabi/lib/thumb/v7e-m+fp/hard\libc_nano.a(libc_a-signalr.o)
                0x080096e0                _kill_r
 .text._getpid_r
                0x08009704        0x4 C:/STM32/arm-none-eabi-gcc/14.2.1-1.1.1/.content/bin/../lib/gcc/arm-none-eabi/14.2.1/../../../../arm-none-eabi/lib/thumb/v7e-m+fp/hard\libc_nano.a(libc_a-signalr.o)
                0x08009704                _getpid_r
 .text.__udivmoddi4
                0x08009708      0x2f8 C:/STM32/arm-none-eabi-gcc/14.2.1-1.1.1/.content/bin/../lib/gcc/arm-none-eabi/14.2.1/thumb/v7e-m+fp/hard\libgcc.a(_udivmoddi4.o)
                0x08009708                __udivmoddi4
 *(.glue_7)
 .glue_7        0x08009a00        0x0 linker stubs
 *(.glue_7t)
 .glue_7t       0x08009a00        0x0 linker stubs
 *(.eh_frame)
 .eh_frame      0x08009a00        0x0 C:/STM32/arm-none-eabi-gcc/14.2.1-1.1.1/.content/bin/../lib/gcc/arm-none-eabi/14.2.1/thumb/v7e-m+fp/hard/crtbegin.o
 *(.init)
 .init          0x08009a00        0x4 C:/STM32/arm-none-eabi-gcc/14.2.1-1.1.1/.content/bin/../lib/gcc/arm-none-eabi/14.2.1/thumb/v7e-m+fp/hard/crti.o
                0x08009a00                _init
 .init          0x08009a04        0x8 C:/STM32/arm-none-eabi-gcc/14.2.1-1.1.1/.content/bin/../lib/gcc/arm-none-eabi/14.2.1/thumb/v7e-m+fp/hard/crtn.o
 *(.fini)
 .fini          0x08009a0c        0x4 C:/STM32/arm-none-eabi-gcc/14.2.1-1.1.1/.content/bin/../lib/gcc/arm-none-eabi/14.2.1/thumb/v7e-m+fp/hard/crti.o
                0x08009a0c                _fini
 .fini          0x08009a10        0x8 C:/STM32/arm-none-eabi-gcc/14.2.1-1.1.1/.content/bin/../lib/gcc/arm-none-eabi/14.2.1/thumb/v7e-m+fp/hard/crtn.o
                0x08009a18                        . = ALIGN (0x4)
                0x08009a18                        _etext = .

.vfp11_veneer   0x08009a18        0x0
 .vfp11_veneer  0x08009a18        0x0 linker stubs

.v4_bx          0x08009a18        0x0
 .v4_bx         0x08009a18        0x0 linker stubs

.iplt           0x08009a18        0x0
 .iplt          0x08009a18        0x0 C:/STM32/arm-none-eabi-gcc/14.2.1-1.1.1/.content/bin/../lib/gcc/arm-none-eabi/14.2.1/thumb/v7e-m+fp/hard/crtbegin.o

.rodata         0x08009a18      0x52c
                0x08009a18                        . = ALIGN (0x4)
 *(.rodata)
 *(.rodata*)
 .rodata.StartNfcTask.str1.4
                0x08009a18      0x10c build/debug/freertos.o
                                 0xe3 (size before relaxing)
 .rodata.str1.4
                0x08009b24        0x8 build/debug/freertos.o
 .rodata.nfcTask_attributes
                0x08009b24       0x24 build/debug/freertos.o
                0x08009b24                nfcTask_attributes
 .rodata.RC522_ReadAllSectors.str1.4
                0x08009b48        0x7 build/debug/rc522.o
 .rodata.s_rc522_io
                0x08009b48       0x14 build/debug/rc522_platform_stm32.o
 .rodata.flagBitshiftOffset.0
                0x08009b5c        0x8 build/debug/stm32f4xx_hal_dma.o
 .rodata.APBPrescTable
                0x08009b64        0x8 build/debug/system_stm32f4xx.o
                0x08009b64                APBPrescTable
 .rodata.AHBPrescTable
                0x08009b6c       0x10 build/debug/system_stm32f4xx.o
                0x08009b6c                AHBPrescTable
 .rodata.vTaskStartScheduler.str1.4
                0x08009b7c        0x5 build/debug/tasks.o
 .rodata.prvCheckForValidListAndQueue.str1.4
                0x08009b7c        0x5 build/debug/timers.o
 .rodata.xTimerCreateTimerTask.str1.4
                0x08009b7c        0x8 build/debug/timers.o
 .rodata._printf_float.str1.1
                0x08009b7c      0x1c5 C:/STM32/arm-none-eabi-gcc/14.2.1-1.1.1/.content/bin/../lib/gcc/arm-none-eabi/14.2.1/../../../../arm-none-eabi/lib/thumb/v7e-m+fp/hard\libc_nano.a(libc_a-nano-vfprintf_float.o)
                                 0x12 (size before relaxing)
 .rodata._printf_i.str1.1
                0x08009d41       0x22 C:/STM32/arm-none-eabi-gcc/14.2.1-1.1.1/.content/bin/../lib/gcc/arm-none-eabi/14.2.1/../../../../arm-none-eabi/lib/thumb/v7e-m+fp/hard\libc_nano.a(libc_a-nano-vfprintf_i.o)
 .rodata._dtoa_r.str1.1
                0x08009d41       0xb9 C:/STM32/arm-none-eabi-gcc/14.2.1-1.1.1/.content/bin/../lib/gcc/arm-none-eabi/14.2.1/../../../../arm-none-eabi/lib/thumb/v7e-m+fp/hard\libc_nano.a(libc_a-dtoa.o)
 .rodata._Balloc.str1.1
                0x08009d41       0x9a C:/STM32/arm-none-eabi-gcc/14.2.1-1.1.1/.content/bin/../lib/gcc/arm-none-eabi/14.2.1/../../../../arm-none-eabi/lib/thumb/v7e-m+fp/hard\libc_nano.a(libc_a-mprec.o)
 .rodata.__multadd.str1.1
                0x08009d41       0x11 C:/STM32/arm-none-eabi-gcc/14.2.1-1.1.1/.content/bin/../lib/gcc/arm-none-eabi/14.2.1/../../../../arm-none-eabi/lib/thumb/v7e-m+fp/hard\libc_nano.a(libc_a-mprec.o)
 *fill*         0x08009d41        0x3 
 .rodata.p05.0  0x08009d44        0xc C:/STM32/arm-none-eabi-gcc/14.2.1-1.1.1/.content/bin/../lib/gcc/arm-none-eabi/14.2.1/../../../../arm-none-eabi/lib/thumb/v7e-m+fp/hard\libc_nano.a(libc_a-mprec.o)
 .rodata.__mprec_bigtens
                0x08009d50       0x28 C:/STM32/arm-none-eabi-gcc/14.2.1-1.1.1/.content/bin/../lib/gcc/arm-none-eabi/14.2.1/../../../../arm-none-eabi/lib/thumb/v7e-m+fp/hard\libc_nano.a(libc_a-mprec.o)
                0x08009d50                __mprec_bigtens
 .rodata.__mprec_tens
                0x08009d78       0xc8 C:/STM32/arm-none-eabi-gcc/14.2.1-1.1.1/.content/bin/../lib/gcc/arm-none-eabi/14.2.1/../../../../arm-none-eabi/lib/thumb/v7e-m+fp/hard\libc_nano.a(libc_a-mprec.o)
                0x08009d78                __mprec_tens
 .rodata._vfprintf_r.str1.1
                0x08009e40       0x11 C:/STM32/arm-none-eabi-gcc/14.2.1-1.1.1/.content/bin/../lib/gcc/arm-none-eabi/14.2.1/../../../../arm-none-eabi/lib/thumb/v7e-m+fp/hard\libc_nano.a(libc_a-nano-vfprintf.o)
 .rodata._setlocale_r.str1.1
                0x08009e40        0x9 C:/STM32/arm-none-eabi-gcc/14.2.1-1.1.1/.content/bin/../lib/gcc/arm-none-eabi/14.2.1/../../../../arm-none-eabi/lib/thumb/v7e-m+fp/hard\libc_nano.a(libc_a-locale.o)
 .rodata.str1.1
                0x08009e40        0x2 C:/STM32/arm-none-eabi-gcc/14.2.1-1.1.1/.content/bin/../lib/gcc/arm-none-eabi/14.2.1/../../../../arm-none-eabi/lib/thumb/v7e-m+fp/hard\libc_nano.a(libc_a-locale.o)
 .rodata.__assert_func.str1.1
                0x08009e40       0x3d C:/STM32/arm-none-eabi-gcc/14.2.1-1.1.1/.content/bin/../lib/gcc/arm-none-eabi/14.2.1/../../../../arm-none-eabi/lib/thumb/v7e-m+fp/hard\libc_nano.a(libc_a-assert.o)
 .rodata._ctype_
                0x08009e40      0x101 C:/STM32/arm-none-eabi-gcc/14.2.1-1.1.1/.content/bin/../lib/gcc/arm-none-eabi/14.2.1/../../../../arm-none-eabi/lib/thumb/v7e-m+fp/hard\libc_nano.a(libc_a-ctype_.o)
                0x08009e40                _ctype_
                0x08009f44                        . = ALIGN (0x4)
 *fill*         0x08009f41        0x3 

.ARM.extab      0x08009f44        0x0
                0x08009f44                        . = ALIGN (0x4)
 *(.ARM.extab* .gnu.linkonce.armextab.*)
                0x08009f44                        . = ALIGN (0x4)

.ARM            0x08009f44        0x8
                0x08009f44                        . = ALIGN (0x4)
                0x08009f44                        __exidx_start = .
 *(.ARM.exidx*)
 .ARM.exidx     0x08009f44        0x8 C:/STM32/arm-none-eabi-gcc/14.2.1-1.1.1/.content/bin/../lib/gcc/arm-none-eabi/14.2.1/../../../../arm-none-eabi/lib/thumb/v7e-m+fp/hard\libc_nano.a(libc_a-memchr.o)
 .ARM.exidx     0x08009f4c        0x0 C:/STM32/arm-none-eabi-gcc/14.2.1-1.1.1/.content/bin/../lib/gcc/arm-none-eabi/14.2.1/../../../../arm-none-eabi/lib/thumb/v7e-m+fp/hard\libc_nano.a(libc_a-strlen.o)
                                  0x8 (size before relaxing)
 .ARM.exidx.text.__udivmoddi4
                0x08009f4c        0x0 C:/STM32/arm-none-eabi-gcc/14.2.1-1.1.1/.content/bin/../lib/gcc/arm-none-eabi/14.2.1/thumb/v7e-m+fp/hard\libgcc.a(_udivmoddi4.o)
                                  0x8 (size before relaxing)
                0x08009f4c                        __exidx_end = .
                0x08009f4c                        . = ALIGN (0x4)

.preinit_array  0x08009f4c        0x0
                0x08009f4c                        . = ALIGN (0x4)
                0x08009f4c                        PROVIDE (__preinit_array_start = .)
 *(.preinit_array*)
                0x08009f4c                        PROVIDE (__preinit_array_end = .)
                0x08009f4c                        . = ALIGN (0x4)

.init_array     0x08009f4c        0x4
                0x08009f4c                        . = ALIGN (0x4)
                0x08009f4c                        PROVIDE (__init_array_start = .)
 *(SORT_BY_NAME(.init_array.*))
 *(.init_array*)
 .init_array    0x08009f4c        0x4 C:/STM32/arm-none-eabi-gcc/14.2.1-1.1.1/.content/bin/../lib/gcc/arm-none-eabi/14.2.1/thumb/v7e-m+fp/hard/crtbegin.o
                0x08009f50                        PROVIDE (__init_array_end = .)
                0x08009f50                        . = ALIGN (0x4)

.fini_array     0x08009f50        0x4
                0x08009f50                        . = ALIGN (0x4)
                0x08009f50                        PROVIDE (__fini_array_start = .)
 *(SORT_BY_NAME(.fini_array.*))
 *(.fini_array*)
 .fini_array    0x08009f50        0x4 C:/STM32/arm-none-eabi-gcc/14.2.1-1.1.1/.content/bin/../lib/gcc/arm-none-eabi/14.2.1/thumb/v7e-m+fp/hard/crtbegin.o
                0x08009f54                        PROVIDE (__fini_array_end = .)
                0x08009f54                        . = ALIGN (0x4)
                0x08009f54                        _sidata = LOADADDR (.data)

.rel.dyn        0x08009f54        0x0
 .rel.iplt      0x08009f54        0x0 C:/STM32/arm-none-eabi-gcc/14.2.1-1.1.1/.content/bin/../lib/gcc/arm-none-eabi/14.2.1/thumb/v7e-m+fp/hard/crtbegin.o

.data           0x20000000      0x1d8 load address 0x08009f54
                0x20000000                        . = ALIGN (0x4)
                0x20000000                        _sdata = .
 *(.data)
 *(.data*)
 .data.uxCriticalNesting
                0x20000000        0x4 build/debug/port.o
 .data.uwTickFreq
                0x20000004        0x1 build/debug/stm32f4xx_hal.o
                0x20000004                uwTickFreq
 *fill*         0x20000005        0x3 
 .data.uwTickPrio
                0x20000008        0x4 build/debug/stm32f4xx_hal.o
                0x20000008                uwTickPrio
 .data.SystemCoreClock
                0x2000000c        0x4 build/debug/system_stm32f4xx.o
                0x2000000c                SystemCoreClock
 .data.__sglue  0x20000010        0xc C:/STM32/arm-none-eabi-gcc/14.2.1-1.1.1/.content/bin/../lib/gcc/arm-none-eabi/14.2.1/../../../../arm-none-eabi/lib/thumb/v7e-m+fp/hard\libc_nano.a(libc_a-findfp.o)
                0x20000010                __sglue
 .data._impure_ptr
                0x2000001c        0x4 C:/STM32/arm-none-eabi-gcc/14.2.1-1.1.1/.content/bin/../lib/gcc/arm-none-eabi/14.2.1/../../../../arm-none-eabi/lib/thumb/v7e-m+fp/hard\libc_nano.a(libc_a-impure.o)
                0x2000001c                _impure_ptr
 .data._impure_data
                0x20000020       0x4c C:/STM32/arm-none-eabi-gcc/14.2.1-1.1.1/.content/bin/../lib/gcc/arm-none-eabi/14.2.1/../../../../arm-none-eabi/lib/thumb/v7e-m+fp/hard\libc_nano.a(libc_a-impure.o)
                0x20000020                _impure_data
 .data.__global_locale
                0x2000006c      0x16c C:/STM32/arm-none-eabi-gcc/14.2.1-1.1.1/.content/bin/../lib/gcc/arm-none-eabi/14.2.1/../../../../arm-none-eabi/lib/thumb/v7e-m+fp/hard\libc_nano.a(libc_a-locale.o)
                0x2000006c                __global_locale
 *(.RamFunc)
 *(.RamFunc*)
                0x200001d8                        . = ALIGN (0x4)
                0x200001d8                        _edata = .
                0x0800a12c                        _siccmram = LOADADDR (.ccmram)

.igot.plt       0x200001d8        0x0 load address 0x0800a12c
 .igot.plt      0x200001d8        0x0 C:/STM32/arm-none-eabi-gcc/14.2.1-1.1.1/.content/bin/../lib/gcc/arm-none-eabi/14.2.1/thumb/v7e-m+fp/hard/crtbegin.o

.ccmram         0x10000000        0x0 load address 0x0800a12c
                0x10000000                        . = ALIGN (0x4)
                0x10000000                        _sccmram = .
 *(.ccmram)
 *(.ccmram*)
                0x10000000                        . = ALIGN (0x4)
                0x10000000                        _eccmram = .
                0x10000000                        . = ALIGN (0x4)

.bss            0x200001d8     0x9624
                0x200001d8                        _sbss = .
                0x200001d8                        __bss_start__ = _sbss
 *(.bss)
 *(.bss*)
 .bss.completed.1
                0x200001d8        0x1 C:/STM32/arm-none-eabi-gcc/14.2.1-1.1.1/.content/bin/../lib/gcc/arm-none-eabi/14.2.1/thumb/v7e-m+fp/hard/crtbegin.o
 *fill*         0x200001d9        0x3 
 .bss.object.0  0x200001dc       0x18 C:/STM32/arm-none-eabi-gcc/14.2.1-1.1.1/.content/bin/../lib/gcc/arm-none-eabi/14.2.1/thumb/v7e-m+fp/hard/crtbegin.o
 .bss.hdma_adc1
                0x200001f4       0x60 build/debug/adc.o
                0x200001f4                hdma_adc1
 .bss.hadc1     0x20000254       0x48 build/debug/adc.o
                0x20000254                hadc1
 .bss.Timer_Stack.0
                0x2000029c      0x400 build/debug/cmsis_os2.o
 .bss.Timer_TCB.1
                0x2000069c       0x5c build/debug/cmsis_os2.o
 .bss.Idle_Stack.2
                0x200006f8      0x200 build/debug/cmsis_os2.o
 .bss.Idle_TCB.3
                0x200008f8       0x5c build/debug/cmsis_os2.o
 .bss.KernelState
                0x20000954        0x4 build/debug/cmsis_os2.o
 .bss.hdma_dac1
                0x20000958       0x60 build/debug/dac.o
                0x20000958                hdma_dac1
 .bss.hdac      0x200009b8       0x14 build/debug/dac.o
                0x200009b8                hdac
 .bss.s_dwt_inited
                0x200009cc        0x1 build/debug/delay_us.o
 *fill*         0x200009cd        0x3 
 .bss.nfcTaskHandle
                0x200009d0        0x4 build/debug/freertos.o
                0x200009d0                nfcTaskHandle
 .bss.g_uart1Drv
                0x200009d4      0x218 build/debug/freertos.o
 .bss.xBlockAllocatedBit
                0x20000bec        0x4 build/debug/heap_4.o
 .bss.xNumberOfSuccessfulFrees
                0x20000bf0        0x4 build/debug/heap_4.o
 .bss.xNumberOfSuccessfulAllocations
                0x20000bf4        0x4 build/debug/heap_4.o
 .bss.xMinimumEverFreeBytesRemaining
                0x20000bf8        0x4 build/debug/heap_4.o
 .bss.xFreeBytesRemaining
                0x20000bfc        0x4 build/debug/heap_4.o
 .bss.pxEnd     0x20000c00        0x4 build/debug/heap_4.o
 .bss.xStart    0x20000c04        0x8 build/debug/heap_4.o
 .bss.ucHeap    0x20000c0c     0x8000 build/debug/heap_4.o
 .bss.hi2c1     0x20008c0c       0x54 build/debug/i2c.o
                0x20008c0c                hi2c1
 .bss.ulMaxPRIGROUPValue
                0x20008c60        0x4 build/debug/port.o
 .bss.ucMaxSysCallPriority
                0x20008c64        0x1 build/debug/port.o
 *fill*         0x20008c65        0x3 
 .bss.xQueueRegistry
                0x20008c68       0x40 build/debug/queue.o
                0x20008c68                xQueueRegistry
 .bss.s_io      0x20008ca8        0x4 build/debug/rc522.o
 .bss.hrtc      0x20008cac       0x20 build/debug/rtc.o
                0x20008cac                hrtc
 .bss.hspi1     0x20008ccc       0x58 build/debug/spi.o
                0x20008ccc                hspi1
 .bss.uwTick    0x20008d24        0x4 build/debug/stm32f4xx_hal.o
                0x20008d24                uwTick
 .bss.htim7     0x20008d28       0x48 build/debug/stm32f4xx_hal_timebase_tim.o
                0x20008d28                htim7
 .bss.__sbrk_heap_end
                0x20008d70        0x4 build/debug/sysmem.o
 .bss.uxSchedulerSuspended
                0x20008d74        0x4 build/debug/tasks.o
 .bss.xIdleTaskHandle
                0x20008d78        0x4 build/debug/tasks.o
 .bss.xNextTaskUnblockTime
                0x20008d7c        0x4 build/debug/tasks.o
 .bss.uxTaskNumber
                0x20008d80        0x4 build/debug/tasks.o
 .bss.xNumOfOverflows
                0x20008d84        0x4 build/debug/tasks.o
 .bss.xYieldPending
                0x20008d88        0x4 build/debug/tasks.o
 .bss.xPendedTicks
                0x20008d8c        0x4 build/debug/tasks.o
 .bss.xSchedulerRunning
                0x20008d90        0x4 build/debug/tasks.o
 .bss.uxTopReadyPriority
                0x20008d94        0x4 build/debug/tasks.o
 .bss.xTickCount
                0x20008d98        0x4 build/debug/tasks.o
 .bss.uxCurrentNumberOfTasks
                0x20008d9c        0x4 build/debug/tasks.o
 .bss.xSuspendedTaskList
                0x20008da0       0x14 build/debug/tasks.o
 .bss.uxDeletedTasksWaitingCleanUp
                0x20008db4        0x4 build/debug/tasks.o
 .bss.xTasksWaitingTermination
                0x20008db8       0x14 build/debug/tasks.o
 .bss.xPendingReadyList
                0x20008dcc       0x14 build/debug/tasks.o
 .bss.pxOverflowDelayedTaskList
                0x20008de0        0x4 build/debug/tasks.o
 .bss.pxDelayedTaskList
                0x20008de4        0x4 build/debug/tasks.o
 .bss.xDelayedTaskList2
                0x20008de8       0x14 build/debug/tasks.o
 .bss.xDelayedTaskList1
                0x20008dfc       0x14 build/debug/tasks.o
 .bss.pxReadyTasksLists
                0x20008e10      0x460 build/debug/tasks.o
 .bss.pxCurrentTCB
                0x20009270        0x4 build/debug/tasks.o
                0x20009270                pxCurrentTCB
 .bss.htim8     0x20009274       0x48 build/debug/tim.o
                0x20009274                htim8
 .bss.htim3     0x200092bc       0x48 build/debug/tim.o
                0x200092bc                htim3
 .bss.htim2     0x20009304       0x48 build/debug/tim.o
                0x20009304                htim2
 .bss.xStaticTimerQueue.0
                0x2000934c       0x50 build/debug/timers.o
 .bss.ucStaticTimerQueueStorage.1
                0x2000939c       0xa0 build/debug/timers.o
 .bss.xLastTime.2
                0x2000943c        0x4 build/debug/timers.o
 .bss.xTimerTaskHandle
                0x20009440        0x4 build/debug/timers.o
 .bss.xTimerQueue
                0x20009444        0x4 build/debug/timers.o
 .bss.pxOverflowTimerList
                0x20009448        0x4 build/debug/timers.o
 .bss.pxCurrentTimerList
                0x2000944c        0x4 build/debug/timers.o
 .bss.xActiveTimerList2
                0x20009450       0x14 build/debug/timers.o
 .bss.xActiveTimerList1
                0x20009464       0x14 build/debug/timers.o
 .bss.s_pDebugPort
                0x20009478        0x4 build/debug/uart_drv.o
 .bss.s_drvCount
                0x2000947c        0x1 build/debug/uart_drv.o
 *fill*         0x2000947d        0x3 
 .bss.s_drvInstances
                0x20009480       0x20 build/debug/uart_drv.o
 .bss.hdma_usart6_tx
                0x200094a0       0x60 build/debug/usart.o
                0x200094a0                hdma_usart6_tx
 .bss.hdma_usart6_rx
                0x20009500       0x60 build/debug/usart.o
                0x20009500                hdma_usart6_rx
 .bss.hdma_usart1_tx
                0x20009560       0x60 build/debug/usart.o
                0x20009560                hdma_usart1_tx
 .bss.hdma_usart1_rx
                0x200095c0       0x60 build/debug/usart.o
                0x200095c0                hdma_usart1_rx
 .bss.huart6    0x20009620       0x48 build/debug/usart.o
                0x20009620                huart6
 .bss.huart1    0x20009668       0x48 build/debug/usart.o
                0x20009668                huart1
 .bss.__sf      0x200096b0      0x138 C:/STM32/arm-none-eabi-gcc/14.2.1-1.1.1/.content/bin/../lib/gcc/arm-none-eabi/14.2.1/../../../../arm-none-eabi/lib/thumb/v7e-m+fp/hard\libc_nano.a(libc_a-findfp.o)
                0x200096b0                __sf
 .bss.__stdio_exit_handler
                0x200097e8        0x4 C:/STM32/arm-none-eabi-gcc/14.2.1-1.1.1/.content/bin/../lib/gcc/arm-none-eabi/14.2.1/../../../../arm-none-eabi/lib/thumb/v7e-m+fp/hard\libc_nano.a(libc_a-findfp.o)
                0x200097e8                __stdio_exit_handler
 .bss.errno     0x200097ec        0x4 C:/STM32/arm-none-eabi-gcc/14.2.1-1.1.1/.content/bin/../lib/gcc/arm-none-eabi/14.2.1/../../../../arm-none-eabi/lib/thumb/v7e-m+fp/hard\libc_nano.a(libc_a-reent.o)
                0x200097ec                errno
 .bss.__lock___malloc_recursive_mutex
                0x200097f0        0x1 C:/STM32/arm-none-eabi-gcc/14.2.1-1.1.1/.content/bin/../lib/gcc/arm-none-eabi/14.2.1/../../../../arm-none-eabi/lib/thumb/v7e-m+fp/hard\libc_nano.a(libc_a-lock.o)
                0x200097f0                __lock___malloc_recursive_mutex
 .bss.__lock___sfp_recursive_mutex
                0x200097f1        0x1 C:/STM32/arm-none-eabi-gcc/14.2.1-1.1.1/.content/bin/../lib/gcc/arm-none-eabi/14.2.1/../../../../arm-none-eabi/lib/thumb/v7e-m+fp/hard\libc_nano.a(libc_a-lock.o)
                0x200097f1                __lock___sfp_recursive_mutex
 *fill*         0x200097f2        0x2 
 .bss.__malloc_sbrk_start
                0x200097f4        0x4 C:/STM32/arm-none-eabi-gcc/14.2.1-1.1.1/.content/bin/../lib/gcc/arm-none-eabi/14.2.1/../../../../arm-none-eabi/lib/thumb/v7e-m+fp/hard\libc_nano.a(libc_a-mallocr.o)
                0x200097f4                __malloc_sbrk_start
 .bss.__malloc_free_list
                0x200097f8        0x4 C:/STM32/arm-none-eabi-gcc/14.2.1-1.1.1/.content/bin/../lib/gcc/arm-none-eabi/14.2.1/../../../../arm-none-eabi/lib/thumb/v7e-m+fp/hard\libc_nano.a(libc_a-mallocr.o)
                0x200097f8                __malloc_free_list
 *(COMMON)
                0x200097fc                        . = ALIGN (0x4)
                0x200097fc                        _ebss = .
                0x200097fc                        __bss_end__ = _ebss

._user_heap_stack
                0x200097fc      0x604
                0x20009800                        . = ALIGN (0x8)
 *fill*         0x200097fc        0x4 
                [!provide]                        PROVIDE (end = .)
                0x20009800                        PROVIDE (_end = .)
                0x20009a00                        . = (. + _Min_Heap_Size)
 *fill*         0x20009800      0x200 
                0x20009e00                        . = (. + _Min_Stack_Size)
 *fill*         0x20009a00      0x400 
                0x20009e00                        . = ALIGN (0x8)

/DISCARD/
 libc.a(*)
 libm.a(*)
 libgcc.a(*)
OUTPUT(build/debug/NFCAttend.elf elf32-littlearm)
LOAD linker stubs
LOAD C:/STM32/arm-none-eabi-gcc/14.2.1-1.1.1/.content/bin/../lib/gcc/arm-none-eabi/14.2.1/../../../../arm-none-eabi/lib/thumb/v7e-m+fp/hard\libc.a
LOAD C:/STM32/arm-none-eabi-gcc/14.2.1-1.1.1/.content/bin/../lib/gcc/arm-none-eabi/14.2.1/../../../../arm-none-eabi/lib/thumb/v7e-m+fp/hard\libm.a
LOAD C:/STM32/arm-none-eabi-gcc/14.2.1-1.1.1/.content/bin/../lib/gcc/arm-none-eabi/14.2.1/thumb/v7e-m+fp/hard\libgcc.a

.ARM.attributes
                0x00000000       0x30
 .ARM.attributes
                0x00000000       0x22 C:/STM32/arm-none-eabi-gcc/14.2.1-1.1.1/.content/bin/../lib/gcc/arm-none-eabi/14.2.1/thumb/v7e-m+fp/hard/crti.o
 .ARM.attributes
                0x00000022       0x34 C:/STM32/arm-none-eabi-gcc/14.2.1-1.1.1/.content/bin/../lib/gcc/arm-none-eabi/14.2.1/thumb/v7e-m+fp/hard/crtbegin.o
 .ARM.attributes
                0x00000056       0x34 build/debug/adc.o
 .ARM.attributes
                0x0000008a       0x34 build/debug/cmsis_os2.o
 .ARM.attributes
                0x000000be       0x34 build/debug/dac.o
 .ARM.attributes
                0x000000f2       0x34 build/debug/delay_us.o
 .ARM.attributes
                0x00000126       0x34 build/debug/dma.o
 .ARM.attributes
                0x0000015a       0x34 build/debug/freertos.o
 .ARM.attributes
                0x0000018e       0x34 build/debug/gpio.o
 .ARM.attributes
                0x000001c2       0x34 build/debug/heap_4.o
 .ARM.attributes
                0x000001f6       0x34 build/debug/i2c.o
 .ARM.attributes
                0x0000022a       0x34 build/debug/list.o
 .ARM.attributes
                0x0000025e       0x34 build/debug/main.o
 .ARM.attributes
                0x00000292       0x34 build/debug/port.o
 .ARM.attributes
                0x000002c6       0x34 build/debug/queue.o
 .ARM.attributes
                0x000002fa       0x34 build/debug/rc522.o
 .ARM.attributes
                0x0000032e       0x34 build/debug/rc522_platform_stm32.o
 .ARM.attributes
                0x00000362       0x34 build/debug/rtc.o
 .ARM.attributes
                0x00000396       0x34 build/debug/spi.o
 .ARM.attributes
                0x000003ca       0x34 build/debug/stm32f4xx_hal.o
 .ARM.attributes
                0x000003fe       0x34 build/debug/stm32f4xx_hal_adc.o
 .ARM.attributes
                0x00000432       0x34 build/debug/stm32f4xx_hal_cortex.o
 .ARM.attributes
                0x00000466       0x34 build/debug/stm32f4xx_hal_dac.o
 .ARM.attributes
                0x0000049a       0x34 build/debug/stm32f4xx_hal_dma.o
 .ARM.attributes
                0x000004ce       0x34 build/debug/stm32f4xx_hal_gpio.o
 .ARM.attributes
                0x00000502       0x34 build/debug/stm32f4xx_hal_i2c.o
 .ARM.attributes
                0x00000536       0x34 build/debug/stm32f4xx_hal_msp.o
 .ARM.attributes
                0x0000056a       0x34 build/debug/stm32f4xx_hal_rcc.o
 .ARM.attributes
                0x0000059e       0x34 build/debug/stm32f4xx_hal_rcc_ex.o
 .ARM.attributes
                0x000005d2       0x34 build/debug/stm32f4xx_hal_rtc.o
 .ARM.attributes
                0x00000606       0x34 build/debug/stm32f4xx_hal_spi.o
 .ARM.attributes
                0x0000063a       0x34 build/debug/stm32f4xx_hal_tim.o
 .ARM.attributes
                0x0000066e       0x34 build/debug/stm32f4xx_hal_tim_ex.o
 .ARM.attributes
                0x000006a2       0x34 build/debug/stm32f4xx_hal_timebase_tim.o
 .ARM.attributes
                0x000006d6       0x34 build/debug/stm32f4xx_hal_uart.o
 .ARM.attributes
                0x0000070a       0x34 build/debug/stm32f4xx_it.o
 .ARM.attributes
                0x0000073e       0x34 build/debug/syscalls.o
 .ARM.attributes
                0x00000772       0x34 build/debug/sysmem.o
 .ARM.attributes
                0x000007a6       0x34 build/debug/system_stm32f4xx.o
 .ARM.attributes
                0x000007da       0x34 build/debug/tasks.o
 .ARM.attributes
                0x0000080e       0x34 build/debug/tim.o
 .ARM.attributes
                0x00000842       0x34 build/debug/timers.o
 .ARM.attributes
                0x00000876       0x34 build/debug/uart_drv.o
 .ARM.attributes
                0x000008aa       0x34 build/debug/usart.o
 .ARM.attributes
                0x000008de       0x21 build/debug/startup_stm32f407xx.o
 .ARM.attributes
                0x000008ff       0x34 C:/STM32/arm-none-eabi-gcc/14.2.1-1.1.1/.content/bin/../lib/gcc/arm-none-eabi/14.2.1/../../../../arm-none-eabi/lib/thumb/v7e-m+fp/hard\libc_nano.a(libc_a-nano-vfprintf_float.o)
 .ARM.attributes
                0x00000933       0x34 C:/STM32/arm-none-eabi-gcc/14.2.1-1.1.1/.content/bin/../lib/gcc/arm-none-eabi/14.2.1/../../../../arm-none-eabi/lib/thumb/v7e-m+fp/hard\libc_nano.a(libc_a-nano-vfprintf_i.o)
 .ARM.attributes
                0x00000967       0x34 C:/STM32/arm-none-eabi-gcc/14.2.1-1.1.1/.content/bin/../lib/gcc/arm-none-eabi/14.2.1/../../../../arm-none-eabi/lib/thumb/v7e-m+fp/hard\libc_nano.a(libc_a-findfp.o)
 .ARM.attributes
                0x0000099b       0x34 C:/STM32/arm-none-eabi-gcc/14.2.1-1.1.1/.content/bin/../lib/gcc/arm-none-eabi/14.2.1/../../../../arm-none-eabi/lib/thumb/v7e-m+fp/hard\libc_nano.a(libc_a-fwalk.o)
 .ARM.attributes