Archive member included to satisfy reference by file (symbol)

C:/STM32/arm-none-eabi-gcc/14.2.1-1.1.1/.content/bin/../lib/gcc/arm-none-eabi/14.2.1/../../../../arm-none-eabi/lib/thumb/v7e-m+fp/hard\libc_nano.a(libc_a-atexit.o)
                              C:/STM32/arm-none-eabi-gcc/14.2.1-1.1.1/.content/bin/../lib/gcc/arm-none-eabi/14.2.1/../../../../arm-none-eabi/lib/thumb/v7e-m+fp/hard/crt0.o (atexit)
C:/STM32/arm-none-eabi-gcc/14.2.1-1.1.1/.content/bin/../lib/gcc/arm-none-eabi/14.2.1/../../../../arm-none-eabi/lib/thumb/v7e-m+fp/hard\libc_nano.a(libc_a-exit.o)
                              C:/STM32/arm-none-eabi-gcc/14.2.1-1.1.1/.content/bin/../lib/gcc/arm-none-eabi/14.2.1/../../../../arm-none-eabi/lib/thumb/v7e-m+fp/hard/crt0.o (exit)
C:/STM32/arm-none-eabi-gcc/14.2.1-1.1.1/.content/bin/../lib/gcc/arm-none-eabi/14.2.1/../../../../arm-none-eabi/lib/thumb/v7e-m+fp/hard\libc_nano.a(libc_a-nano-vfprintf_float.o)
                              build/debug/uart_drv.o (_printf_float)
C:/STM32/arm-none-eabi-gcc/14.2.1-1.1.1/.content/bin/../lib/gcc/arm-none-eabi/14.2.1/../../../../arm-none-eabi/lib/thumb/v7e-m+fp/hard\libc_nano.a(libc_a-nano-vfprintf_i.o)
                              C:/STM32/arm-none-eabi-gcc/14.2.1-1.1.1/.content/bin/../lib/gcc/arm-none-eabi/14.2.1/../../../../arm-none-eabi/lib/thumb/v7e-m+fp/hard\libc_nano.a(libc_a-nano-vfprintf_float.o) (_printf_common)
C:/STM32/arm-none-eabi-gcc/14.2.1-1.1.1/.content/bin/../lib/gcc/arm-none-eabi/14.2.1/../../../../arm-none-eabi/lib/thumb/v7e-m+fp/hard\libc_nano.a(libc_a-findfp.o)
                              C:/STM32/arm-none-eabi-gcc/14.2.1-1.1.1/.content/bin/../lib/gcc/arm-none-eabi/14.2.1/../../../../arm-none-eabi/lib/thumb/v7e-m+fp/hard\libc_nano.a(libc_a-exit.o) (__stdio_exit_handler)
C:/STM32/arm-none-eabi-gcc/14.2.1-1.1.1/.content/bin/../lib/gcc/arm-none-eabi/14.2.1/../../../../arm-none-eabi/lib/thumb/v7e-m+fp/hard\libc_nano.a(libc_a-fwalk.o)
                              C:/STM32/arm-none-eabi-gcc/14.2.1-1.1.1/.content/bin/../lib/gcc/arm-none-eabi/14.2.1/../../../../arm-none-eabi/lib/thumb/v7e-m+fp/hard\libc_nano.a(libc_a-findfp.o) (_fwalk_sglue)
C:/STM32/arm-none-eabi-gcc/14.2.1-1.1.1/.content/bin/../lib/gcc/arm-none-eabi/14.2.1/../../../../arm-none-eabi/lib/thumb/v7e-m+fp/hard\libc_nano.a(libc_a-printf.o)
                              build/debug/freertos.o (printf)
C:/STM32/arm-none-eabi-gcc/14.2.1-1.1.1/.content/bin/../lib/gcc/arm-none-eabi/14.2.1/../../../../arm-none-eabi/lib/thumb/v7e-m+fp/hard\libc_nano.a(libc_a-puts.o)
                              build/debug/freertos.o (puts)
C:/STM32/arm-none-eabi-gcc/14.2.1-1.1.1/.content/bin/../lib/gcc/arm-none-eabi/14.2.1/../../../../arm-none-eabi/lib/thumb/v7e-m+fp/hard\libc_nano.a(libc_a-sprintf.o)
                              build/debug/uart_drv.o (sprintf)
C:/STM32/arm-none-eabi-gcc/14.2.1-1.1.1/.content/bin/../lib/gcc/arm-none-eabi/14.2.1/../../../../arm-none-eabi/lib/thumb/v7e-m+fp/hard\libc_nano.a(libc_a-stdio.o)
                              C:/STM32/arm-none-eabi-gcc/14.2.1-1.1.1/.content/bin/../lib/gcc/arm-none-eabi/14.2.1/../../../../arm-none-eabi/lib/thumb/v7e-m+fp/hard\libc_nano.a(libc_a-findfp.o) (__sread)
C:/STM32/arm-none-eabi-gcc/14.2.1-1.1.1/.content/bin/../lib/gcc/arm-none-eabi/14.2.1/../../../../arm-none-eabi/lib/thumb/v7e-m+fp/hard\libc_nano.a(libc_a-wbuf.o)
                              C:/STM32/arm-none-eabi-gcc/14.2.1-1.1.1/.content/bin/../lib/gcc/arm-none-eabi/14.2.1/../../../../arm-none-eabi/lib/thumb/v7e-m+fp/hard\libc_nano.a(libc_a-puts.o) (__swbuf_r)
C:/STM32/arm-none-eabi-gcc/14.2.1-1.1.1/.content/bin/../lib/gcc/arm-none-eabi/14.2.1/../../../../arm-none-eabi/lib/thumb/v7e-m+fp/hard\libc_nano.a(libc_a-wsetup.o)
                              C:/STM32/arm-none-eabi-gcc/14.2.1-1.1.1/.content/bin/../lib/gcc/arm-none-eabi/14.2.1/../../../../arm-none-eabi/lib/thumb/v7e-m+fp/hard\libc_nano.a(libc_a-puts.o) (__swsetup_r)
C:/STM32/arm-none-eabi-gcc/14.2.1-1.1.1/.content/bin/../lib/gcc/arm-none-eabi/14.2.1/../../../../arm-none-eabi/lib/thumb/v7e-m+fp/hard\libc_nano.a(libc_a-memset.o)
                              C:/STM32/arm-none-eabi-gcc/14.2.1-1.1.1/.content/bin/../lib/gcc/arm-none-eabi/14.2.1/../../../../arm-none-eabi/lib/thumb/v7e-m+fp/hard/crt0.o (memset)
C:/STM32/arm-none-eabi-gcc/14.2.1-1.1.1/.content/bin/../lib/gcc/arm-none-eabi/14.2.1/../../../../arm-none-eabi/lib/thumb/v7e-m+fp/hard\libc_nano.a(libc_a-localeconv.o)
                              C:/STM32/arm-none-eabi-gcc/14.2.1-1.1.1/.content/bin/../lib/gcc/arm-none-eabi/14.2.1/../../../../arm-none-eabi/lib/thumb/v7e-m+fp/hard\libc_nano.a(libc_a-nano-vfprintf_float.o) (_localeconv_r)
C:/STM32/arm-none-eabi-gcc/14.2.1-1.1.1/.content/bin/../lib/gcc/arm-none-eabi/14.2.1/../../../../arm-none-eabi/lib/thumb/v7e-m+fp/hard\libc_nano.a(libc_a-closer.o)
[...]
Memory Configuration

Name             Origin             Length             Attributes
RAM              0x20000000         0x00020000         xrw
CCMRAM           0x10000000         0x00010000         xrw
FLASH            0x08000000         0x00080000         xr
*default*        0x00000000         0xffffffff

Linker script and memory map

LOAD C:/STM32/arm-none-eabi-gcc/14.2.1-1.1.1/.content/bin/../lib/gcc/arm-none-eabi/14.2.1/thumb/v7e-m+fp/hard/crti.o
LOAD C:/STM32/arm-none-eabi-gcc/14.2.1-1.1.1/.content/bin/../lib/gcc/arm-none-eabi/14.2.1/thumb/v7e-m+fp/hard/crtbegin.o
LOAD C:/STM32/arm-none-eabi-gcc/14.2.1-1.1.1/.content/bin/../lib/gcc/arm-none-eabi/14.2.1/../../../../arm-none-eabi/lib/thumb/v7e-m+fp/hard/crt0.o
LOAD build/debug/adc.o
LOAD build/debug/cmsis_os2.o
LOAD build/debug/croutine.o
LOAD build/debug/dac.o
LOAD build/debug/dma.o
LOAD build/debug/event_groups.o
LOAD build/debug/freertos.o
LOAD build/debug/gpio.o
LOAD build/debug/heap_4.o
LOAD build/debug/i2c.o
LOAD build/debug/key.o
LOAD build/debug/led.o
LOAD build/debug/list.o
LOAD build/debug/main.o
LOAD build/debug/port.o
LOAD build/debug/queue.o
LOAD build/debug/rtc.o
LOAD build/debug/spi.o
LOAD build/debug/stm32f4xx_hal.o
LOAD build/debug/stm32f4xx_hal_adc.o
LOAD build/debug/stm32f4xx_hal_adc_ex.o
LOAD build/debug/stm32f4xx_hal_cortex.o
LOAD build/debug/stm32f4xx_hal_dac.o
LOAD build/debug/stm32f4xx_hal_dac_ex.o
LOAD build/debug/stm32f4xx_hal_dma.o
LOAD build/debug/stm32f4xx_hal_dma_ex.o
LOAD build/debug/stm32f4xx_hal_exti.o
LOAD build/debug/stm32f4xx_hal_flash.o
LOAD build/debug/stm32f4xx_hal_flash_ex.o
LOAD build/debug/stm32f4xx_hal_flash_ramfunc.o
LOAD build/debug/stm32f4xx_hal_gpio.o
LOAD build/debug/stm32f4xx_hal_i2c.o
LOAD build/debug/stm32f4xx_hal_i2c_ex.o
LOAD build/debug/stm32f4xx_hal_msp.o
LOAD build/debug/stm32f4xx_hal_pwr.o
LOAD build/debug/stm32f4xx_hal_pwr_ex.o
LOAD build/debug/stm32f4xx_hal_rcc.o
LOAD build/debug/stm32f4xx_hal_rcc_ex.o
LOAD build/debug/stm32f4xx_hal_rtc.o
LOAD build/debug/stm32f4xx_hal_rtc_ex.o
LOAD build/debug/stm32f4xx_hal_spi.o
LOAD build/debug/stm32f4xx_hal_tim.o
LOAD build/debug/stm32f4xx_hal_tim_ex.o
LOAD build/debug/stm32f4xx_hal_timebase_tim.o
LOAD build/debug/stm32f4xx_hal_uart.o
LOAD build/debug/stm32f4xx_it.o
LOAD build/debug/stream_buffer.o
LOAD build/debug/syscalls.o
LOAD build/debug/sysmem.o
LOAD build/debug/system_stm32f4xx.o
LOAD build/debug/tasks.o
LOAD build/debug/tim.o
LOAD build/debug/timers.o
LOAD build/debug/uart_drv.o
LOAD build/debug/usart.o
LOAD build/debug/w25qxx.o
LOAD build/debug/startup_stm32f407xx.o
LOAD C:/STM32/arm-none-eabi-gcc/14.2.1-1.1.1/.content/bin/../lib/gcc/arm-none-eabi/14.2.1/../../../../arm-none-eabi/lib/thumb/v7e-m+fp/hard\libc_nano.a
LOAD C:/STM32/arm-none-eabi-gcc/14.2.1-1.1.1/.content/bin/../lib/gcc/arm-none-eabi/14.2.1/../../../../arm-none-eabi/lib/thumb/v7e-m+fp/hard\libm.a
LOAD C:/STM32/arm-none-eabi-gcc/14.2.1-1.1.1/.content/bin/../lib/gcc/arm-none-eabi/14.2.1/../../../../arm-none-eabi/lib/thumb/v7e-m+fp/hard\libnosys.a
START GROUP
LOAD C:/STM32/arm-none-eabi-gcc/14.2.1-1.1.1/.content/bin/../lib/gcc/arm-none-eabi/14.2.1/thumb/v7e-m+fp/hard\libgcc.a
LOAD C:/STM32/arm-none-eabi-gcc/14.2.1-1.1.1/.content/bin/../lib/gcc/arm-none-eabi/14.2.1/../../../../arm-none-eabi/lib/thumb/v7e-m+fp/hard\libc_nano.a
END GROUP
START GROUP
LOAD C:/STM32/arm-none-eabi-gcc/14.2.1-1.1.1/.content/bin/../lib/gcc/arm-none-eabi/14.2.1/thumb/v7e-m+fp/hard\libgcc.a
LOAD C:/STM32/arm-none-eabi-gcc/14.2.1-1.1.1/.content/bin/../lib/gcc/arm-none-eabi/14.2.1/../../../../arm-none-eabi/lib/thumb/v7e-m+fp/hard\libc_nano.a
END GROUP
LOAD C:/STM32/arm-none-eabi-gcc/14.2.1-1.1.1/.content/bin/../lib/gcc/arm-none-eabi/14.2.1/thumb/v7e-m+fp/hard/crtend.o
LOAD C:/STM32/arm-none-eabi-gcc/14.2.1-1.1.1/.content/bin/../lib/gcc/arm-none-eabi/14.2.1/thumb/v7e-m+fp/hard/crtn.o
                0x20020000                        _estack = (ORIGIN (RAM) + LENGTH (RAM))
                0x2001fc00                        _sstack = (_estack - _Min_Stack_Size)
                0x00000200                        _Min_Heap_Size = 0x200
                0x00000400                        _Min_Stack_Size = 0x400

.isr_vector     0x08000000      0x188
                0x08000000                        . = ALIGN (0x4)
 *(.isr_vector)
 .isr_vector    0x08000000      0x188 build/debug/startup_stm32f407xx.o
                0x08000000                g_pfnVectors
                0x08000188                        . = ALIGN (0x4)

.text           0x08000190     0x9918
                0x08000190                        . = ALIGN (0x4)
 *(.text)
 .text          0x08000190       0xa0 C:/STM32/arm-none-eabi-gcc/14.2.1-1.1.1/.content/bin/../lib/gcc/arm-none-eabi/14.2.1/../../../../arm-none-eabi/lib/thumb/v7e-m+fp/hard\libc_nano.a(libc_a-memchr.o)
                0x08000190                memchr
 .text          0x08000230       0x10 C:/STM32/arm-none-eabi-gcc/14.2.1-1.1.1/.content/bin/../lib/gcc/arm-none-eabi/14.2.1/../../../../arm-none-eabi/lib/thumb/v7e-m+fp/hard\libc_nano.a(libc_a-strlen.o)
                0x08000230                strlen
 .text          0x08000240      0x378 C:/STM32/arm-none-eabi-gcc/14.2.1-1.1.1/.content/bin/../lib/gcc/arm-none-eabi/14.2.1/thumb/v7e-m+fp/hard\libgcc.a(_arm_addsubdf3.o)
                0x08000240                __aeabi_drsub
                0x08000248                __aeabi_dsub
                0x08000248                __subdf3
                0x0800024c                __aeabi_dadd
                0x0800024c                __adddf3
                0x080004c4                __floatunsidf
                0x080004c4                __aeabi_ui2d
                0x080004e4                __floatsidf
                0x080004e4                __aeabi_i2d
                0x08000508                __aeabi_f2d
                0x08000508                __extendsfdf2
                0x0800054c                __floatundidf
                0x0800054c                __aeabi_ul2d
                0x0800055c                __floatdidf
                0x0800055c                __aeabi_l2d
 .text          0x080005b8      0x424 C:/STM32/arm-none-eabi-gcc/14.2.1-1.1.1/.content/bin/../lib/gcc/arm-none-eabi/14.2.1/thumb/v7e-m+fp/hard\libgcc.a(_arm_muldivdf3.o)
                0x080005b8                __aeabi_dmul
                0x080005b8                __muldf3
                0x0800080c                __divdf3
                0x0800080c                __aeabi_ddiv
 .text          0x080009dc      0x110 C:/STM32/arm-none-eabi-gcc/14.2.1-1.1.1/.content/bin/../lib/gcc/arm-none-eabi/14.2.1/thumb/v7e-m+fp/hard\libgcc.a(_arm_cmpdf2.o)
                0x080009dc                __gtdf2
                0x080009dc                __gedf2
                0x080009e4                __ltdf2
                0x080009e4                __ledf2
                0x080009ec                __nedf2
                0x080009ec                __eqdf2
                0x080009ec                __cmpdf2
                0x08000a68                __aeabi_cdrcmple
                0x08000a78                __aeabi_cdcmpeq
                0x08000a78                __aeabi_cdcmple
                0x08000a88                __aeabi_dcmpeq
                0x08000a9c                __aeabi_dcmplt
                0x08000ab0                __aeabi_dcmple
                0x08000ac4                __aeabi_dcmpge
                0x08000ad8                __aeabi_dcmpgt
 .text          0x08000aec       0x2c C:/STM32/arm-none-eabi-gcc/14.2.1-1.1.1/.content/bin/../lib/gcc/arm-none-eabi/14.2.1/thumb/v7e-m+fp/hard\libgcc.a(_arm_unorddf2.o)
                0x08000aec                __unorddf2
                0x08000aec                __aeabi_dcmpun
 .text          0x08000b18       0x50 C:/STM32/arm-none-eabi-gcc/14.2.1-1.1.1/.content/bin/../lib/gcc/arm-none-eabi/14.2.1/thumb/v7e-m+fp/hard\libgcc.a(_arm_fixdfsi.o)
                0x08000b18                __aeabi_d2iz
                0x08000b18                __fixdfsi
 .text          0x08000b68       0x30 C:/STM32/arm-none-eabi-gcc/14.2.1-1.1.1/.content/bin/../lib/gcc/arm-none-eabi/14.2.1/thumb/v7e-m+fp/hard\libgcc.a(_aeabi_uldivmod.o)
                0x08000b68                __aeabi_uldivmod
 .text          0x08000b98        0x4 C:/STM32/arm-none-eabi-gcc/14.2.1-1.1.1/.content/bin/../lib/gcc/arm-none-eabi/14.2.1/thumb/v7e-m+fp/hard\libgcc.a(_dvmd_tls.o)
                0x08000b98                __aeabi_idiv0
                0x08000b98                __aeabi_ldiv0
 *(.text*)
 .text.__do_global_dtors_aux
                0x08000b9c       0x24 C:/STM32/arm-none-eabi-gcc/14.2.1-1.1.1/.content/bin/../lib/gcc/arm-none-eabi/14.2.1/thumb/v7e-m+fp/hard/crtbegin.o
 .text.frame_dummy
                0x08000bc0       0x1c C:/STM32/arm-none-eabi-gcc/14.2.1-1.1.1/.content/bin/../lib/gcc/arm-none-eabi/14.2.1/thumb/v7e-m+fp/hard/crtbegin.o
 .text.MX_ADC1_Init
                0x08000bdc       0x70 build/debug/adc.o
                0x08000bdc                MX_ADC1_Init
 .text.HAL_ADC_MspInit
                0x08000c4c       0xac build/debug/adc.o
                0x08000c4c                HAL_ADC_MspInit
 .text.SysTick_Handler
                0x08000cf8       0x18 build/debug/cmsis_os2.o
                0x08000cf8                SysTick_Handler
 .text.osKernelInitialize
                0x08000d10       0x24 build/debug/cmsis_os2.o
                0x08000d10                osKernelInitialize
 .text.osKernelStart
                0x08000d34       0x38 build/debug/cmsis_os2.o
                0x08000d34                osKernelStart
 .text.osThreadNew
                0x08000d6c       0xb4 build/debug/cmsis_os2.o
                0x08000d6c                osThreadNew
 .text.osDelay  0x08000e20       0x1c build/debug/cmsis_os2.o
                0x08000e20                osDelay
 .text.osMessageQueuePut
                0x08000e3c       0x84 build/debug/cmsis_os2.o
                0x08000e3c                osMessageQueuePut
 .text.vApplicationGetIdleTaskMemory
                0x08000ec0       0x18 build/debug/cmsis_os2.o
                0x08000ec0                vApplicationGetIdleTaskMemory
 .text.vApplicationGetTimerTaskMemory
                0x08000ed8       0x18 build/debug/cmsis_os2.o
                0x08000ed8                vApplicationGetTimerTaskMemory
 .text.MX_DAC_Init
                0x08000ef0       0x44 build/debug/dac.o
                0x08000ef0                MX_DAC_Init
 .text.HAL_DAC_MspInit
                0x08000f34       0xac build/debug/dac.o
                0x08000f34                HAL_DAC_MspInit
 .text.MX_DMA_Init
                0x08000fe0       0x98 build/debug/dma.o
                0x08000fe0                MX_DMA_Init
 .text.LED_SaveState
                0x08001078       0x38 build/debug/freertos.o
 .text.LED_RestoreState
                0x080010b0       0x3c build/debug/freertos.o
 .text.StartLedTask
                0x080010ec      0x144 build/debug/freertos.o
                0x080010ec                StartLedTask
 .text.MX_FREERTOS_Init
                0x08001230       0x20 build/debug/freertos.o
                0x08001230                MX_FREERTOS_Init
 .text.MX_GPIO_Init
                0x08001250      0x198 build/debug/gpio.o
                0x08001250                MX_GPIO_Init
 .text.prvHeapInit
                0x080013e8       0x64 build/debug/heap_4.o
 .text.prvInsertBlockIntoFreeList
                0x0800144c       0x64 build/debug/heap_4.o
 .text.pvPortMalloc
                0x080014b0      0x104 build/debug/heap_4.o
                0x080014b0                pvPortMalloc
 .text.vPortFree
                0x080015b4       0x7c build/debug/heap_4.o
                0x080015b4                vPortFree
 .text.MX_I2C1_Init
                0x08001630       0x3c build/debug/i2c.o
                0x08001630                MX_I2C1_Init
 .text.HAL_I2C_MspInit
                0x0800166c       0x70 build/debug/i2c.o
                0x0800166c                HAL_I2C_MspInit
 .text.Key_Init
                0x080016dc       0x30 build/debug/key.o
                0x080016dc                Key_Init
 .text.Key_Scan
                0x0800170c      0x140 build/debug/key.o
                0x0800170c                Key_Scan
 .text.Key_IsShortPressed
                0x0800184c       0x38 build/debug/key.o
                0x0800184c                Key_IsShortPressed
 .text.Key_IsRepeat
                0x08001884       0x38 build/debug/key.o
                0x08001884                Key_IsRepeat
 .text.LED_SetLeds
                0x080018bc       0x60 build/debug/led.o
                0x080018bc                LED_SetLeds
 .text.LED_Init
                0x0800191c       0x30 build/debug/led.o
                0x0800191c                LED_Init
 .text.vListInitialise
                0x0800194c       0x16 build/debug/list.o
                0x0800194c                vListInitialise
 .text.vListInitialiseItem
                0x08001962        0x6 build/debug/list.o
                0x08001962                vListInitialiseItem
 .text.vListInsertEnd
                0x08001968       0x16 build/debug/list.o
                0x08001968                vListInsertEnd
 .text.vListInsert
                0x0800197e       0x32 build/debug/list.o
                0x0800197e                vListInsert
 .text.uxListRemove
                0x080019b0       0x26 build/debug/list.o
                0x080019b0                uxListRemove
 *fill*         0x080019d6        0x2 
 .text.HAL_TIM_PeriodElapsedCallback
                0x080019d8       0x18 build/debug/main.o
                0x080019d8                HAL_TIM_PeriodElapsedCallback
 .text.Error_Handler
                0x080019f0        0x4 build/debug/main.o
                0x080019f0                Error_Handler
 .text.SystemClock_Config
                0x080019f4       0xac build/debug/main.o
                0x080019f4                SystemClock_Config
 .text.main     0x08001aa0       0x60 build/debug/main.o
                0x08001aa0                main
 .text.prvTaskExitError
                0x08001b00       0x40 build/debug/port.o
 .text.prvPortStartFirstTask
                0x08001b40       0x28 build/debug/port.o
 .text.vPortEnableVFP
                0x08001b68       0x14 build/debug/port.o
 .text.pxPortInitialiseStack
                0x08001b7c       0x2c build/debug/port.o
                0x08001b7c                pxPortInitialiseStack
 *fill*         0x08001ba8        0x8 
 .text.SVC_Handler
                0x08001bb0       0x24 build/debug/port.o
                0x08001bb0                SVC_Handler
 .text.vPortEnterCritical
                0x08001bd4       0x44 build/debug/port.o
                0x08001bd4                vPortEnterCritical
 .text.vPortExitCritical
                0x08001c18       0x2c build/debug/port.o
                0x08001c18                vPortExitCritical
 *fill*         0x08001c44        0xc 
 .text.PendSV_Handler
                0x08001c50       0x64 build/debug/port.o
                0x08001c50                PendSV_Handler
 .text.xPortSysTickHandler
                0x08001cb4       0x2c build/debug/port.o
                0x08001cb4                xPortSysTickHandler
 .text.vPortSetupTimerInterrupt
                0x08001ce0       0x28 build/debug/port.o
                0x08001ce0                vPortSetupTimerInterrupt
 .text.xPortStartScheduler
                0x08001d08      0x118 build/debug/port.o
                0x08001d08                xPortStartScheduler
 .text.vPortValidateInterruptPriority
                0x08001e20       0x5c build/debug/port.o
                0x08001e20                vPortValidateInterruptPriority
 .text.prvIsQueueFull
                0x08001e7c       0x1e build/debug/queue.o
 .text.prvIsQueueEmpty
                0x08001e9a       0x1a build/debug/queue.o
 .text.prvCopyDataToQueue
                0x08001eb4       0x76 build/debug/queue.o
 .text.prvCopyDataFromQueue
                0x08001f2a       0x24 build/debug/queue.o
 .text.prvUnlockQueue
                0x08001f4e       0x6e build/debug/queue.o
 .text.xQueueGenericReset
                0x08001fbc       0x84 build/debug/queue.o
                0x08001fbc                xQueueGenericReset
 .text.prvInitialiseNewQueue
                0x08002040       0x22 build/debug/queue.o
 .text.xQueueGenericCreateStatic
                0x08002062       0x94 build/debug/queue.o
                0x08002062                xQueueGenericCreateStatic
 .text.xQueueGenericSend
                0x080020f6      0x188 build/debug/queue.o
                0x080020f6                xQueueGenericSend
 .text.xQueueGenericSendFromISR
                0x0800227e       0xce build/debug/queue.o
                0x0800227e                xQueueGenericSendFromISR
 .text.xQueueReceive
                0x0800234c      0x15e build/debug/queue.o
                0x0800234c                xQueueReceive
 *fill*         0x080024aa        0x2 
 .text.vQueueAddToRegistry
                0x080024ac       0x28 build/debug/queue.o
                0x080024ac                vQueueAddToRegistry
 .text.vQueueWaitForMessageRestricted
                0x080024d4       0x52 build/debug/queue.o
                0x080024d4                vQueueWaitForMessageRestricted
 *fill*         0x08002526        0x2 
 .text.MX_RTC_Init
                0x08002528       0xcc build/debug/rtc.o
                0x08002528                MX_RTC_Init
 .text.HAL_RTC_MspInit
                0x080025f4       0x48 build/debug/rtc.o
                0x080025f4                HAL_RTC_MspInit
 .text.MX_SPI1_Init
                0x0800263c       0x40 build/debug/spi.o
                0x0800263c                MX_SPI1_Init
 .text.HAL_SPI_MspInit
                0x0800267c       0x70 build/debug/spi.o
                0x0800267c                HAL_SPI_MspInit
 .text.HAL_Init
                0x080026ec       0x34 build/debug/stm32f4xx_hal.o
                0x080026ec                HAL_Init
 .text.HAL_IncTick
                0x08002720       0x18 build/debug/stm32f4xx_hal.o
                0x08002720                HAL_IncTick
 .text.HAL_GetTick
                0x08002738        0xc build/debug/stm32f4xx_hal.o
                0x08002738                HAL_GetTick
 .text.ADC_Init
                0x08002744      0x134 build/debug/stm32f4xx_hal_adc.o
 .text.HAL_ADC_Init
                0x08002878       0x56 build/debug/stm32f4xx_hal_adc.o
                0x08002878                HAL_ADC_Init
 *fill*         0x080028ce        0x2 
 .text.HAL_ADC_ConfigChannel
                0x080028d0      0x194 build/debug/stm32f4xx_hal_adc.o
                0x080028d0                HAL_ADC_ConfigChannel
 .text.__NVIC_EnableIRQ
                0x08002a64       0x1c build/debug/stm32f4xx_hal_cortex.o
 .text.__NVIC_SetPriority
                0x08002a80       0x28 build/debug/stm32f4xx_hal_cortex.o
 .text.NVIC_EncodePriority
                0x08002aa8       0x3e build/debug/stm32f4xx_hal_cortex.o
 *fill*         0x08002ae6        0x2 
 .text.HAL_NVIC_SetPriorityGrouping
                0x08002ae8       0x24 build/debug/stm32f4xx_hal_cortex.o
                0x08002ae8                HAL_NVIC_SetPriorityGrouping
 .text.HAL_NVIC_SetPriority
                0x08002b0c       0x20 build/debug/stm32f4xx_hal_cortex.o
                0x08002b0c                HAL_NVIC_SetPriority
 .text.HAL_NVIC_EnableIRQ
                0x08002b2c        0x8 build/debug/stm32f4xx_hal_cortex.o
                0x08002b2c                HAL_NVIC_EnableIRQ
 .text.HAL_DAC_Init
                0x08002b34       0x24 build/debug/stm32f4xx_hal_dac.o
                0x08002b34                HAL_DAC_Init
 .text.HAL_DAC_ConfigChannel
                0x08002b58       0x62 build/debug/stm32f4xx_hal_dac.o
                0x08002b58                HAL_DAC_ConfigChannel
 *fill*         0x08002bba        0x2 
 .text.DMA_CalcBaseAndBitshift
                0x08002bbc       0x3c build/debug/stm32f4xx_hal_dma.o
 .text.DMA_CheckFifoParam
                0x08002bf8       0x8e build/debug/stm32f4xx_hal_dma.o
 *fill*         0x08002c86        0x2 
 .text.HAL_DMA_Init
                0x08002c88       0xcc build/debug/stm32f4xx_hal_dma.o
                0x08002c88                HAL_DMA_Init
 .text.HAL_DMA_Abort
                0x08002d54       0x92 build/debug/stm32f4xx_hal_dma.o
                0x08002d54                HAL_DMA_Abort
 .text.HAL_DMA_Abort_IT
                0x08002de6       0x24 build/debug/stm32f4xx_hal_dma.o
                0x08002de6                HAL_DMA_Abort_IT
 *fill*         0x08002e0a        0x2 
 .text.HAL_DMA_IRQHandler
                0x08002e0c      0x1dc build/debug/stm32f4xx_hal_dma.o
                0x08002e0c                HAL_DMA_IRQHandler
 .text.HAL_GPIO_Init
                0x08002fe8      0x1ec build/debug/stm32f4xx_hal_gpio.o
                0x08002fe8                HAL_GPIO_Init
 .text.HAL_GPIO_ReadPin
                0x080031d4        0xe build/debug/stm32f4xx_hal_gpio.o
                0x080031d4                HAL_GPIO_ReadPin
 .text.HAL_GPIO_WritePin
                0x080031e2        0xc build/debug/stm32f4xx_hal_gpio.o
                0x080031e2                HAL_GPIO_WritePin
 *fill*         0x080031ee        0x2 
 .text.HAL_I2C_Init
                0x080031f0      0x1bc build/debug/stm32f4xx_hal_i2c.o
                0x080031f0                HAL_I2C_Init
 .text.HAL_MspInit
                0x080033ac       0x44 build/debug/stm32f4xx_hal_msp.o
                0x080033ac                HAL_MspInit
 .text.HAL_RCC_OscConfig
                0x080033f0      0x3f8 build/debug/stm32f4xx_hal_rcc.o
                0x080033f0                HAL_RCC_OscConfig
 .text.HAL_RCC_GetSysClockFreq
                0x080037e8       0xdc build/debug/stm32f4xx_hal_rcc.o
                0x080037e8                HAL_RCC_GetSysClockFreq
 .text.HAL_RCC_ClockConfig
                0x080038c4      0x160 build/debug/stm32f4xx_hal_rcc.o
                0x080038c4                HAL_RCC_ClockConfig
 .text.HAL_RCC_GetHCLKFreq
                0x08003a24        0xc build/debug/stm32f4xx_hal_rcc.o
                0x08003a24                HAL_RCC_GetHCLKFreq
 .text.HAL_RCC_GetPCLK1Freq
                0x08003a30       0x20 build/debug/stm32f4xx_hal_rcc.o
                0x08003a30                HAL_RCC_GetPCLK1Freq
 .text.HAL_RCC_GetPCLK2Freq
                0x08003a50       0x20 build/debug/stm32f4xx_hal_rcc.o
                0x08003a50                HAL_RCC_GetPCLK2Freq
 .text.HAL_RCC_GetClockConfig
                0x08003a70       0x3c build/debug/stm32f4xx_hal_rcc.o
                0x08003a70                HAL_RCC_GetClockConfig
 .text.HAL_RCCEx_PeriphCLKConfig
                0x08003aac      0x154 build/debug/stm32f4xx_hal_rcc_ex.o
                0x08003aac                HAL_RCCEx_PeriphCLKConfig
 .text.HAL_RTC_WaitForSynchro
                0x08003c00       0x34 build/debug/stm32f4xx_hal_rtc.o
                0x08003c00                HAL_RTC_WaitForSynchro
 .text.RTC_EnterInitMode
                0x08003c34       0x46 build/debug/stm32f4xx_hal_rtc.o
                0x08003c34                RTC_EnterInitMode
 .text.RTC_ExitInitMode
                0x08003c7a       0x2a build/debug/stm32f4xx_hal_rtc.o
                0x08003c7a                RTC_ExitInitMode
 .text.HAL_RTC_Init
                0x08003ca4       0x9e build/debug/stm32f4xx_hal_rtc.o
                0x08003ca4                HAL_RTC_Init
 .text.RTC_ByteToBcd2
                0x08003d42       0x16 build/debug/stm32f4xx_hal_rtc.o
                0x08003d42                RTC_ByteToBcd2
 .text.HAL_RTC_SetTime
                0x08003d58       0xc0 build/debug/stm32f4xx_hal_rtc.o
                0x08003d58                HAL_RTC_SetTime
 .text.HAL_RTC_SetDate
                0x08003e18       0x9c build/debug/stm32f4xx_hal_rtc.o
                0x08003e18                HAL_RTC_SetDate
 .text.HAL_RTC_SetAlarm
                0x08003eb4      0x178 build/debug/stm32f4xx_hal_rtc.o
                0x08003eb4                HAL_RTC_SetAlarm
 .text.SPI_WaitFlagStateUntilTimeout
                0x0800402c       0xc8 build/debug/stm32f4xx_hal_spi.o
 .text.SPI_EndRxTxTransaction
                0x080040f4       0x80 build/debug/stm32f4xx_hal_spi.o
 .text.HAL_SPI_Init
                0x08004174       0xbe build/debug/stm32f4xx_hal_spi.o
                0x08004174                HAL_SPI_Init
 .text.HAL_SPI_TransmitReceive
                0x08004232      0x252 build/debug/stm32f4xx_hal_spi.o
                0x08004232                HAL_SPI_TransmitReceive
 .text.TIM_OC1_SetConfig
                0x08004484       0x70 build/debug/stm32f4xx_hal_tim.o
 .text.TIM_OC3_SetConfig
                0x080044f4       0x70 build/debug/stm32f4xx_hal_tim.o
 .text.TIM_OC4_SetConfig
                0x08004564       0x50 build/debug/stm32f4xx_hal_tim.o
 .text.TIM_TI1_ConfigInputStage
                0x080045b4       0x26 build/debug/stm32f4xx_hal_tim.o
 .text.TIM_TI2_ConfigInputStage
                0x080045da       0x28 build/debug/stm32f4xx_hal_tim.o
 .text.TIM_ITRx_SetConfig
                0x08004602       0x10 build/debug/stm32f4xx_hal_tim.o
 *fill*         0x08004612        0x2 
 .text.HAL_TIM_Base_Start_IT
                0x08004614       0x84 build/debug/stm32f4xx_hal_tim.o
                0x08004614                HAL_TIM_Base_Start_IT
 .text.HAL_TIM_PWM_MspInit
                0x08004698        0x2 build/debug/stm32f4xx_hal_tim.o
                0x08004698                HAL_TIM_PWM_MspInit
 .text.HAL_TIM_OC_DelayElapsedCallback
                0x0800469a        0x2 build/debug/stm32f4xx_hal_tim.o
                0x0800469a                HAL_TIM_OC_DelayElapsedCallback
 .text.HAL_TIM_IC_CaptureCallback
                0x0800469c        0x2 build/debug/stm32f4xx_hal_tim.o
                0x0800469c                HAL_TIM_IC_CaptureCallback
 .text.HAL_TIM_PWM_PulseFinishedCallback
                0x0800469e        0x2 build/debug/stm32f4xx_hal_tim.o
                0x0800469e                HAL_TIM_PWM_PulseFinishedCallback
 .text.HAL_TIM_TriggerCallback
                0x080046a0        0x2 build/debug/stm32f4xx_hal_tim.o
                0x080046a0                HAL_TIM_TriggerCallback
 .text.HAL_TIM_IRQHandler
                0x080046a2      0x15e build/debug/stm32f4xx_hal_tim.o
                0x080046a2                HAL_TIM_IRQHandler
 .text.TIM_Base_SetConfig
                0x08004800       0xd0 build/debug/stm32f4xx_hal_tim.o
                0x08004800                TIM_Base_SetConfig
 .text.HAL_TIM_Base_Init
                0x080048d0       0x58 build/debug/stm32f4xx_hal_tim.o
                0x080048d0                HAL_TIM_Base_Init
 .text.HAL_TIM_PWM_Init
                0x08004928       0x58 build/debug/stm32f4xx_hal_tim.o
                0x08004928                HAL_TIM_PWM_Init
 .text.TIM_OC2_SetConfig
                0x08004980       0x70 build/debug/stm32f4xx_hal_tim.o
                0x08004980                TIM_OC2_SetConfig
 .text.HAL_TIM_PWM_ConfigChannel
                0x080049f0       0xdc build/debug/stm32f4xx_hal_tim.o
                0x080049f0                HAL_TIM_PWM_ConfigChannel
 .text.TIM_ETR_SetConfig
                0x08004acc       0x1a build/debug/stm32f4xx_hal_tim.o
                0x08004acc                TIM_ETR_SetConfig
 .text.HAL_TIM_ConfigClockSource
                0x08004ae6       0xfe build/debug/stm32f4xx_hal_tim.o
                0x08004ae6                HAL_TIM_ConfigClockSource
 .text.HAL_TIMEx_MasterConfigSynchronization
                0x08004be4       0x8c build/debug/stm32f4xx_hal_tim_ex.o
                0x08004be4                HAL_TIMEx_MasterConfigSynchronization
 .text.HAL_TIMEx_CommutCallback
                0x08004c70        0x2 build/debug/stm32f4xx_hal_tim_ex.o
                0x08004c70                HAL_TIMEx_CommutCallback
 .text.HAL_TIMEx_BreakCallback
                0x08004c72        0x2 build/debug/stm32f4xx_hal_tim_ex.o
                0x08004c72                HAL_TIMEx_BreakCallback
 .text.HAL_InitTick
                0x08004c74       0xa4 build/debug/stm32f4xx_hal_timebase_tim.o
                0x08004c74                HAL_InitTick
 .text.UART_EndRxTransfer
                0x08004d18       0x5c build/debug/stm32f4xx_hal_uart.o
 .text.UART_Transmit_IT
                0x08004d74       0x5e build/debug/stm32f4xx_hal_uart.o
 *fill*         0x08004dd2        0x2 
 .text.UART_SetConfig
                0x08004dd4      0x110 build/debug/stm32f4xx_hal_uart.o
 .text.UART_WaitOnFlagUntilTimeout
                0x08004ee4       0x86 build/debug/stm32f4xx_hal_uart.o
 .text.HAL_UART_Init
                0x08004f6a       0x60 build/debug/stm32f4xx_hal_uart.o
                0x08004f6a                HAL_UART_Init
 .text.HAL_UART_Transmit
                0x08004fca       0xca build/debug/stm32f4xx_hal_uart.o
                0x08004fca                HAL_UART_Transmit
 .text.HAL_UART_TxCpltCallback
                0x08005094        0x2 build/debug/stm32f4xx_hal_uart.o
                0x08005094                HAL_UART_TxCpltCallback
 .text.UART_EndTransmit_IT
                0x08005096       0x1a build/debug/stm32f4xx_hal_uart.o
 .text.HAL_UART_RxCpltCallback
                0x080050b0        0x2 build/debug/stm32f4xx_hal_uart.o
                0x080050b0                HAL_UART_RxCpltCallback
 .text.HAL_UART_ErrorCallback
                0x080050b2        0x2 build/debug/stm32f4xx_hal_uart.o
                0x080050b2                HAL_UART_ErrorCallback
 .text.UART_DMAAbortOnError
                0x080050b4        0xe build/debug/stm32f4xx_hal_uart.o
 .text.UART_Receive_IT
                0x080050c2       0xe4 build/debug/stm32f4xx_hal_uart.o
 *fill*         0x080051a6        0x2 
 .text.HAL_UART_IRQHandler
                0x080051a8      0x2a0 build/debug/stm32f4xx_hal_uart.o
                0x080051a8                HAL_UART_IRQHandler
 .text.UART_Start_Receive_IT
                0x08005448       0x36 build/debug/stm32f4xx_hal_uart.o
                0x08005448                UART_Start_Receive_IT
 .text.HAL_UARTEx_ReceiveToIdle_IT
                0x0800547e       0x64 build/debug/stm32f4xx_hal_uart.o
                0x0800547e                HAL_UARTEx_ReceiveToIdle_IT
 .text.NMI_Handler
                0x080054e2        0x2 build/debug/stm32f4xx_it.o
                0x080054e2                NMI_Handler
 .text.HardFault_Handler
                0x080054e4        0x2 build/debug/stm32f4xx_it.o
                0x080054e4                HardFault_Handler
 .text.MemManage_Handler
                0x080054e6        0x2 build/debug/stm32f4xx_it.o
                0x080054e6                MemManage_Handler
 .text.BusFault_Handler
                0x080054e8        0x2 build/debug/stm32f4xx_it.o
                0x080054e8                BusFault_Handler
 .text.UsageFault_Handler
                0x080054ea        0x2 build/debug/stm32f4xx_it.o
                0x080054ea                UsageFault_Handler
 .text.DebugMon_Handler
                0x080054ec        0x2 build/debug/stm32f4xx_it.o
                0x080054ec                DebugMon_Handler
 *fill*         0x080054ee        0x2 
 .text.DMA1_Stream5_IRQHandler
                0x080054f0       0x10 build/debug/stm32f4xx_it.o
                0x080054f0                DMA1_Stream5_IRQHandler
 .text.TIM3_IRQHandler
                0x08005500       0x10 build/debug/stm32f4xx_it.o
                0x08005500                TIM3_IRQHandler
 .text.USART1_IRQHandler
                0x08005510       0x10 build/debug/stm32f4xx_it.o
                0x08005510                USART1_IRQHandler
 .text.TIM8_UP_TIM13_IRQHandler
                0x08005520       0x10 build/debug/stm32f4xx_it.o
                0x08005520                TIM8_UP_TIM13_IRQHandler
 .text.TIM7_IRQHandler
                0x08005530       0x10 build/debug/stm32f4xx_it.o
                0x08005530                TIM7_IRQHandler
 .text.DMA2_Stream0_IRQHandler
                0x08005540       0x10 build/debug/stm32f4xx_it.o
                0x08005540                DMA2_Stream0_IRQHandler
 .text.DMA2_Stream1_IRQHandler
                0x08005550       0x10 build/debug/stm32f4xx_it.o
                0x08005550                DMA2_Stream1_IRQHandler
 .text.DMA2_Stream2_IRQHandler
                0x08005560       0x10 build/debug/stm32f4xx_it.o
                0x08005560                DMA2_Stream2_IRQHandler
 .text.DMA2_Stream6_IRQHandler
                0x08005570       0x10 build/debug/stm32f4xx_it.o
                0x08005570                DMA2_Stream6_IRQHandler
 .text.DMA2_Stream7_IRQHandler
                0x08005580       0x10 build/debug/stm32f4xx_it.o
                0x08005580                DMA2_Stream7_IRQHandler
 .text.USART6_IRQHandler
                0x08005590       0x10 build/debug/stm32f4xx_it.o
                0x08005590                USART6_IRQHandler
 .text._getpid  0x080055a0        0x4 build/debug/syscalls.o
                0x080055a0                _getpid
 .text._kill    0x080055a4       0x10 build/debug/syscalls.o
                0x080055a4                _kill
 .text._exit    0x080055b4        0xc build/debug/syscalls.o
                0x080055b4                _exit
 .text._read    0x080055c0       0x20 build/debug/syscalls.o
                0x080055c0                _read
 .text._close   0x080055e0        0x6 build/debug/syscalls.o
                0x080055e0                _close
 .text._fstat   0x080055e6        0xa build/debug/syscalls.o
                0x080055e6                _fstat
 .text._isatty  0x080055f0        0x4 build/debug/syscalls.o
                0x080055f0                _isatty
 .text._lseek   0x080055f4        0x4 build/debug/syscalls.o
                0x080055f4                _lseek
 .text._sbrk    0x080055f8       0x48 build/debug/sysmem.o
                0x080055f8                _sbrk
 .text.SystemInit
                0x08005640       0x14 build/debug/system_stm32f4xx.o
                0x08005640                SystemInit
 .text.prvResetNextTaskUnblockTime
                0x08005654       0x2c build/debug/tasks.o
 .text.prvInitialiseNewTask
                0x08005680       0xa2 build/debug/tasks.o
 *fill*         0x08005722        0x2 
 .text.prvInitialiseTaskLists
                0x08005724       0x68 build/debug/tasks.o
 .text.prvAddNewTaskToReadyList
                0x0800578c       0xac build/debug/tasks.o
 .text.prvDeleteTCB
                0x08005838       0x38 build/debug/tasks.o
 .text.prvCheckTasksWaitingTermination
                0x08005870       0x4c build/debug/tasks.o
 .text.prvIdleTask
                0x080058bc       0x28 build/debug/tasks.o
 .text.prvAddCurrentTaskToDelayedList
                0x080058e4       0x7c build/debug/tasks.o
 .text.xTaskCreateStatic
                0x08005960       0x76 build/debug/tasks.o
                0x08005960                xTaskCreateStatic
 .text.xTaskCreate
                0x080059d6       0x64 build/debug/tasks.o
                0x080059d6                xTaskCreate
 *fill*         0x08005a3a        0x2 
 .text.vTaskStartScheduler
                0x08005a3c       0x98 build/debug/tasks.o
                0x08005a3c                vTaskStartScheduler
 .text.vTaskSuspendAll
                0x08005ad4       0x10 build/debug/tasks.o
                0x08005ad4                vTaskSuspendAll
 .text.xTaskGetTickCount
                0x08005ae4        0xc build/debug/tasks.o
                0x08005ae4                xTaskGetTickCount
 .text.xTaskIncrementTick
                0x08005af0      0x118 build/debug/tasks.o
                0x08005af0                xTaskIncrementTick
 .text.xTaskResumeAll
                0x08005c08       0xf8 build/debug/tasks.o
                0x08005c08                xTaskResumeAll
 .text.vTaskDelay
                0x08005d00       0x4c build/debug/tasks.o
                0x08005d00                vTaskDelay
 .text.vTaskSwitchContext
                0x08005d4c       0x98 build/debug/tasks.o
                0x08005d4c                vTaskSwitchContext
 .text.vTaskPlaceOnEventList
                0x08005de4       0x30 build/debug/tasks.o
                0x08005de4                vTaskPlaceOnEventList
 .text.vTaskPlaceOnEventListRestricted
                0x08005e14       0x38 build/debug/tasks.o
                0x08005e14                vTaskPlaceOnEventListRestricted
 .text.xTaskRemoveFromEventList
                0x08005e4c       0x8c build/debug/tasks.o
                0x08005e4c                xTaskRemoveFromEventList
 .text.vTaskInternalSetTimeOutState
                0x08005ed8       0x18 build/debug/tasks.o
                0x08005ed8                vTaskInternalSetTimeOutState
 .text.xTaskCheckForTimeOut
                0x08005ef0       0x88 build/debug/tasks.o
                0x08005ef0                xTaskCheckForTimeOut
 .text.vTaskMissedYield
                0x08005f78        0xc build/debug/tasks.o
                0x08005f78                vTaskMissedYield
 .text.xTaskGetSchedulerState
                0x08005f84       0x20 build/debug/tasks.o
                0x08005f84                xTaskGetSchedulerState
 .text.xTaskPriorityDisinherit
                0x08005fa4       0x90 build/debug/tasks.o
                0x08005fa4                xTaskPriorityDisinherit
 .text.MX_TIM2_Init
                0x08006034       0x70 build/debug/tim.o
                0x08006034                MX_TIM2_Init
 .text.MX_TIM8_Init
                0x080060a4       0x70 build/debug/tim.o
                0x080060a4                MX_TIM8_Init
 .text.HAL_TIM_Base_MspInit
                0x08006114       0x94 build/debug/tim.o
                0x08006114                HAL_TIM_Base_MspInit
 .text.HAL_TIM_MspPostInit
                0x080061a8       0x58 build/debug/tim.o
                0x080061a8                HAL_TIM_MspPostInit
 .text.MX_TIM3_Init
                0x08006200       0xb4 build/debug/tim.o
                0x08006200                MX_TIM3_Init
 .text.prvGetNextExpireTime
                0x080062b4       0x20 build/debug/timers.o
 .text.prvInsertTimerInActiveList
                0x080062d4       0x48 build/debug/timers.o
 .text.prvCheckForValidListAndQueue
                0x0800631c       0x70 build/debug/timers.o
 .text.xTimerCreateTimerTask
                0x0800638c       0x64 build/debug/timers.o
                0x0800638c                xTimerCreateTimerTask
 .text.xTimerGenericCommand
                0x080063f0       0x6c build/debug/timers.o
                0x080063f0                xTimerGenericCommand
 .text.prvSwitchTimerLists
                0x0800645c       0x7c build/debug/timers.o
 .text.prvSampleTimeNow
                0x080064d8       0x2c build/debug/timers.o
 .text.prvProcessExpiredTimer
                0x08006504       0x6c build/debug/timers.o
 .text.prvProcessTimerOrBlockTask
                0x08006570       0x74 build/debug/timers.o
 .text.prvProcessReceivedCommands
                0x080065e4      0x10c build/debug/timers.o
 .text.prvTimerTask
                0x080066f0       0x16 build/debug/timers.o
 *fill*         0x08006706        0x2 
 .text.FindInstance
                0x08006708       0x30 build/debug/uart_drv.o
 .text._write   0x08006738       0x28 build/debug/uart_drv.o
                0x08006738                _write
 .text.UartDrv_Init
                0x08006760       0x3c build/debug/uart_drv.o
                0x08006760                UartDrv_Init
 .text.UartDrv_RxEventDispatch
                0x0800679c       0x7a build/debug/uart_drv.o
                0x0800679c                UartDrv_RxEventDispatch
 *fill*         0x08006816        0x2 
 .text.UartDrv_SetDebugPort
                0x08006818        0xc build/debug/uart_drv.o
                0x08006818                UartDrv_SetDebugPort
 .text.UartDrv_OnRxEvent
                0x08006824        0x2 build/debug/uart_drv.o
                0x08006824                UartDrv_OnRxEvent
 .text.HAL_UARTEx_RxEventCallback
                0x08006826       0x14 build/debug/uart_drv.o
                0x08006826                HAL_UARTEx_RxEventCallback
 *fill*         0x0800683a        0x2 
 .text.MX_USART1_UART_Init
                0x0800683c       0x34 build/debug/usart.o
                0x0800683c                MX_USART1_UART_Init
 .text.MX_USART6_UART_Init
                0x08006870       0x34 build/debug/usart.o
                0x08006870                MX_USART6_UART_Init
 .text.HAL_UART_MspInit
                0x080068a4      0x1d8 build/debug/usart.o
                0x080068a4                HAL_UART_MspInit
 .text.SPI1_SetSpeed
                0x08006a7c       0x34 build/debug/w25qxx.o
                0x08006a7c                SPI1_SetSpeed
 .text.SPI1_ReadWriteByte
                0x08006ab0       0x2c build/debug/w25qxx.o
                0x08006ab0                SPI1_ReadWriteByte
 .text.W25QXX_ReadSR
                0x08006adc       0x40 build/debug/w25qxx.o
                0x08006adc                W25QXX_ReadSR
 .text.W25QXX_Write_Enable
                0x08006b1c       0x24 build/debug/w25qxx.o
                0x08006b1c                W25QXX_Write_Enable
 .text.W25QXX_ReadID
                0x08006b40       0x4c build/debug/w25qxx.o
                0x08006b40                W25QXX_ReadID
 .text.W25QXX_Init
                0x08006b8c       0x24 build/debug/w25qxx.o
                0x08006b8c                W25QXX_Init
 .text.W25QXX_Read
                0x08006bb0       0x68 build/debug/w25qxx.o
                0x08006bb0                W25QXX_Read
 .text.W25QXX_Wait_Busy
                0x08006c18       0x10 build/debug/w25qxx.o
                0x08006c18                W25QXX_Wait_Busy
 .text.W25QXX_Write_Page
                0x08006c28       0x70 build/debug/w25qxx.o
                0x08006c28                W25QXX_Write_Page
 .text.W25QXX_Write_NoCheck
                0x08006c98       0x3c build/debug/w25qxx.o
                0x08006c98                W25QXX_Write_NoCheck
 .text.W25QXX_Erase_Sector
                0x08006cd4       0x60 build/debug/w25qxx.o
                0x08006cd4                W25QXX_Erase_Sector
 .text.Reset_Handler
                0x08006d34       0x50 build/debug/startup_stm32f407xx.o
                0x08006d34                Reset_Handler
 .text.Default_Handler
                0x08006d84        0x2 build/debug/startup_stm32f407xx.o
                0x08006d84                RTC_Alarm_IRQHandler
                0x08006d84                HASH_RNG_IRQHandler
                0x08006d84                EXTI2_IRQHandler
                0x08006d84                TIM8_CC_IRQHandler
                0x08006d84                TIM1_CC_IRQHandler
                0x08006d84                DMA2_Stream5_IRQHandler
                0x08006d84                PVD_IRQHandler
                0x08006d84                SDIO_IRQHandler
                0x08006d84                TAMP_STAMP_IRQHandler
                0x08006d84                CAN2_RX1_IRQHandler
                0x08006d84                EXTI3_IRQHandler
                0x08006d84                TIM8_TRG_COM_TIM14_IRQHandler
                0x08006d84                TIM1_UP_TIM10_IRQHandler
                0x08006d84                I2C3_ER_IRQHandler
                0x08006d84                EXTI0_IRQHandler
                0x08006d84                I2C2_EV_IRQHandler
                0x08006d84                DMA1_Stream2_IRQHandler
                0x08006d84                CAN1_RX0_IRQHandler
                0x08006d84                FPU_IRQHandler
                0x08006d84                OTG_HS_WKUP_IRQHandler
                0x08006d84                CAN2_SCE_IRQHandler
                0x08006d84                SPI1_IRQHandler
                0x08006d84                TIM6_DAC_IRQHandler
                0x08006d84                TIM1_BRK_TIM9_IRQHandler
                0x08006d84                DCMI_IRQHandler
                0x08006d84                CAN2_RX0_IRQHandler
                0x08006d84                DMA2_Stream3_IRQHandler
                0x08006d84                USART3_IRQHandler
                0x08006d84                CAN1_RX1_IRQHandler
                0x08006d84                UART5_IRQHandler
                0x08006d84                TIM4_IRQHandler
                0x08006d84                I2C1_EV_IRQHandler
                0x08006d84                DMA1_Stream6_IRQHandler
                0x08006d84                DMA1_Stream1_IRQHandler
                0x08006d84                UART4_IRQHandler
                0x08006d84                RCC_IRQHandler
                0x08006d84                TIM8_BRK_TIM12_IRQHandler
                0x08006d84                Default_Handler
                0x08006d84                EXTI15_10_IRQHandler
                0x08006d84                ADC_IRQHandler
                0x08006d84                DMA1_Stream7_IRQHandler
                0x08006d84                CAN2_TX_IRQHandler
                0x08006d84                TIM5_IRQHandler
                0x08006d84                I2C3_EV_IRQHandler
                0x08006d84                EXTI9_5_IRQHandler
                0x08006d84                RTC_WKUP_IRQHandler
                0x08006d84                ETH_WKUP_IRQHandler
                0x08006d84                SPI2_IRQHandler
                0x08006d84                OTG_HS_EP1_IN_IRQHandler
                0x08006d84                DMA1_Stream0_IRQHandler
                0x08006d84                CAN1_TX_IRQHandler
                0x08006d84                EXTI4_IRQHandler
                0x08006d84                FSMC_IRQHandler
                0x08006d84                ETH_IRQHandler
                0x08006d84                OTG_HS_EP1_OUT_IRQHandler
                0x08006d84                WWDG_IRQHandler
                0x08006d84                TIM2_IRQHandler
                0x08006d84                OTG_FS_WKUP_IRQHandler
                0x08006d84                TIM1_TRG_COM_TIM11_IRQHandler
                0x08006d84                OTG_HS_IRQHandler
                0x08006d84                EXTI1_IRQHandler
                0x08006d84                USART2_IRQHandler
                0x08006d84                I2C2_ER_IRQHandler
                0x08006d84                CAN1_SCE_IRQHandler
                0x08006d84                FLASH_IRQHandler
                0x08006d84                DMA2_Stream4_IRQHandler
                0x08006d84                OTG_FS_IRQHandler
                0x08006d84                SPI3_IRQHandler
                0x08006d84                DMA1_Stream4_IRQHandler
                0x08006d84                I2C1_ER_IRQHandler
                0x08006d84                DMA1_Stream3_IRQHandler
 .text.__cvt    0x08006d86       0xca C:/STM32/arm-none-eabi-gcc/14.2.1-1.1.1/.content/bin/../lib/gcc/arm-none-eabi/14.2.1/../../../../arm-none-eabi/lib/thumb/v7e-m+fp/hard\libc_nano.a(libc_a-nano-vfprintf_float.o)
                0x08006d86                __cvt
 .text.__exponent
                0x08006e50       0x74 C:/STM32/arm-none-eabi-gcc/14.2.1-1.1.1/.content/bin/../lib/gcc/arm-none-eabi/14.2.1/../../../../arm-none-eabi/lib/thumb/v7e-m+fp/hard\libc_nano.a(libc_a-nano-vfprintf_float.o)
                0x08006e50                __exponent
 .text._printf_float
                0x08006ec4      0x450 C:/STM32/arm-none-eabi-gcc/14.2.1-1.1.1/.content/bin/../lib/gcc/arm-none-eabi/14.2.1/../../../../arm-none-eabi/lib/thumb/v7e-m+fp/hard\libc_nano.a(libc_a-nano-vfprintf_float.o)
                0x08006ec4                _printf_float
 .text._printf_common
                0x08007314       0xda C:/STM32/arm-none-eabi-gcc/14.2.1-1.1.1/.content/bin/../lib/gcc/arm-none-eabi/14.2.1/../../../../arm-none-eabi/lib/thumb/v7e-m+fp/hard\libc_nano.a(libc_a-nano-vfprintf_i.o)
                0x08007314                _printf_common
 *fill*         0x080073ee        0x2 
 .text._printf_i
                0x080073f0      0x240 C:/STM32/arm-none-eabi-gcc/14.2.1-1.1.1/.content/bin/../lib/gcc/arm-none-eabi/14.2.1/../../../../arm-none-eabi/lib/thumb/v7e-m+fp/hard\libc_nano.a(libc_a-nano-vfprintf_i.o)
                0x080073f0                _printf_i
 .text.std      0x08007630       0x6c C:/STM32/arm-none-eabi-gcc/14.2.1-1.1.1/.content/bin/../lib/gcc/arm-none-eabi/14.2.1/../../../../arm-none-eabi/lib/thumb/v7e-m+fp/hard\libc_nano.a(libc_a-findfp.o)
 .text.stdio_exit_handler
                0x0800769c       0x18 C:/STM32/arm-none-eabi-gcc/14.2.1-1.1.1/.content/bin/../lib/gcc/arm-none-eabi/14.2.1/../../../../arm-none-eabi/lib/thumb/v7e-m+fp/hard\libc_nano.a(libc_a-findfp.o)
 .text.cleanup_stdio
                0x080076b4       0x40 C:/STM32/arm-none-eabi-gcc/14.2.1-1.1.1/.content/bin/../lib/gcc/arm-none-eabi/14.2.1/../../../../arm-none-eabi/lib/thumb/v7e-m+fp/hard\libc_nano.a(libc_a-findfp.o)
 .text.global_stdio_init.part.0
                0x080076f4       0x40 C:/STM32/arm-none-eabi-gcc/14.2.1-1.1.1/.content/bin/../lib/gcc/arm-none-eabi/14.2.1/../../../../arm-none-eabi/lib/thumb/v7e-m+fp/hard\libc_nano.a(libc_a-findfp.o)
 .text.__sfp_lock_acquire
                0x08007734        0xc C:/STM32/arm-none-eabi-gcc/14.2.1-1.1.1/.content/bin/../lib/gcc/arm-none-eabi/14.2.1/../../../../arm-none-eabi/lib/thumb/v7e-m+fp/hard\libc_nano.a(libc_a-findfp.o)
                0x08007734                __sfp_lock_acquire
 .text.__sfp_lock_release
                0x08007740        0xc C:/STM32/arm-none-eabi-gcc/14.2.1-1.1.1/.content/bin/../lib/gcc/arm-none-eabi/14.2.1/../../../../arm-none-eabi/lib/thumb/v7e-m+fp/hard\libc_nano.a(libc_a-findfp.o)
                0x08007740                __sfp_lock_release
 .text.__sinit  0x0800774c       0x30 C:/STM32/arm-none-eabi-gcc/14.2.1-1.1.1/.content/bin/../lib/gcc/arm-none-eabi/14.2.1/../../../../arm-none-eabi/lib/thumb/v7e-m+fp/hard\libc_nano.a(libc_a-findfp.o)
                0x0800774c                __sinit
 .text._fwalk_sglue
                0x0800777c       0x3c C:/STM32/arm-none-eabi-gcc/14.2.1-1.1.1/.content/bin/../lib/gcc/arm-none-eabi/14.2.1/../../../../arm-none-eabi/lib/thumb/v7e-m+fp/hard\libc_nano.a(libc_a-fwalk.o)
                0x0800777c                _fwalk_sglue
 .text.printf   0x080077b8       0x24 C:/STM32/arm-none-eabi-gcc/14.2.1-1.1.1/.content/bin/../lib/gcc/arm-none-eabi/14.2.1/../../../../arm-none-eabi/lib/thumb/v7e-m+fp/hard\libc_nano.a(libc_a-printf.o)
                0x080077b8                iprintf
                0x080077b8                printf
 .text._puts_r  0x080077dc       0xaa C:/STM32/arm-none-eabi-gcc/14.2.1-1.1.1/.content/bin/../lib/gcc/arm-none-eabi/14.2.1/../../../../arm-none-eabi/lib/thumb/v7e-m+fp/hard\libc_nano.a(libc_a-puts.o)
                0x080077dc                _puts_r
 *fill*         0x08007886        0x2 
 .text.puts     0x08007888       0x10 C:/STM32/arm-none-eabi-gcc/14.2.1-1.1.1/.content/bin/../lib/gcc/arm-none-eabi/14.2.1/../../../../arm-none-eabi/lib/thumb/v7e-m+fp/hard\libc_nano.a(libc_a-puts.o)
                0x08007888                puts
 .text.__sread  0x08007898       0x22 C:/STM32/arm-none-eabi-gcc/14.2.1-1.1.1/.content/bin/../lib/gcc/arm-none-eabi/14.2.1/../../../../arm-none-eabi/lib/thumb/v7e-m+fp/hard\libc_nano.a(libc_a-stdio.o)
                0x08007898                __sread
 .text.__swrite
                0x080078ba       0x38 C:/STM32/arm-none-eabi-gcc/14.2.1-1.1.1/.content/bin/../lib/gcc/arm-none-eabi/14.2.1/../../../../arm-none-eabi/lib/thumb/v7e-m+fp/hard\libc_nano.a(libc_a-stdio.o)
                0x080078ba                __swrite
 .text.__sseek  0x080078f2       0x26 C:/STM32/arm-none-eabi-gcc/14.2.1-1.1.1/.content/bin/../lib/gcc/arm-none-eabi/14.2.1/../../../../arm-none-eabi/lib/thumb/v7e-m+fp/hard\libc_nano.a(libc_a-stdio.o)
                0x080078f2                __sseek
 .text.__sclose
                0x08007918        0x8 C:/STM32/arm-none-eabi-gcc/14.2.1-1.1.1/.content/bin/../lib/gcc/arm-none-eabi/14.2.1/../../../../arm-none-eabi/lib/thumb/v7e-m+fp/hard\libc_nano.a(libc_a-stdio.o)
                0x08007918                __sclose
 .text.__swbuf_r
                0x08007920       0x7c C:/STM32/arm-none-eabi-gcc/14.2.1-1.1.1/.content/bin/../lib/gcc/arm-none-eabi/14.2.1/../../../../arm-none-eabi/lib/thumb/v7e-m+fp/hard\libc_nano.a(libc_a-wbuf.o)
                0x08007920                __swbuf_r
 .text.__swsetup_r
                0x0800799c       0xa8 C:/STM32/arm-none-eabi-gcc/14.2.1-1.1.1/.content/bin/../lib/gcc/arm-none-eabi/14.2.1/../../../../arm-none-eabi/lib/thumb/v7e-m+fp/hard\libc_nano.a(libc_a-wsetup.o)
                0x0800799c                __swsetup_r
 .text.memset   0x08007a44       0x10 C:/STM32/arm-none-eabi-gcc/14.2.1-1.1.1/.content/bin/../lib/gcc/arm-none-eabi/14.2.1/../../../../arm-none-eabi/lib/thumb/v7e-m+fp/hard\libc_nano.a(libc_a-memset.o)
                0x08007a44                memset
 .text._localeconv_r
                0x08007a54        0x8 C:/STM32/arm-none-eabi-gcc/14.2.1-1.1.1/.content/bin/../lib/gcc/arm-none-eabi/14.2.1/../../../../arm-none-eabi/lib/thumb/v7e-m+fp/hard\libc_nano.a(libc_a-localeconv.o)
                0x08007a54                _localeconv_r
 .text._close_r
                0x08007a5c       0x20 C:/STM32/arm-none-eabi-gcc/14.2.1-1.1.1/.content/bin/../lib/gcc/arm-none-eabi/14.2.1/../../../../arm-none-eabi/lib/thumb/v7e-m+fp/hard\libc_nano.a(libc_a-closer.o)
                0x08007a5c                _close_r
 .text._lseek_r
                0x08007a7c       0x24 C:/STM32/arm-none-eabi-gcc/14.2.1-1.1.1/.content/bin/../lib/gcc/arm-none-eabi/14.2.1/../../../../arm-none-eabi/lib/thumb/v7e-m+fp/hard\libc_nano.a(libc_a-lseekr.o)
                0x08007a7c                _lseek_r
 .text._read_r  0x08007aa0       0x24 C:/STM32/arm-none-eabi-gcc/14.2.1-1.1.1/.content/bin/../lib/gcc/arm-none-eabi/14.2.1/../../../../arm-none-eabi/lib/thumb/v7e-m+fp/hard\libc_nano.a(libc_a-readr.o)
                0x08007aa0                _read_r
 .text._write_r
                0x08007ac4       0x24 C:/STM32/arm-none-eabi-gcc/14.2.1-1.1.1/.content/bin/../lib/gcc/arm-none-eabi/14.2.1/../../../../arm-none-eabi/lib/thumb/v7e-m+fp/hard\libc_nano.a(libc_a-writer.o)
                0x08007ac4                _write_r
 .text.__errno  0x08007ae8        0xc C:/STM32/arm-none-eabi-gcc/14.2.1-1.1.1/.content/bin/../lib/gcc/arm-none-eabi/14.2.1/../../../../arm-none-eabi/lib/thumb/v7e-m+fp/hard\libc_nano.a(libc_a-errno.o)
                0x08007ae8                __errno
 .text.__libc_init_array
                0x08007af4       0x48 C:/STM32/arm-none-eabi-gcc/14.2.1-1.1.1/.content/bin/../lib/gcc/arm-none-eabi/14.2.1/../../../../arm-none-eabi/lib/thumb/v7e-m+fp/hard\libc_nano.a(libc_a-init.o)
                0x08007af4                __libc_init_array
 .text.__retarget_lock_init_recursive
                0x08007b3c        0x2 C:/STM32/arm-none-eabi-gcc/14.2.1-1.1.1/.content/bin/../lib/gcc/arm-none-eabi/14.2.1/../../../../arm-none-eabi/lib/thumb/v7e-m+fp/hard\libc_nano.a(libc_a-lock.o)
                0x08007b3c                __retarget_lock_init_recursive
 .text.__retarget_lock_acquire_recursive
                0x08007b3e        0x2 C:/STM32/arm-none-eabi-gcc/14.2.1-1.1.1/.content/bin/../lib/gcc/arm-none-eabi/14.2.1/../../../../arm-none-eabi/lib/thumb/v7e-m+fp/hard\libc_nano.a(libc_a-lock.o)
                0x08007b3e                __retarget_lock_acquire_recursive
 .text.__retarget_lock_release_recursive
                0x08007b40        0x2 C:/STM32/arm-none-eabi-gcc/14.2.1-1.1.1/.content/bin/../lib/gcc/arm-none-eabi/14.2.1/../../../../arm-none-eabi/lib/thumb/v7e-m+fp/hard\libc_nano.a(libc_a-lock.o)
                0x08007b40                __retarget_lock_release_recursive
 .text.memcpy   0x08007b42       0x1c C:/STM32/arm-none-eabi-gcc/14.2.1-1.1.1/.content/bin/../lib/gcc/arm-none-eabi/14.2.1/../../../../arm-none-eabi/lib/thumb/v7e-m+fp/hard\libc_nano.a(libc_a-memcpy-stub.o)
                0x08007b42                memcpy
 .text.quorem   0x08007b5e      0x110 C:/STM32/arm-none-eabi-gcc/14.2.1-1.1.1/.content/bin/../lib/gcc/arm-none-eabi/14.2.1/../../../../arm-none-eabi/lib/thumb/v7e-m+fp/hard\libc_nano.a(libc_a-dtoa.o)
 *fill*         0x08007c6e        0x2 
 .text._dtoa_r  0x08007c70      0xbc0 C:/STM32/arm-none-eabi-gcc/14.2.1-1.1.1/.content/bin/../lib/gcc/arm-none-eabi/14.2.1/../../../../arm-none-eabi/lib/thumb/v7e-m+fp/hard\libc_nano.a(libc_a-dtoa.o)
                0x08007c70                _dtoa_r
 .text._free_r  0x08008830       0x94 C:/STM32/arm-none-eabi-gcc/14.2.1-1.1.1/.content/bin/../lib/gcc/arm-none-eabi/14.2.1/../../../../arm-none-eabi/lib/thumb/v7e-m+fp/hard\libc_nano.a(libc_a-freer.o)
                0x08008830                _free_r
 .text.malloc   0x080088c4       0x10 C:/STM32/arm-none-eabi-gcc/14.2.1-1.1.1/.content/bin/../lib/gcc/arm-none-eabi/14.2.1/../../../../arm-none-eabi/lib/thumb/v7e-m+fp/hard\libc_nano.a(libc_a-malloc.o)
                0x080088c4                malloc
 .text.sbrk_aligned
                0x080088d4       0x44 C:/STM32/arm-none-eabi-gcc/14.2.1-1.1.1/.content/bin/../lib/gcc/arm-none-eabi/14.2.1/../../../../arm-none-eabi/lib/thumb/v7e-m+fp/hard\libc_nano.a(libc_a-mallocr.o)
 .text._malloc_r
                0x08008918      0x100 C:/STM32/arm-none-eabi-gcc/14.2.1-1.1.1/.content/bin/../lib/gcc/arm-none-eabi/14.2.1/../../../../arm-none-eabi/lib/thumb/v7e-m+fp/hard\libc_nano.a(libc_a-mallocr.o)
                0x08008918                _malloc_r
 .text.__malloc_lock
                0x08008a18        0xc C:/STM32/arm-none-eabi-gcc/14.2.1-1.1.1/.content/bin/../lib/gcc/arm-none-eabi/14.2.1/../../../../arm-none-eabi/lib/thumb/v7e-m+fp/hard\libc_nano.a(libc_a-mlock.o)
                0x08008a18                __malloc_lock
 .text.__malloc_unlock
                0x08008a24        0xc C:/STM32/arm-none-eabi-gcc/14.2.1-1.1.1/.content/bin/../lib/gcc/arm-none-eabi/14.2.1/../../../../arm-none-eabi/lib/thumb/v7e-m+fp/hard\libc_nano.a(libc_a-mlock.o)
                0x08008a24                __malloc_unlock
 .text._Balloc  0x08008a30       0x7c C:/STM32/arm-none-eabi-gcc/14.2.1-1.1.1/.content/bin/../lib/gcc/arm-none-eabi/14.2.1/../../../../arm-none-eabi/lib/thumb/v7e-m+fp/hard\libc_nano.a(libc_a-mprec.o)
                0x08008a30                _Balloc
 .text._Bfree   0x08008aac       0x44 C:/STM32/arm-none-eabi-gcc/14.2.1-1.1.1/.content/bin/../lib/gcc/arm-none-eabi/14.2.1/../../../../arm-none-eabi/lib/thumb/v7e-m+fp/hard\libc_nano.a(libc_a-mprec.o)
                0x08008aac                _Bfree
 .text.__multadd
                0x08008af0       0x8c C:/STM32/arm-none-eabi-gcc/14.2.1-1.1.1/.content/bin/../lib/gcc/arm-none-eabi/14.2.1/../../../../arm-none-eabi/lib/thumb/v7e-m+fp/hard\libc_nano.a(libc_a-mprec.o)
                0x08008af0                __multadd
 .text.__hi0bits
                0x08008b7c       0x3e C:/STM32/arm-none-eabi-gcc/14.2.1-1.1.1/.content/bin/../lib/gcc/arm-none-eabi/14.2.1/../../../../arm-none-eabi/lib/thumb/v7e-m+fp/hard\libc_nano.a(libc_a-mprec.o)
                0x08008b7c                __hi0bits
 .text.__lo0bits
                0x08008bba       0x5a C:/STM32/arm-none-eabi-gcc/14.2.1-1.1.1/.content/bin/../lib/gcc/arm-none-eabi/14.2.1/../../../../arm-none-eabi/lib/thumb/v7e-m+fp/hard\libc_nano.a(libc_a-mprec.o)
                0x08008bba                __lo0bits
 .text.__i2b    0x08008c14       0x2c C:/STM32/arm-none-eabi-gcc/14.2.1-1.1.1/.content/bin/../lib/gcc/arm-none-eabi/14.2.1/../../../../arm-none-eabi/lib/thumb/v7e-m+fp/hard\libc_nano.a(libc_a-mprec.o)
                0x08008c14                __i2b
 .text.__multiply
                0x08008c40      0x154 C:/STM32/arm-none-eabi-gcc/14.2.1-1.1.1/.content/bin/../lib/gcc/arm-none-eabi/14.2.1/../../../../arm-none-eabi/lib/thumb/v7e-m+fp/hard\libc_nano.a(libc_a-mprec.o)
                0x08008c40                __multiply
 .text.__pow5mult
                0x08008d94       0xb8 C:/STM32/arm-none-eabi-gcc/14.2.1-1.1.1/.content/bin/../lib/gcc/arm-none-eabi/14.2.1/../../../../arm-none-eabi/lib/thumb/v7e-m+fp/hard\libc_nano.a(libc_a-mprec.o)
                0x08008d94                __pow5mult
 .text.__lshift
                0x08008e4c       0xdc C:/STM32/arm-none-eabi-gcc/14.2.1-1.1.1/.content/bin/../lib/gcc/arm-none-eabi/14.2.1/../../../../arm-none-eabi/lib/thumb/v7e-m+fp/hard\libc_nano.a(libc_a-mprec.o)
                0x08008e4c                __lshift
 .text.__mcmp   0x08008f28       0x36 C:/STM32/arm-none-eabi-gcc/14.2.1-1.1.1/.content/bin/../lib/gcc/arm-none-eabi/14.2.1/../../../../arm-none-eabi/lib/thumb/v7e-m+fp/hard\libc_nano.a(libc_a-mprec.o)
                0x08008f28                __mcmp
 *fill*         0x08008f5e        0x2 
 .text.__mdiff  0x08008f60      0x130 C:/STM32/arm-none-eabi-gcc/14.2.1-1.1.1/.content/bin/../lib/gcc/arm-none-eabi/14.2.1/../../../../arm-none-eabi/lib/thumb/v7e-m+fp/hard\libc_nano.a(libc_a-mprec.o)
                0x08008f60                __mdiff
 .text.__d2b    0x08009090       0xb0 C:/STM32/arm-none-eabi-gcc/14.2.1-1.1.1/.content/bin/../lib/gcc/arm-none-eabi/14.2.1/../../../../arm-none-eabi/lib/thumb/v7e-m+fp/hard\libc_nano.a(libc_a-mprec.o)
                0x08009090                __d2b
 .text.__sfputc_r
                0x08009140       0x2e C:/STM32/arm-none-eabi-gcc/14.2.1-1.1.1/.content/bin/../lib/gcc/arm-none-eabi/14.2.1/../../../../arm-none-eabi/lib/thumb/v7e-m+fp/hard\libc_nano.a(libc_a-nano-vfprintf.o)
 .text.__sfputs_r
                0x0800916e       0x24 C:/STM32/arm-none-eabi-gcc/14.2.1-1.1.1/.content/bin/../lib/gcc/arm-none-eabi/14.2.1/../../../../arm-none-eabi/lib/thumb/v7e-m+fp/hard\libc_nano.a(libc_a-nano-vfprintf.o)
                0x0800916e                __sfputs_r
 *fill*         0x08009192        0x2 
 .text._vfprintf_r
                0x08009194      0x230 C:/STM32/arm-none-eabi-gcc/14.2.1-1.1.1/.content/bin/../lib/gcc/arm-none-eabi/14.2.1/../../../../arm-none-eabi/lib/thumb/v7e-m+fp/hard\libc_nano.a(libc_a-nano-vfprintf.o)
                0x08009194                _vfprintf_r
                0x08009194                _vfiprintf_r
 .text.__sflush_r
                0x080093c4      0x104 C:/STM32/arm-none-eabi-gcc/14.2.1-1.1.1/.content/bin/../lib/gcc/arm-none-eabi/14.2.1/../../../../arm-none-eabi/lib/thumb/v7e-m+fp/hard\libc_nano.a(libc_a-fflush.o)
                0x080093c4                __sflush_r
 .text._fflush_r
                0x080094c8       0x50 C:/STM32/arm-none-eabi-gcc/14.2.1-1.1.1/.content/bin/../lib/gcc/arm-none-eabi/14.2.1/../../../../arm-none-eabi/lib/thumb/v7e-m+fp/hard\libc_nano.a(libc_a-fflush.o)
                0x080094c8                _fflush_r
 .text.__swhatbuf_r
                0x08009518       0x48 C:/STM32/arm-none-eabi-gcc/14.2.1-1.1.1/.content/bin/../lib/gcc/arm-none-eabi/14.2.1/../../../../arm-none-eabi/lib/thumb/v7e-m+fp/hard\libc_nano.a(libc_a-makebuf.o)
                0x08009518                __swhatbuf_r
 .text.__smakebuf_r
                0x08009560       0x72 C:/STM32/arm-none-eabi-gcc/14.2.1-1.1.1/.content/bin/../lib/gcc/arm-none-eabi/14.2.1/../../../../arm-none-eabi/lib/thumb/v7e-m+fp/hard\libc_nano.a(libc_a-makebuf.o)
                0x08009560                __smakebuf_r
 *fill*         0x080095d2        0x2 
 .text._fstat_r
                0x080095d4       0x24 C:/STM32/arm-none-eabi-gcc/14.2.1-1.1.1/.content/bin/../lib/gcc/arm-none-eabi/14.2.1/../../../../arm-none-eabi/lib/thumb/v7e-m+fp/hard\libc_nano.a(libc_a-fstatr.o)
                0x080095d4                _fstat_r
 .text._isatty_r
                0x080095f8       0x20 C:/STM32/arm-none-eabi-gcc/14.2.1-1.1.1/.content/bin/../lib/gcc/arm-none-eabi/14.2.1/../../../../arm-none-eabi/lib/thumb/v7e-m+fp/hard\libc_nano.a(libc_a-isattyr.o)
                0x080095f8                _isatty_r
 .text._sbrk_r  0x08009618       0x20 C:/STM32/arm-none-eabi-gcc/14.2.1-1.1.1/.content/bin/../lib/gcc/arm-none-eabi/14.2.1/../../../../arm-none-eabi/lib/thumb/v7e-m+fp/hard\libc_nano.a(libc_a-sbrkr.o)
                0x08009618                _sbrk_r
 .text.__assert_func
                0x08009638       0x3c C:/STM32/arm-none-eabi-gcc/14.2.1-1.1.1/.content/bin/../lib/gcc/arm-none-eabi/14.2.1/../../../../arm-none-eabi/lib/thumb/v7e-m+fp/hard\libc_nano.a(libc_a-assert.o)
                0x08009638                __assert_func
 .text._calloc_r
                0x08009674       0x28 C:/STM32/arm-none-eabi-gcc/14.2.1-1.1.1/.content/bin/../lib/gcc/arm-none-eabi/14.2.1/../../../../arm-none-eabi/lib/thumb/v7e-m+fp/hard\libc_nano.a(libc_a-callocr.o)
                0x08009674                _calloc_r
 .text.__ascii_mbtowc
                0x0800969c       0x24 C:/STM32/arm-none-eabi-gcc/14.2.1-1.1.1/.content/bin/../lib/gcc/arm-none-eabi/14.2.1/../../../../arm-none-eabi/lib/thumb/v7e-m+fp/hard\libc_nano.a(libc_a-mbtowc_r.o)
                0x0800969c                __ascii_mbtowc
 .text.__ascii_wctomb
                0x080096c0       0x1a C:/STM32/arm-none-eabi-gcc/14.2.1-1.1.1/.content/bin/../lib/gcc/arm-none-eabi/14.2.1/../../../../arm-none-eabi/lib/thumb/v7e-m+fp/hard\libc_nano.a(libc_a-wctomb_r.o)
                0x080096c0                __ascii_wctomb
 *fill*         0x080096da        0x2 
 .text.fprintf  0x080096dc       0x24 C:/STM32/arm-none-eabi-gcc/14.2.1-1.1.1/.content/bin/../lib/gcc/arm-none-eabi/14.2.1/../../../../arm-none-eabi/lib/thumb/v7e-m+fp/hard\libc_nano.a(libc_a-fprintf.o)
                0x080096dc                fiprintf
                0x080096dc                fprintf
 .text.abort    0x08009700        0xe C:/STM32/arm-none-eabi-gcc/14.2.1-1.1.1/.content/bin/../lib/gcc/arm-none-eabi/14.2.1/../../../../arm-none-eabi/lib/thumb/v7e-m+fp/hard\libc_nano.a(libc_a-abort.o)
                0x08009700                abort
 .text._raise_r
                0x0800970e       0x50 C:/STM32/arm-none-eabi-gcc/14.2.1-1.1.1/.content/bin/../lib/gcc/arm-none-eabi/14.2.1/../../../../arm-none-eabi/lib/thumb/v7e-m+fp/hard\libc_nano.a(libc_a-signal.o)
                0x0800970e                _raise_r
 *fill*         0x0800975e        0x2 
 .text.raise    0x08009760       0x10 C:/STM32/arm-none-eabi-gcc/14.2.1-1.1.1/.content/bin/../lib/gcc/arm-none-eabi/14.2.1/../../../../arm-none-eabi/lib/thumb/v7e-m+fp/hard\libc_nano.a(libc_a-signal.o)
                0x08009760                raise
 .text._kill_r  0x08009770       0x24 C:/STM32/arm-none-eabi-gcc/14.2.1-1.1.1/.content/bin/../lib/gcc/arm-none-eabi/14.2.1/../../../../arm-none-eabi/lib/thumb/v7e-m+fp/hard\libc_nano.a(libc_a-signalr.o)
                0x08009770                _kill_r
 .text._getpid_r
                0x08009794        0x4 C:/STM32/arm-none-eabi-gcc/14.2.1-1.1.1/.content/bin/../lib/gcc/arm-none-eabi/14.2.1/../../../../arm-none-eabi/lib/thumb/v7e-m+fp/hard\libc_nano.a(libc_a-signalr.o)
                0x08009794                _getpid_r
 .text.__udivmoddi4
                0x08009798      0x2f8 C:/STM32/arm-none-eabi-gcc/14.2.1-1.1.1/.content/bin/../lib/gcc/arm-none-eabi/14.2.1/thumb/v7e-m+fp/hard\libgcc.a(_udivmoddi4.o)
                0x08009798                __udivmoddi4
 *(.glue_7)
 .glue_7        0x08009a90        0x0 linker stubs
 *(.glue_7t)
 .glue_7t       0x08009a90        0x0 linker stubs
 *(.eh_frame)
 .eh_frame      0x08009a90        0x0 C:/STM32/arm-none-eabi-gcc/14.2.1-1.1.1/.content/bin/../lib/gcc/arm-none-eabi/14.2.1/thumb/v7e-m+fp/hard/crtbegin.o
 *(.init)
 .init          0x08009a90        0x4 C:/STM32/arm-none-eabi-gcc/14.2.1-1.1.1/.content/bin/../lib/gcc/arm-none-eabi/14.2.1/thumb/v7e-m+fp/hard/crti.o
                0x08009a90                _init
 .init          0x08009a94        0x8 C:/STM32/arm-none-eabi-gcc/14.2.1-1.1.1/.content/bin/../lib/gcc/arm-none-eabi/14.2.1/thumb/v7e-m+fp/hard/crtn.o
 *(.fini)
 .fini          0x08009a9c        0x4 C:/STM32/arm-none-eabi-gcc/14.2.1-1.1.1/.content/bin/../lib/gcc/arm-none-eabi/14.2.1/thumb/v7e-m+fp/hard/crti.o
                0x08009a9c                _fini
 .fini          0x08009aa0        0x8 C:/STM32/arm-none-eabi-gcc/14.2.1-1.1.1/.content/bin/../lib/gcc/arm-none-eabi/14.2.1/thumb/v7e-m+fp/hard/crtn.o
                0x08009aa8                        . = ALIGN (0x4)
                0x08009aa8                        _etext = .

.vfp11_veneer   0x08009aa8        0x0
 .vfp11_veneer  0x08009aa8        0x0 linker stubs

.v4_bx          0x08009aa8        0x0
 .v4_bx         0x08009aa8        0x0 linker stubs

.iplt           0x08009aa8        0x0
 .iplt          0x08009aa8        0x0 C:/STM32/arm-none-eabi-gcc/14.2.1-1.1.1/.content/bin/../lib/gcc/arm-none-eabi/14.2.1/thumb/v7e-m+fp/hard/crtbegin.o

.rodata         0x08009aa8      0x5a4
                0x08009aa8                        . = ALIGN (0x4)
 *(.rodata)
 *(.rodata*)
 .rodata.LED_SaveState.str1.4
                0x08009aa8      0x130 build/debug/freertos.o
                                 0x1a (size before relaxing)
 .rodata.LED_RestoreState.str1.4
                0x08009bd8       0x35 build/debug/freertos.o
 .rodata.StartLedTask.str1.4
                0x08009bd8       0xba build/debug/freertos.o
 .rodata.str1.4
                0x08009bd8        0x8 build/debug/freertos.o
 .rodata.ledTask_attributes
                0x08009bd8       0x24 build/debug/freertos.o
                0x08009bd8                ledTask_attributes
 .rodata.ledConfigs
                0x08009bfc       0x38 build/debug/freertos.o
 .rodata.keyConfigs
                0x08009c34       0x30 build/debug/freertos.o
 .rodata.flagBitshiftOffset.0
                0x08009c64        0x8 build/debug/stm32f4xx_hal_dma.o
 .rodata.APBPrescTable
                0x08009c6c        0x8 build/debug/system_stm32f4xx.o
                0x08009c6c                APBPrescTable
 .rodata.AHBPrescTable
                0x08009c74       0x10 build/debug/system_stm32f4xx.o
                0x08009c74                AHBPrescTable
 .rodata.vTaskStartScheduler.str1.4
                0x08009c84        0x5 build/debug/tasks.o
 .rodata.prvCheckForValidListAndQueue.str1.4
                0x08009c84        0x5 build/debug/timers.o
 .rodata.xTimerCreateTimerTask.str1.4
                0x08009c84        0x8 build/debug/timers.o
 .rodata._printf_float.str1.1
                0x08009c84      0x1c5 C:/STM32/arm-none-eabi-gcc/14.2.1-1.1.1/.content/bin/../lib/gcc/arm-none-eabi/14.2.1/../../../../arm-none-eabi/lib/thumb/v7e-m+fp/hard\libc_nano.a(libc_a-nano-vfprintf_float.o)
                                 0x12 (size before relaxing)
 .rodata._printf_i.str1.1
                0x08009e49       0x22 C:/STM32/arm-none-eabi-gcc/14.2.1-1.1.1/.content/bin/../lib/gcc/arm-none-eabi/14.2.1/../../../../arm-none-eabi/lib/thumb/v7e-m+fp/hard\libc_nano.a(libc_a-nano-vfprintf_i.o)
 .rodata._dtoa_r.str1.1
                0x08009e49       0xb9 C:/STM32/arm-none-eabi-gcc/14.2.1-1.1.1/.content/bin/../lib/gcc/arm-none-eabi/14.2.1/../../../../arm-none-eabi/lib/thumb/v7e-m+fp/hard\libc_nano.a(libc_a-dtoa.o)
 .rodata._Balloc.str1.1
                0x08009e49       0x9a C:/STM32/arm-none-eabi-gcc/14.2.1-1.1.1/.content/bin/../lib/gcc/arm-none-eabi/14.2.1/../../../../arm-none-eabi/lib/thumb/v7e-m+fp/hard\libc_nano.a(libc_a-mprec.o)
 .rodata.__multadd.str1.1
                0x08009e49       0x11 C:/STM32/arm-none-eabi-gcc/14.2.1-1.1.1/.content/bin/../lib/gcc/arm-none-eabi/14.2.1/../../../../arm-none-eabi/lib/thumb/v7e-m+fp/hard\libc_nano.a(libc_a-mprec.o)
 *fill*         0x08009e49        0x3 
 .rodata.p05.0  0x08009e4c        0xc C:/STM32/arm-none-eabi-gcc/14.2.1-1.1.1/.content/bin/../lib/gcc/arm-none-eabi/14.2.1/../../../../arm-none-eabi/lib/thumb/v7e-m+fp/hard\libc_nano.a(libc_a-mprec.o)
 .rodata.__mprec_bigtens
                0x08009e58       0x28 C:/STM32/arm-none-eabi-gcc/14.2.1-1.1.1/.content/bin/../lib/gcc/arm-none-eabi/14.2.1/../../../../arm-none-eabi/lib/thumb/v7e-m+fp/hard\libc_nano.a(libc_a-mprec.o)
                0x08009e58                __mprec_bigtens
 .rodata.__mprec_tens
                0x08009e80       0xc8 C:/STM32/arm-none-eabi-gcc/14.2.1-1.1.1/.content/bin/../lib/gcc/arm-none-eabi/14.2.1/../../../../arm-none-eabi/lib/thumb/v7e-m+fp/hard\libc_nano.a(libc_a-mprec.o)
                0x08009e80                __mprec_tens
 .rodata._vfprintf_r.str1.1
                0x08009f48       0x11 C:/STM32/arm-none-eabi-gcc/14.2.1-1.1.1/.content/bin/../lib/gcc/arm-none-eabi/14.2.1/../../../../arm-none-eabi/lib/thumb/v7e-m+fp/hard\libc_nano.a(libc_a-nano-vfprintf.o)
 .rodata._setlocale_r.str1.1
                0x08009f48        0x9 C:/STM32/arm-none-eabi-gcc/14.2.1-1.1.1/.content/bin/../lib/gcc/arm-none-eabi/14.2.1/../../../../arm-none-eabi/lib/thumb/v7e-m+fp/hard\libc_nano.a(libc_a-locale.o)
 .rodata.str1.1
                0x08009f48        0x2 C:/STM32/arm-none-eabi-gcc/14.2.1-1.1.1/.content/bin/../lib/gcc/arm-none-eabi/14.2.1/../../../../arm-none-eabi/lib/thumb/v7e-m+fp/hard\libc_nano.a(libc_a-locale.o)
 .rodata.__assert_func.str1.1
                0x08009f48       0x3d C:/STM32/arm-none-eabi-gcc/14.2.1-1.1.1/.content/bin/../lib/gcc/arm-none-eabi/14.2.1/../../../../arm-none-eabi/lib/thumb/v7e-m+fp/hard\libc_nano.a(libc_a-assert.o)
 .rodata._ctype_
                0x08009f48      0x101 C:/STM32/arm-none-eabi-gcc/14.2.1-1.1.1/.content/bin/../lib/gcc/arm-none-eabi/14.2.1/../../../../arm-none-eabi/lib/thumb/v7e-m+fp/hard\libc_nano.a(libc_a-ctype_.o)
                0x08009f48                _ctype_
                0x0800a04c                        . = ALIGN (0x4)
 *fill*         0x0800a049        0x3 

.ARM.extab      0x0800a04c        0x0
                0x0800a04c                        . = ALIGN (0x4)
 *(.ARM.extab* .gnu.linkonce.armextab.*)
                0x0800a04c                        . = ALIGN (0x4)

.ARM            0x0800a04c        0x8
                0x0800a04c                        . = ALIGN (0x4)
                0x0800a04c                        __exidx_start = .
 *(.ARM.exidx*)
 .ARM.exidx     0x0800a04c        0x8 C:/STM32/arm-none-eabi-gcc/14.2.1-1.1.1/.content/bin/../lib/gcc/arm-none-eabi/14.2.1/../../../../arm-none-eabi/lib/thumb/v7e-m+fp/hard\libc_nano.a(libc_a-memchr.o)
 .ARM.exidx     0x0800a054        0x0 C:/STM32/arm-none-eabi-gcc/14.2.1-1.1.1/.content/bin/../lib/gcc/arm-none-eabi/14.2.1/../../../../arm-none-eabi/lib/thumb/v7e-m+fp/hard\libc_nano.a(libc_a-strlen.o)
                                  0x8 (size before relaxing)
 .ARM.exidx.text.__udivmoddi4
                0x0800a054        0x0 C:/STM32/arm-none-eabi-gcc/14.2.1-1.1.1/.content/bin/../lib/gcc/arm-none-eabi/14.2.1/thumb/v7e-m+fp/hard\libgcc.a(_udivmoddi4.o)
                                  0x8 (size before relaxing)
                0x0800a054                        __exidx_end = .
                0x0800a054                        . = ALIGN (0x4)

.preinit_array  0x0800a054        0x0
                0x0800a054                        . = ALIGN (0x4)
                0x0800a054                        PROVIDE (__preinit_array_start = .)
 *(.preinit_array*)
                0x0800a054                        PROVIDE (__preinit_array_end = .)
                0x0800a054                        . = ALIGN (0x4)

.init_array     0x0800a054        0x4
                0x0800a054                        . = ALIGN (0x4)
                0x0800a054                        PROVIDE (__init_array_start = .)
 *(SORT_BY_NAME(.init_array.*))
 *(.init_array*)
 .init_array    0x0800a054        0x4 C:/STM32/arm-none-eabi-gcc/14.2.1-1.1.1/.content/bin/../lib/gcc/arm-none-eabi/14.2.1/thumb/v7e-m+fp/hard/crtbegin.o
                0x0800a058                        PROVIDE (__init_array_end = .)
                0x0800a058                        . = ALIGN (0x4)

.fini_array     0x0800a058        0x4
                0x0800a058                        . = ALIGN (0x4)
                0x0800a058                        PROVIDE (__fini_array_start = .)
 *(SORT_BY_NAME(.fini_array.*))
 *(.fini_array*)
 .fini_array    0x0800a058        0x4 C:/STM32/arm-none-eabi-gcc/14.2.1-1.1.1/.content/bin/../lib/gcc/arm-none-eabi/14.2.1/thumb/v7e-m+fp/hard/crtbegin.o
                0x0800a05c                        PROVIDE (__fini_array_end = .)
                0x0800a05c                        . = ALIGN (0x4)
                0x0800a05c                        _sidata = LOADADDR (.data)

.rel.dyn        0x0800a05c        0x0
 .rel.iplt      0x0800a05c        0x0 C:/STM32/arm-none-eabi-gcc/14.2.1-1.1.1/.content/bin/../lib/gcc/arm-none-eabi/14.2.1/thumb/v7e-m+fp/hard/crtbegin.o

.data           0x20000000      0x1dc load address 0x0800a05c
                0x20000000                        . = ALIGN (0x4)
                0x20000000                        _sdata = .
 *(.data)
 *(.data*)
 .data.uxCriticalNesting
                0x20000000        0x4 build/debug/port.o
 .data.uwTickFreq
                0x20000004        0x1 build/debug/stm32f4xx_hal.o
                0x20000004                uwTickFreq
 *fill*         0x20000005        0x3 
 .data.uwTickPrio
                0x20000008        0x4 build/debug/stm32f4xx_hal.o
                0x20000008                uwTickPrio
 .data.SystemCoreClock
                0x2000000c        0x4 build/debug/system_stm32f4xx.o
                0x2000000c                SystemCoreClock
 .data.W25QXX_TYPE
                0x20000010        0x2 build/debug/w25qxx.o
                0x20000010                W25QXX_TYPE
 *fill*         0x20000012        0x2 
 .data.__sglue  0x20000014        0xc C:/STM32/arm-none-eabi-gcc/14.2.1-1.1.1/.content/bin/../lib/gcc/arm-none-eabi/14.2.1/../../../../arm-none-eabi/lib/thumb/v7e-m+fp/hard\libc_nano.a(libc_a-findfp.o)
                0x20000014                __sglue
 .data._impure_ptr
                0x20000020        0x4 C:/STM32/arm-none-eabi-gcc/14.2.1-1.1.1/.content/bin/../lib/gcc/arm-none-eabi/14.2.1/../../../../arm-none-eabi/lib/thumb/v7e-m+fp/hard\libc_nano.a(libc_a-impure.o)
                0x20000020                _impure_ptr
 .data._impure_data
                0x20000024       0x4c C:/STM32/arm-none-eabi-gcc/14.2.1-1.1.1/.content/bin/../lib/gcc/arm-none-eabi/14.2.1/../../../../arm-none-eabi/lib/thumb/v7e-m+fp/hard\libc_nano.a(libc_a-impure.o)
                0x20000024                _impure_data
 .data.__global_locale
                0x20000070      0x16c C:/STM32/arm-none-eabi-gcc/14.2.1-1.1.1/.content/bin/../lib/gcc/arm-none-eabi/14.2.1/../../../../arm-none-eabi/lib/thumb/v7e-m+fp/hard\libc_nano.a(libc_a-locale.o)
                0x20000070                __global_locale
 *(.RamFunc)
 *(.RamFunc*)
                0x200001dc                        . = ALIGN (0x4)
                0x200001dc                        _edata = .
                0x0800a238                        _siccmram = LOADADDR (.ccmram)

.igot.plt       0x200001dc        0x0 load address 0x0800a238
 .igot.plt      0x200001dc        0x0 C:/STM32/arm-none-eabi-gcc/14.2.1-1.1.1/.content/bin/../lib/gcc/arm-none-eabi/14.2.1/thumb/v7e-m+fp/hard/crtbegin.o

.ccmram         0x10000000        0x0 load address 0x0800a238
                0x10000000                        . = ALIGN (0x4)
                0x10000000                        _sccmram = .
 *(.ccmram)
 *(.ccmram*)
                0x10000000                        . = ALIGN (0x4)
                0x10000000                        _eccmram = .
                0x10000000                        . = ALIGN (0x4)

.bss            0x200001dc     0x98d8
                0x200001dc                        _sbss = .
                0x200001dc                        __bss_start__ = _sbss
 *(.bss)
 *(.bss*)
 .bss.completed.1
                0x200001dc        0x1 C:/STM32/arm-none-eabi-gcc/14.2.1-1.1.1/.content/bin/../lib/gcc/arm-none-eabi/14.2.1/thumb/v7e-m+fp/hard/crtbegin.o
 *fill*         0x200001dd        0x3 
 .bss.object.0  0x200001e0       0x18 C:/STM32/arm-none-eabi-gcc/14.2.1-1.1.1/.content/bin/../lib/gcc/arm-none-eabi/14.2.1/thumb/v7e-m+fp/hard/crtbegin.o
 .bss.hdma_adc1
                0x200001f8       0x60 build/debug/adc.o
                0x200001f8                hdma_adc1
 .bss.hadc1     0x20000258       0x48 build/debug/adc.o
                0x20000258                hadc1
 .bss.Timer_Stack.0
                0x200002a0      0x400 build/debug/cmsis_os2.o
 .bss.Timer_TCB.1
                0x200006a0       0x5c build/debug/cmsis_os2.o
 .bss.Idle_Stack.2
                0x200006fc      0x200 build/debug/cmsis_os2.o
 .bss.Idle_TCB.3
                0x200008fc       0x5c build/debug/cmsis_os2.o
 .bss.KernelState
                0x20000958        0x4 build/debug/cmsis_os2.o
 .bss.hdma_dac1
                0x2000095c       0x60 build/debug/dac.o
                0x2000095c                hdma_dac1
 .bss.hdac      0x200009bc       0x14 build/debug/dac.o
                0x200009bc                hdac
 .bss.ledTaskHandle
                0x200009d0        0x4 build/debug/freertos.o
                0x200009d0                ledTaskHandle
 .bss.currentLed
                0x200009d4        0x1 build/debug/freertos.o
 .bss.ledState  0x200009d5        0x1 build/debug/freertos.o
 *fill*         0x200009d6        0x2 
 .bss.g_uart1Drv
                0x200009d8      0x218 build/debug/freertos.o
 .bss.xBlockAllocatedBit
                0x20000bf0        0x4 build/debug/heap_4.o
 .bss.xNumberOfSuccessfulFrees
                0x20000bf4        0x4 build/debug/heap_4.o
 .bss.xNumberOfSuccessfulAllocations
                0x20000bf8        0x4 build/debug/heap_4.o
 .bss.xMinimumEverFreeBytesRemaining
                0x20000bfc        0x4 build/debug/heap_4.o
 .bss.xFreeBytesRemaining
                0x20000c00        0x4 build/debug/heap_4.o
 .bss.pxEnd     0x20000c04        0x4 build/debug/heap_4.o
 .bss.xStart    0x20000c08        0x8 build/debug/heap_4.o
 .bss.ucHeap    0x20000c10     0x8000 build/debug/heap_4.o
 .bss.hi2c1     0x20008c10       0x54 build/debug/i2c.o
                0x20008c10                hi2c1
 .bss.s_keyCount
                0x20008c64        0x1 build/debug/key.o
 *fill*         0x20008c65        0x3 
 .bss.s_states  0x20008c68       0x30 build/debug/key.o
 .bss.s_configs
                0x20008c98       0x30 build/debug/key.o
 .bss.s_currentMask
                0x20008cc8        0x1 build/debug/led.o
 .bss.s_ledCount
                0x20008cc9        0x1 build/debug/led.o
 *fill*         0x20008cca        0x2 
 .bss.s_configs
                0x20008ccc       0x38 build/debug/led.o
 .bss.g_uart1Drv
                0x20008d04      0x218 build/debug/main.o
                0x20008d04                g_uart1Drv
 .bss.ulMaxPRIGROUPValue
                0x20008f1c        0x4 build/debug/port.o
 .bss.ucMaxSysCallPriority
                0x20008f20        0x1 build/debug/port.o
 *fill*         0x20008f21        0x3 
 .bss.xQueueRegistry
                0x20008f24       0x40 build/debug/queue.o
                0x20008f24                xQueueRegistry
 .bss.hrtc      0x20008f64       0x20 build/debug/rtc.o
                0x20008f64                hrtc
 .bss.hspi1     0x20008f84       0x58 build/debug/spi.o
                0x20008f84                hspi1
 .bss.uwTick    0x20008fdc        0x4 build/debug/stm32f4xx_hal.o
                0x20008fdc                uwTick
 .bss.htim7     0x20008fe0       0x48 build/debug/stm32f4xx_hal_timebase_tim.o
                0x20008fe0                htim7
 .bss.__sbrk_heap_end
                0x20009028        0x4 build/debug/sysmem.o
 .bss.uxSchedulerSuspended
                0x2000902c        0x4 build/debug/tasks.o
 .bss.xIdleTaskHandle
                0x20009030        0x4 build/debug/tasks.o
 .bss.xNextTaskUnblockTime
                0x20009034        0x4 build/debug/tasks.o
 .bss.uxTaskNumber
                0x20009038        0x4 build/debug/tasks.o
 .bss.xNumOfOverflows
                0x2000903c        0x4 build/debug/tasks.o
 .bss.xYieldPending
                0x20009040        0x4 build/debug/tasks.o
 .bss.xPendedTicks
                0x20009044        0x4 build/debug/tasks.o
 .bss.xSchedulerRunning
                0x20009048        0x4 build/debug/tasks.o
 .bss.uxTopReadyPriority
                0x2000904c        0x4 build/debug/tasks.o
 .bss.xTickCount
                0x20009050        0x4 build/debug/tasks.o
 .bss.uxCurrentNumberOfTasks
                0x20009054        0x4 build/debug/tasks.o
 .bss.xSuspendedTaskList
                0x20009058       0x14 build/debug/tasks.o
 .bss.uxDeletedTasksWaitingCleanUp
                0x2000906c        0x4 build/debug/tasks.o
 .bss.xTasksWaitingTermination
                0x20009070       0x14 build/debug/tasks.o
 .bss.xPendingReadyList
                0x20009084       0x14 build/debug/tasks.o
 .bss.pxOverflowDelayedTaskList
                0x20009098        0x4 build/debug/tasks.o
 .bss.pxDelayedTaskList
                0x2000909c        0x4 build/debug/tasks.o
 .bss.xDelayedTaskList2
                0x200090a0       0x14 build/debug/tasks.o
 .bss.xDelayedTaskList1
                0x200090b4       0x14 build/debug/tasks.o
 .bss.pxReadyTasksLists
                0x200090c8      0x460 build/debug/tasks.o
 .bss.pxCurrentTCB
                0x20009528        0x4 build/debug/tasks.o
                0x20009528                pxCurrentTCB
 .bss.htim8     0x2000952c       0x48 build/debug/tim.o
                0x2000952c                htim8
 .bss.htim3     0x20009574       0x48 build/debug/tim.o
                0x20009574                htim3
 .bss.htim2     0x200095bc       0x48 build/debug/tim.o
                0x200095bc                htim2
 .bss.xStaticTimerQueue.0
                0x20009604       0x50 build/debug/timers.o
 .bss.ucStaticTimerQueueStorage.1
                0x20009654       0xa0 build/debug/timers.o
 .bss.xLastTime.2
                0x200096f4        0x4 build/debug/timers.o
 .bss.xTimerTaskHandle
                0x200096f8        0x4 build/debug/timers.o
 .bss.xTimerQueue
                0x200096fc        0x4 build/debug/timers.o
 .bss.pxOverflowTimerList
                0x20009700        0x4 build/debug/timers.o
 .bss.pxCurrentTimerList
                0x20009704        0x4 build/debug/timers.o
 .bss.xActiveTimerList2
                0x20009708       0x14 build/debug/timers.o
 .bss.xActiveTimerList1
                0x2000971c       0x14 build/debug/timers.o
 .bss.s_pDebugPort
                0x20009730        0x4 build/debug/uart_drv.o
 .bss.s_drvCount
                0x20009734        0x1 build/debug/uart_drv.o
 *fill*         0x20009735        0x3 
 .bss.s_drvInstances
                0x20009738       0x20 build/debug/uart_drv.o
 .bss.hdma_usart6_tx
                0x20009758       0x60 build/debug/usart.o
                0x20009758                hdma_usart6_tx
 .bss.hdma_usart6_rx
                0x200097b8       0x60 build/debug/usart.o
                0x200097b8                hdma_usart6_rx
 .bss.hdma_usart1_tx
                0x20009818       0x60 build/debug/usart.o
                0x20009818                hdma_usart1_tx
 .bss.hdma_usart1_rx
                0x20009878       0x60 build/debug/usart.o
                0x20009878                hdma_usart1_rx
 .bss.huart6    0x200098d8       0x48 build/debug/usart.o
                0x200098d8                huart6
 .bss.huart1    0x20009920       0x48 build/debug/usart.o
                0x20009920                huart1
 .bss.__sf      0x20009968      0x138 C:/STM32/arm-none-eabi-gcc/14.2.1-1.1.1/.content/bin/../lib/gcc/arm-none-eabi/14.2.1/../../../../arm-none-eabi/lib/thumb/v7e-m+fp/hard\libc_nano.a(libc_a-findfp.o)
                0x20009968                __sf
 .bss.__stdio_exit_handler
                0x20009aa0        0x4 C:/STM32/arm-none-eabi-gcc/14.2.1-1.1.1/.content/bin/../lib/gcc/arm-none-eabi/14.2.1/../../../../arm-none-eabi/lib/thumb/v7e-m+fp/hard\libc_nano.a(libc_a-findfp.o)
                0x20009aa0                __stdio_exit_handler
 .bss.errno     0x20009aa4        0x4 C:/STM32/arm-none-eabi-gcc/14.2.1-1.1.1/.content/bin/../lib/gcc/arm-none-eabi/14.2.1/../../../../arm-none-eabi/lib/thumb/v7e-m+fp/hard\libc_nano.a(libc_a-reent.o)
                0x20009aa4                errno
 .bss.__lock___malloc_recursive_mutex
                0x20009aa8        0x1 C:/STM32/arm-none-eabi-gcc/14.2.1-1.1.1/.content/bin/../lib/gcc/arm-none-eabi/14.2.1/../../../../arm-none-eabi/lib/thumb/v7e-m+fp/hard\libc_nano.a(libc_a-lock.o)
                0x20009aa8                __lock___malloc_recursive_mutex
 .bss.__lock___sfp_recursive_mutex
                0x20009aa9        0x1 C:/STM32/arm-none-eabi-gcc/14.2.1-1.1.1/.content/bin/../lib/gcc/arm-none-eabi/14.2.1/../../../../arm-none-eabi/lib/thumb/v7e-m+fp/hard\libc_nano.a(libc_a-lock.o)
                0x20009aa9                __lock___sfp_recursive_mutex
 *fill*         0x20009aaa        0x2 
 .bss.__malloc_sbrk_start
                0x20009aac        0x4 C:/STM32/arm-none-eabi-gcc/14.2.1-1.1.1/.content/bin/../lib/gcc/arm-none-eabi/14.2.1/../../../../arm-none-eabi/lib/thumb/v7e-m+fp/hard\libc_nano.a(libc_a-mallocr.o)
                0x20009aac                __malloc_sbrk_start
 .bss.__malloc_free_list
                0x20009ab0        0x4 C:/STM32/arm-none-eabi-gcc/14.2.1-1.1.1/.content/bin/../lib/gcc/arm-none-eabi/14.2.1/../../../../arm-none-eabi/lib/thumb/v7e-m+fp/hard\libc_nano.a(libc_a-mallocr.o)
                0x20009ab0                __malloc_free_list
 *(COMMON)
                0x20009ab4                        . = ALIGN (0x4)
                0x20009ab4                        _ebss = .
                0x20009ab4                        __bss_end__ = _ebss

._user_heap_stack
                0x20009ab4      0x604
                0x20009ab8                        . = ALIGN (0x8)
 *fill*         0x20009ab4        0x4 
                [!provide]                        PROVIDE (end = .)
                0x20009ab8                        PROVIDE (_end = .)
                0x20009cb8                        . = (. + _Min_Heap_Size)
 *fill*         0x20009ab8      0x200 
                0x2000a0b8                        . = (. + _Min_Stack_Size)
 *fill*         0x20009cb8      0x400 
                0x2000a0b8                        . = ALIGN (0x8)

/DISCARD/
 libc.a(*)
 libm.a(*)
 libgcc.a(*)
OUTPUT(build/debug/NFCAttend.elf elf32-littlearm)
LOAD linker stubs
LOAD C:/STM32/arm-none-eabi-gcc/14.2.1-1.1.1/.content/bin/../lib/gcc/arm-none-eabi/14.2.1/../../../../arm-none-eabi/lib/thumb/v7e-m+fp/hard\libc.a
LOAD C:/STM32/arm-none-eabi-gcc/14.2.1-1.1.1/.content/bin/../lib/gcc/arm-none-eabi/14.2.1/../../../../arm-none-eabi/lib/thumb/v7e-m+fp/hard\libm.a
LOAD C:/STM32/arm-none-eabi-gcc/14.2.1-1.1.1/.content/bin/../lib/gcc/arm-none-eabi/14.2.1/thumb/v7e-m+fp/hard\libgcc.a

.ARM.attributes
                0x00000000       0x30
 .ARM.attributes
                0x00000000       0x22 C:/STM32/arm-none-eabi-gcc/14.2.1-1.1.1/.content/bin/../lib/gcc/arm-none-eabi/14.2.1/thumb/v7e-m+fp/hard/crti.o
 .ARM.attributes
                0x00000022       0x34 C:/STM32/arm-none-eabi-gcc/14.2.1-1.1.1/.content/bin/../lib/gcc/arm-none-eabi/14.2.1/thumb/v7e-m+fp/hard/crtbegin.o
 .ARM.attributes
                0x00000056       0x34 build/debug/adc.o
 .ARM.attributes
                0x0000008a       0x34 build/debug/cmsis_os2.o
 .ARM.attributes
                0x000000be       0x34 build/debug/dac.o
 .ARM.attributes
                0x000000f2       0x34 build/debug/dma.o
 .ARM.attributes
                0x00000126       0x34 build/debug/freertos.o
 .ARM.attributes
                0x0000015a       0x34 build/debug/gpio.o
 .ARM.attributes
                0x0000018e       0x34 build/debug/heap_4.o
 .ARM.attributes
                0x000001c2       0x34 build/debug/i2c.o
 .ARM.attributes
                0x000001f6       0x34 build/debug/key.o
 .ARM.attributes
                0x0000022a       0x34 build/debug/led.o
 .ARM.attributes
                0x0000025e       0x34 build/debug/list.o
 .ARM.attributes
                0x00000292       0x34 build/debug/main.o
 .ARM.attributes
                0x000002c6       0x34 build/debug/port.o
 .ARM.attributes
                0x000002fa       0x34 build/debug/queue.o
 .ARM.attributes
                0x0000032e       0x34 build/debug/rtc.o
 .ARM.attributes
                0x00000362       0x34 build/debug/spi.o
 .ARM.attributes
                0x00000396       0x34 build/debug/stm32f4xx_hal.o
 .ARM.attributes
                0x000003ca       0x34 build/debug/stm32f4xx_hal_adc.o
 .ARM.attributes
                0x000003fe       0x34 build/debug/stm32f4xx_hal_cortex.o
 .ARM.attributes
                0x00000432       0x34 build/debug/stm32f4xx_hal_dac.o
 .ARM.attributes
                0x00000466       0x34 build/debug/stm32f4xx_hal_dma.o
 .ARM.attributes
                0x0000049a       0x34 build/debug/stm32f4xx_hal_gpio.o
 .ARM.attributes
                0x000004ce       0x34 build/debug/stm32f4xx_hal_i2c.o
 .ARM.attributes
                0x00000502       0x34 build/debug/stm32f4xx_hal_msp.o
 .ARM.attributes
                0x00000536       0x34 build/debug/stm32f4xx_hal_rcc.o
 .ARM.attributes
                0x0000056a       0x34 build/debug/stm32f4xx_hal_rcc_ex.o
 .ARM.attributes
                0x0000059e       0x34 build/debug/stm32f4xx_hal_rtc.o
 .ARM.attributes
                0x000005d2       0x34 build/debug/stm32f4xx_hal_spi.o
 .ARM.attributes
                0x00000606       0x34 build/debug/stm32f4xx_hal_tim.o
 .ARM.attributes
                0x0000063a       0x34 build/debug/stm32f4xx_hal_tim_ex.o
 .ARM.attributes
                0x0000066e       0x34 build/debug/stm32f4xx_hal_timebase_tim.o
 .ARM.attributes
                0x000006a2       0x34 build/debug/stm32f4xx_hal_uart.o
 .ARM.attributes
                0x000006d6       0x34 build/debug/stm32f4xx_it.o
 .ARM.attributes
                0x0000070a       0x34 build/debug/syscalls.o
 .ARM.attributes
                0x0000073e       0x34 build/debug/sysmem.o
 .ARM.attributes
                0x00000772       0x34 build/debug/system_stm32f4xx.o
 .ARM.attributes
                0x000007a6       0x34 build/debug/tasks.o
 .ARM.attributes
                0x000007da       0x34 build/debug/tim.o
 .ARM.attributes
                0x0000080e       0x34 build/debug/timers.o
 .ARM.attributes
                0x00000842       0x34 build/debug/uart_drv.o
 .ARM.attributes
                0x00000876       0x34 build/debug/usart.o
 .ARM.attributes
                0x000008aa       0x34 build/debug/w25qxx.o
 .ARM.attributes
                0x000008de       0x21 build/debug/startup_stm32f407xx.o
 .ARM.attributes
                0x000008ff       0x34 C:/STM32/arm-none-eabi-gcc/14.2.1-1.1.1/.content/bin/../lib/gcc/arm-none-eabi/14.2.1/../../../../arm-none-eabi/lib/thumb/v7e-m+fp/hard\libc_nano.a(libc_a-nano-vfprintf_float.o)
 .ARM.attributes
                0x00000933       0x34 C:/STM32/arm-none-eabi-gcc/14.2.1-1.1.1/.content/bin/../lib/gcc/arm-none-eabi/14.2.1/../../../../arm-none-eabi/lib/thumb/v7e-m+fp/hard\libc_nano.a(libc_a-nano-vfprintf_i.o)
 .ARM.attributes