Archive member included to satisfy reference by file (symbol)

C:/STM32/arm-none-eabi-gcc/14.2.1-1.1.1/.content/bin/../lib/gcc/arm-none-eabi/14.2.1/../../../../arm-none-eabi/lib/thumb/v7e-m+fp/hard\libc_nano.a(libc_a-atexit.o)
                              C:/STM32/arm-none-eabi-gcc/14.2.1-1.1.1/.content/bin/../lib/gcc/arm-none-eabi/14.2.1/../../../../arm-none-eabi/lib/thumb/v7e-m+fp/hard/crt0.o (atexit)
C:/STM32/arm-none-eabi-gcc/14.2.1-1.1.1/.content/bin/../lib/gcc/arm-none-eabi/14.2.1/../../../../arm-none-eabi/lib/thumb/v7e-m+fp/hard\libc_nano.a(libc_a-exit.o)
                              C:/STM32/arm-none-eabi-gcc/14.2.1-1.1.1/.content/bin/../lib/gcc/arm-none-eabi/14.2.1/../../../../arm-none-eabi/lib/thumb/v7e-m+fp/hard/crt0.o (exit)
C:/STM32/arm-none-eabi-gcc/14.2.1-1.1.1/.content/bin/../lib/gcc/arm-none-eabi/14.2.1/../../../../arm-none-eabi/lib/thumb/v7e-m+fp/hard\libc_nano.a(libc_a-findfp.o)
                              C:/STM32/arm-none-eabi-gcc/14.2.1-1.1.1/.content/bin/../lib/gcc/arm-none-eabi/14.2.1/../../../../arm-none-eabi/lib/thumb/v7e-m+fp/hard\libc_nano.a(libc_a-exit.o) (__stdio_exit_handler)
C:/STM32/arm-none-eabi-gcc/14.2.1-1.1.1/.content/bin/../lib/gcc/arm-none-eabi/14.2.1/../../../../arm-none-eabi/lib/thumb/v7e-m+fp/hard\libc_nano.a(libc_a-fwalk.o)
                              C:/STM32/arm-none-eabi-gcc/14.2.1-1.1.1/.content/bin/../lib/gcc/arm-none-eabi/14.2.1/../../../../arm-none-eabi/lib/thumb/v7e-m+fp/hard\libc_nano.a(libc_a-findfp.o) (_fwalk_sglue)
C:/STM32/arm-none-eabi-gcc/14.2.1-1.1.1/.content/bin/../lib/gcc/arm-none-eabi/14.2.1/../../../../arm-none-eabi/lib/thumb/v7e-m+fp/hard\libc_nano.a(libc_a-sprintf.o)
                              build/debug/freertos.o (sprintf)
C:/STM32/arm-none-eabi-gcc/14.2.1-1.1.1/.content/bin/../lib/gcc/arm-none-eabi/14.2.1/../../../../arm-none-eabi/lib/thumb/v7e-m+fp/hard\libc_nano.a(libc_a-stdio.o)
                              C:/STM32/arm-none-eabi-gcc/14.2.1-1.1.1/.content/bin/../lib/gcc/arm-none-eabi/14.2.1/../../../../arm-none-eabi/lib/thumb/v7e-m+fp/hard\libc_nano.a(libc_a-findfp.o) (__sread)
C:/STM32/arm-none-eabi-gcc/14.2.1-1.1.1/.content/bin/../lib/gcc/arm-none-eabi/14.2.1/../../../../arm-none-eabi/lib/thumb/v7e-m+fp/hard\libc_nano.a(libc_a-memcmp.o)
                              build/debug/GUISlim.o (memcmp)
C:/STM32/arm-none-eabi-gcc/14.2.1-1.1.1/.content/bin/../lib/gcc/arm-none-eabi/14.2.1/../../../../arm-none-eabi/lib/thumb/v7e-m+fp/hard\libc_nano.a(libc_a-memset.o)
                              C:/STM32/arm-none-eabi-gcc/14.2.1-1.1.1/.content/bin/../lib/gcc/arm-none-eabi/14.2.1/../../../../arm-none-eabi/lib/thumb/v7e-m+fp/hard/crt0.o (memset)
C:/STM32/arm-none-eabi-gcc/14.2.1-1.1.1/.content/bin/../lib/gcc/arm-none-eabi/14.2.1/../../../../arm-none-eabi/lib/thumb/v7e-m+fp/hard\libc_nano.a(libc_a-closer.o)
                              C:/STM32/arm-none-eabi-gcc/14.2.1-1.1.1/.content/bin/../lib/gcc/arm-none-eabi/14.2.1/../../../../arm-none-eabi/lib/thumb/v7e-m+fp/hard\libc_nano.a(libc_a-stdio.o) (_close_r)
C:/STM32/arm-none-eabi-gcc/14.2.1-1.1.1/.content/bin/../lib/gcc/arm-none-eabi/14.2.1/../../../../arm-none-eabi/lib/thumb/v7e-m+fp/hard\libc_nano.a(libc_a-reent.o)
                              C:/STM32/arm-none-eabi-gcc/14.2.1-1.1.1/.content/bin/../lib/gcc/arm-none-eabi/14.2.1/../../../../arm-none-eabi/lib/thumb/v7e-m+fp/hard\libc_nano.a(libc_a-closer.o) (errno)
C:/STM32/arm-none-eabi-gcc/14.2.1-1.1.1/.content/bin/../lib/gcc/arm-none-eabi/14.2.1/../../../../arm-none-eabi/lib/thumb/v7e-m+fp/hard\libc_nano.a(libc_a-impure.o)
                              C:/STM32/arm-none-eabi-gcc/14.2.1-1.1.1/.content/bin/../lib/gcc/arm-none-eabi/14.2.1/../../../../arm-none-eabi/lib/thumb/v7e-m+fp/hard\libc_nano.a(libc_a-sprintf.o) (_impure_ptr)
C:/STM32/arm-none-eabi-gcc/14.2.1-1.1.1/.content/bin/../lib/gcc/arm-none-eabi/14.2.1/../../../../arm-none-eabi/lib/thumb/v7e-m+fp/hard\libc_nano.a(libc_a-lseekr.o)
                              C:/STM32/arm-none-eabi-gcc/14.2.1-1.1.1/.content/bin/../lib/gcc/arm-none-eabi/14.2.1/../../../../arm-none-eabi/lib/thumb/v7e-m+fp/hard\libc_nano.a(libc_a-stdio.o) (_lseek_r)
C:/STM32/arm-none-eabi-gcc/14.2.1-1.1.1/.content/bin/../lib/gcc/arm-none-eabi/14.2.1/../../../../arm-none-eabi/lib/thumb/v7e-m+fp/hard\libc_nano.a(libc_a-readr.o)
                              C:/STM32/arm-none-eabi-gcc/14.2.1-1.1.1/.content/bin/../lib/gcc/arm-none-eabi/14.2.1/../../../../arm-none-eabi/lib/thumb/v7e-m+fp/hard\libc_nano.a(libc_a-stdio.o) (_read_r)
C:/STM32/arm-none-eabi-gcc/14.2.1-1.1.1/.content/bin/../lib/gcc/arm-none-eabi/14.2.1/../../../../arm-none-eabi/lib/thumb/v7e-m+fp/hard\libc_nano.a(libc_a-writer.o)
                              C:/STM32/arm-none-eabi-gcc/14.2.1-1.1.1/.content/bin/../lib/gcc/arm-none-eabi/14.2.1/../../../../arm-none-eabi/lib/thumb/v7e-m+fp/hard\libc_nano.a(libc_a-stdio.o) (_write_r)
[...]
Memory Configuration

Name             Origin             Length             Attributes
RAM              0x20000000         0x00020000         xrw
CCMRAM           0x10000000         0x00010000         xrw
FLASH            0x08000000         0x00080000         xr
*default*        0x00000000         0xffffffff

Linker script and memory map

LOAD C:/STM32/arm-none-eabi-gcc/14.2.1-1.1.1/.content/bin/../lib/gcc/arm-none-eabi/14.2.1/thumb/v7e-m+fp/hard/crti.o
LOAD C:/STM32/arm-none-eabi-gcc/14.2.1-1.1.1/.content/bin/../lib/gcc/arm-none-eabi/14.2.1/thumb/v7e-m+fp/hard/crtbegin.o
LOAD C:/STM32/arm-none-eabi-gcc/14.2.1-1.1.1/.content/bin/../lib/gcc/arm-none-eabi/14.2.1/../../../../arm-none-eabi/lib/thumb/v7e-m+fp/hard/crt0.o
LOAD build/debug/F08_ASCII.o
LOAD build/debug/GUISlim.o
LOAD build/debug/adc.o
LOAD build/debug/bsp_rtc.o
LOAD build/debug/cmsis_os2.o
LOAD build/debug/croutine.o
LOAD build/debug/dac.o
LOAD build/debug/dma.o
LOAD build/debug/event_groups.o
LOAD build/debug/freertos.o
LOAD build/debug/gpio.o
LOAD build/debug/heap_4.o
LOAD build/debug/i2c.o
LOAD build/debug/list.o
LOAD build/debug/main.o
LOAD build/debug/port.o
LOAD build/debug/queue.o
LOAD build/debug/rtc.o
LOAD build/debug/spi.o
LOAD build/debug/ssd1306.o
LOAD build/debug/stm32f4xx_hal.o
LOAD build/debug/stm32f4xx_hal_adc.o
LOAD build/debug/stm32f4xx_hal_adc_ex.o
LOAD build/debug/stm32f4xx_hal_cortex.o
LOAD build/debug/stm32f4xx_hal_dac.o
LOAD build/debug/stm32f4xx_hal_dac_ex.o
LOAD build/debug/stm32f4xx_hal_dma.o
LOAD build/debug/stm32f4xx_hal_dma_ex.o
LOAD build/debug/stm32f4xx_hal_exti.o
LOAD build/debug/stm32f4xx_hal_flash.o
LOAD build/debug/stm32f4xx_hal_flash_ex.o
LOAD build/debug/stm32f4xx_hal_flash_ramfunc.o
LOAD build/debug/stm32f4xx_hal_gpio.o
LOAD build/debug/stm32f4xx_hal_i2c.o
LOAD build/debug/stm32f4xx_hal_i2c_ex.o
LOAD build/debug/stm32f4xx_hal_msp.o
LOAD build/debug/stm32f4xx_hal_pwr.o
LOAD build/debug/stm32f4xx_hal_pwr_ex.o
LOAD build/debug/stm32f4xx_hal_rcc.o
LOAD build/debug/stm32f4xx_hal_rcc_ex.o
LOAD build/debug/stm32f4xx_hal_rtc.o
LOAD build/debug/stm32f4xx_hal_rtc_ex.o
LOAD build/debug/stm32f4xx_hal_spi.o
LOAD build/debug/stm32f4xx_hal_tim.o
LOAD build/debug/stm32f4xx_hal_tim_ex.o
LOAD build/debug/stm32f4xx_hal_timebase_tim.o
LOAD build/debug/stm32f4xx_hal_uart.o
LOAD build/debug/stm32f4xx_it.o
LOAD build/debug/stream_buffer.o
LOAD build/debug/syscalls.o
LOAD build/debug/sysmem.o
LOAD build/debug/system_stm32f4xx.o
LOAD build/debug/tasks.o
LOAD build/debug/tim.o
LOAD build/debug/timers.o
LOAD build/debug/usart.o
LOAD build/debug/startup_stm32f407xx.o
LOAD C:/STM32/arm-none-eabi-gcc/14.2.1-1.1.1/.content/bin/../lib/gcc/arm-none-eabi/14.2.1/../../../../arm-none-eabi/lib/thumb/v7e-m+fp/hard\libc_nano.a
LOAD C:/STM32/arm-none-eabi-gcc/14.2.1-1.1.1/.content/bin/../lib/gcc/arm-none-eabi/14.2.1/../../../../arm-none-eabi/lib/thumb/v7e-m+fp/hard\libm.a
LOAD C:/STM32/arm-none-eabi-gcc/14.2.1-1.1.1/.content/bin/../lib/gcc/arm-none-eabi/14.2.1/../../../../arm-none-eabi/lib/thumb/v7e-m+fp/hard\libnosys.a
START GROUP
LOAD C:/STM32/arm-none-eabi-gcc/14.2.1-1.1.1/.content/bin/../lib/gcc/arm-none-eabi/14.2.1/thumb/v7e-m+fp/hard\libgcc.a
LOAD C:/STM32/arm-none-eabi-gcc/14.2.1-1.1.1/.content/bin/../lib/gcc/arm-none-eabi/14.2.1/../../../../arm-none-eabi/lib/thumb/v7e-m+fp/hard\libc_nano.a
END GROUP
START GROUP
LOAD C:/STM32/arm-none-eabi-gcc/14.2.1-1.1.1/.content/bin/../lib/gcc/arm-none-eabi/14.2.1/thumb/v7e-m+fp/hard\libgcc.a
LOAD C:/STM32/arm-none-eabi-gcc/14.2.1-1.1.1/.content/bin/../lib/gcc/arm-none-eabi/14.2.1/../../../../arm-none-eabi/lib/thumb/v7e-m+fp/hard\libc_nano.a
END GROUP
LOAD C:/STM32/arm-none-eabi-gcc/14.2.1-1.1.1/.content/bin/../lib/gcc/arm-none-eabi/14.2.1/thumb/v7e-m+fp/hard/crtend.o
LOAD C:/STM32/arm-none-eabi-gcc/14.2.1-1.1.1/.content/bin/../lib/gcc/arm-none-eabi/14.2.1/thumb/v7e-m+fp/hard/crtn.o
                0x20020000                        _estack = (ORIGIN (RAM) + LENGTH (RAM))
                0x2001fc00                        _sstack = (_estack - _Min_Stack_Size)
                0x00000200                        _Min_Heap_Size = 0x200
                0x00000400                        _Min_Stack_Size = 0x400

.isr_vector     0x08000000      0x188
                0x08000000                        . = ALIGN (0x4)
 *(.isr_vector)
 .isr_vector    0x08000000      0x188 build/debug/startup_stm32f407xx.o
                0x08000000                g_pfnVectors
                0x08000188                        . = ALIGN (0x4)

.text           0x08000190     0x805c
                0x08000190                        . = ALIGN (0x4)
 *(.text)
 .text          0x08000190       0x10 C:/STM32/arm-none-eabi-gcc/14.2.1-1.1.1/.content/bin/../lib/gcc/arm-none-eabi/14.2.1/../../../../arm-none-eabi/lib/thumb/v7e-m+fp/hard\libc_nano.a(libc_a-strlen.o)
                0x08000190                strlen
 .text          0x080001a0       0xa0 C:/STM32/arm-none-eabi-gcc/14.2.1-1.1.1/.content/bin/../lib/gcc/arm-none-eabi/14.2.1/../../../../arm-none-eabi/lib/thumb/v7e-m+fp/hard\libc_nano.a(libc_a-memchr.o)
                0x080001a0                memchr
 .text          0x08000240       0x30 C:/STM32/arm-none-eabi-gcc/14.2.1-1.1.1/.content/bin/../lib/gcc/arm-none-eabi/14.2.1/thumb/v7e-m+fp/hard\libgcc.a(_aeabi_uldivmod.o)
                0x08000240                __aeabi_uldivmod
 .text          0x08000270        0x4 C:/STM32/arm-none-eabi-gcc/14.2.1-1.1.1/.content/bin/../lib/gcc/arm-none-eabi/14.2.1/thumb/v7e-m+fp/hard\libgcc.a(_dvmd_tls.o)
                0x08000270                __aeabi_idiv0
                0x08000270                __aeabi_ldiv0
 *(.text*)
 .text.__do_global_dtors_aux
                0x08000274       0x24 C:/STM32/arm-none-eabi-gcc/14.2.1-1.1.1/.content/bin/../lib/gcc/arm-none-eabi/14.2.1/thumb/v7e-m+fp/hard/crtbegin.o
 .text.frame_dummy
                0x08000298       0x1c C:/STM32/arm-none-eabi-gcc/14.2.1-1.1.1/.content/bin/../lib/gcc/arm-none-eabi/14.2.1/thumb/v7e-m+fp/hard/crtbegin.o
 .text.is_valid_utf8_sequence
                0x080002b4      0x13c build/debug/GUISlim.o
 .text.is_valid_gbk_sequence
                0x080003f0       0x44 build/debug/GUISlim.o
 .text.get_gbk_char_frequency_score
                0x08000434       0x50 build/debug/GUISlim.o
 .text.get_utf8_char_frequency_score
                0x08000484       0x58 build/debug/GUISlim.o
 .text.GUIPROP_FindChar
                0x080004dc       0x14 build/debug/GUISlim.o
 .text._GotoY   0x080004f0        0xc build/debug/GUISlim.o
 .text._GotoX   0x080004fc        0xc build/debug/GUISlim.o
 .text.DB2SJIS  0x08000508        0x6 build/debug/GUISlim.o
 .text._GetLineLen_SJIS
                0x0800050e       0x28 build/debug/GUISlim.o
 .text._GetCharSize
                0x08000536        0x4 build/debug/GUISlim.o
 .text.LCD_GetXSize
                0x0800053a        0x4 build/debug/GUISlim.o
                0x0800053a                LCD_GetXSize
 .text.LCD_GetYSize
                0x0800053e        0x4 build/debug/GUISlim.o
                0x0800053e                LCD_GetYSize
 .text.GUI_GetXSize
                0x08000542        0x8 build/debug/GUISlim.o
                0x08000542                GUI_GetXSize
 .text.GUI_GetYSize
                0x0800054a        0x8 build/debug/GUISlim.o
                0x0800054a                GUI_GetYSize
 *fill*         0x08000552        0x2 
 .text.GUI_Init
                0x08000554       0x44 build/debug/GUISlim.o
                0x08000554                GUI_Init
 .text.GUI_SetFont
                0x08000598       0x14 build/debug/GUISlim.o
                0x08000598                GUI_SetFont
 .text.detect_encoding_comprehensive
                0x080005ac      0x1b8 build/debug/GUISlim.o
                0x080005ac                detect_encoding_comprehensive
 .text.detect_encoding_by_sequence
                0x08000764        0x8 build/debug/GUISlim.o
                0x08000764                detect_encoding_by_sequence
 .text.DrawBitLine1BPP
                0x0800076c      0x160 build/debug/GUISlim.o
                0x0800076c                DrawBitLine1BPP
 .text.LCD_L0_DrawBitmap1BPP
                0x080008cc       0x3a build/debug/GUISlim.o
                0x080008cc                LCD_L0_DrawBitmap1BPP
 *fill*         0x08000906        0x2 
 .text.LCD_DrawBitmap1BPP
                0x08000908       0x94 build/debug/GUISlim.o
                0x08000908                LCD_DrawBitmap1BPP
 .text.GUIPROP_DispChar
                0x0800099c       0x8c build/debug/GUISlim.o
                0x0800099c                GUIPROP_DispChar
 .text.GUIPROP_GetCharDistX
                0x08000a28       0x2c build/debug/GUISlim.o
                0x08000a28                GUIPROP_GetCharDistX
 .text.GUIPROP_GetFontInfo
                0x08000a54        0x6 build/debug/GUISlim.o
                0x08000a54                GUIPROP_GetFontInfo
 .text.GUIPROP_IsInFont
                0x08000a5a       0x10 build/debug/GUISlim.o
                0x08000a5a                GUIPROP_IsInFont
 *fill*         0x08000a6a        0x2 
 .text.GUI_GetFontDistY
                0x08000a6c        0xc build/debug/GUISlim.o
                0x08000a6c                GUI_GetFontDistY
 .text.GUI_GetCharDistX
                0x08000a78       0x10 build/debug/GUISlim.o
                0x08000a78                GUI_GetCharDistX
 .text._GetLineDistX_SJIS
                0x08000a88       0x48 build/debug/GUISlim.o
 .text.GUI_DispNextLine
                0x08000ad0       0x14 build/debug/GUISlim.o
                0x08000ad0                GUI_DispNextLine
 .text.GL_DispChar
                0x08000ae4       0x20 build/debug/GUISlim.o
                0x08000ae4                GL_DispChar
 .text._DispLine_SJIS
                0x08000b04       0x32 build/debug/GUISlim.o
 .text._DispLine
                0x08000b36        0x8 build/debug/GUISlim.o
 *fill*         0x08000b3e        0x2 
 .text.GUI_GetYAdjust
                0x08000b40       0x3c build/debug/GUISlim.o
                0x08000b40                GUI_GetYAdjust
 .text.GUI_GotoXY
                0x08000b7c       0x16 build/debug/GUISlim.o
                0x08000b7c                GUI_GotoXY
 .text.GUI_ClearRect
                0x08000b92       0x18 build/debug/GUISlim.o
                0x08000b92                GUI_ClearRect
 .text.GUI_Clear
                0x08000baa       0x22 build/debug/GUISlim.o
                0x08000baa                GUI_Clear
 .text.GUI_UC__NumChars2NumBytes
                0x08000bcc       0x1e build/debug/GUISlim.o
                0x08000bcc                GUI_UC__NumChars2NumBytes
 .text.GUI__GetLineNumChars
                0x08000bea        0x8 build/debug/GUISlim.o
                0x08000bea                GUI__GetLineNumChars
 .text.GUI__GetLineDistX
                0x08000bf2        0x8 build/debug/GUISlim.o
                0x08000bf2                GUI__GetLineDistX
 *fill*         0x08000bfa        0x2 
 .text.GUI__DispLine
                0x08000bfc       0x34 build/debug/GUISlim.o
                0x08000bfc                GUI__DispLine
 .text.utf8_string_to_gbk_with_table
                0x08000c30      0x108 build/debug/GUISlim.o
                0x08000c30                utf8_string_to_gbk_with_table
 .text.mixed_string_to_gbk
                0x08000d38      0x1d8 build/debug/GUISlim.o
                0x08000d38                mixed_string_to_gbk
 .text.GUI_DispString
                0x08000f10      0x144 build/debug/GUISlim.o
                0x08000f10                GUI_DispString
 .text.GUI_DispStringAt
                0x08001054       0x14 build/debug/GUISlim.o
                0x08001054                GUI_DispStringAt
 .text.MX_ADC1_Init
                0x08001068       0x70 build/debug/adc.o
                0x08001068                MX_ADC1_Init
 .text.HAL_ADC_MspInit
                0x080010d8       0xac build/debug/adc.o
                0x080010d8                HAL_ADC_MspInit
 .text.BSP_RTC_IsFirstPowerOn
                0x08001184       0x1c build/debug/bsp_rtc.o
                0x08001184                BSP_RTC_IsFirstPowerOn
 .text.BSP_RTC_MarkInitialized
                0x080011a0       0x14 build/debug/bsp_rtc.o
                0x080011a0                BSP_RTC_MarkInitialized
 .text.BSP_RTC_SetDate
                0x080011b4       0x3c build/debug/bsp_rtc.o
                0x080011b4                BSP_RTC_SetDate
 .text.BSP_RTC_SetTime
                0x080011f0       0x34 build/debug/bsp_rtc.o
                0x080011f0                BSP_RTC_SetTime
 .text.BSP_RTC_SetDateTime
                0x08001224       0x1e build/debug/bsp_rtc.o
                0x08001224                BSP_RTC_SetDateTime
 *fill*         0x08001242        0x2 
 .text.BSP_RTC_CalcWeekday
                0x08001244       0x54 build/debug/bsp_rtc.o
                0x08001244                BSP_RTC_CalcWeekday
 .text.BSP_RTC_GetDateTime
                0x08001298       0x80 build/debug/bsp_rtc.o
                0x08001298                BSP_RTC_GetDateTime
 .text.SysTick_Handler
                0x08001318       0x18 build/debug/cmsis_os2.o
                0x08001318                SysTick_Handler
 .text.osKernelInitialize
                0x08001330       0x24 build/debug/cmsis_os2.o
                0x08001330                osKernelInitialize
 .text.osKernelStart
                0x08001354       0x38 build/debug/cmsis_os2.o
                0x08001354                osKernelStart
 .text.osThreadNew
                0x0800138c       0xb4 build/debug/cmsis_os2.o
                0x0800138c                osThreadNew
 .text.osDelay  0x08001440       0x1c build/debug/cmsis_os2.o
                0x08001440                osDelay
 .text.vApplicationGetIdleTaskMemory
                0x0800145c       0x18 build/debug/cmsis_os2.o
                0x0800145c                vApplicationGetIdleTaskMemory
 .text.vApplicationGetTimerTaskMemory
                0x08001474       0x18 build/debug/cmsis_os2.o
                0x08001474                vApplicationGetTimerTaskMemory
 .text.MX_DAC_Init
                0x0800148c       0x44 build/debug/dac.o
                0x0800148c                MX_DAC_Init
 .text.HAL_DAC_MspInit
                0x080014d0       0xac build/debug/dac.o
                0x080014d0                HAL_DAC_MspInit
 .text.MX_DMA_Init
                0x0800157c       0x98 build/debug/dma.o
                0x0800157c                MX_DMA_Init
 .text.StartOledTask
                0x08001614       0xd4 build/debug/freertos.o
                0x08001614                StartOledTask
 .text.MX_FREERTOS_Init
                0x080016e8       0x20 build/debug/freertos.o
                0x080016e8                MX_FREERTOS_Init
 .text.MX_GPIO_Init
                0x08001708      0x198 build/debug/gpio.o
                0x08001708                MX_GPIO_Init
 .text.prvHeapInit
                0x080018a0       0x64 build/debug/heap_4.o
 .text.prvInsertBlockIntoFreeList
                0x08001904       0x64 build/debug/heap_4.o
 .text.pvPortMalloc
                0x08001968      0x104 build/debug/heap_4.o
                0x08001968                pvPortMalloc
 .text.vPortFree
                0x08001a6c       0x7c build/debug/heap_4.o
                0x08001a6c                vPortFree
 .text.MX_I2C1_Init
                0x08001ae8       0x3c build/debug/i2c.o
                0x08001ae8                MX_I2C1_Init
 .text.HAL_I2C_MspInit
                0x08001b24       0x70 build/debug/i2c.o
                0x08001b24                HAL_I2C_MspInit
 .text.vListInitialise
                0x08001b94       0x16 build/debug/list.o
                0x08001b94                vListInitialise
 .text.vListInitialiseItem
                0x08001baa        0x6 build/debug/list.o
                0x08001baa                vListInitialiseItem
 .text.vListInsertEnd
                0x08001bb0       0x16 build/debug/list.o
                0x08001bb0                vListInsertEnd
 .text.vListInsert
                0x08001bc6       0x32 build/debug/list.o
                0x08001bc6                vListInsert
 .text.uxListRemove
                0x08001bf8       0x26 build/debug/list.o
                0x08001bf8                uxListRemove
 *fill*         0x08001c1e        0x2 
 .text.HAL_TIM_PeriodElapsedCallback
                0x08001c20       0x18 build/debug/main.o
                0x08001c20                HAL_TIM_PeriodElapsedCallback
 .text.Error_Handler
                0x08001c38        0x4 build/debug/main.o
                0x08001c38                Error_Handler
 .text.SystemClock_Config
                0x08001c3c       0xac build/debug/main.o
                0x08001c3c                SystemClock_Config
 .text.main     0x08001ce8       0x48 build/debug/main.o
                0x08001ce8                main
 .text.prvTaskExitError
                0x08001d30       0x40 build/debug/port.o
 .text.prvPortStartFirstTask
                0x08001d70       0x28 build/debug/port.o
 .text.vPortEnableVFP
                0x08001d98       0x14 build/debug/port.o
 .text.pxPortInitialiseStack
                0x08001dac       0x2c build/debug/port.o
                0x08001dac                pxPortInitialiseStack
 *fill*         0x08001dd8        0x8 
 .text.SVC_Handler
                0x08001de0       0x24 build/debug/port.o
                0x08001de0                SVC_Handler
 .text.vPortEnterCritical
                0x08001e04       0x44 build/debug/port.o
                0x08001e04                vPortEnterCritical
 .text.vPortExitCritical
                0x08001e48       0x2c build/debug/port.o
                0x08001e48                vPortExitCritical
 *fill*         0x08001e74        0xc 
 .text.PendSV_Handler
                0x08001e80       0x64 build/debug/port.o
                0x08001e80                PendSV_Handler
 .text.xPortSysTickHandler
                0x08001ee4       0x2c build/debug/port.o
                0x08001ee4                xPortSysTickHandler
 .text.vPortSetupTimerInterrupt
                0x08001f10       0x28 build/debug/port.o
                0x08001f10                vPortSetupTimerInterrupt
 .text.xPortStartScheduler
                0x08001f38      0x118 build/debug/port.o
                0x08001f38                xPortStartScheduler
 .text.vPortValidateInterruptPriority
                0x08002050       0x5c build/debug/port.o
                0x08002050                vPortValidateInterruptPriority
 .text.prvIsQueueFull
                0x080020ac       0x1e build/debug/queue.o
 .text.prvIsQueueEmpty
                0x080020ca       0x1a build/debug/queue.o
 .text.prvCopyDataToQueue
                0x080020e4       0x76 build/debug/queue.o
 .text.prvCopyDataFromQueue
                0x0800215a       0x24 build/debug/queue.o
 .text.prvUnlockQueue
                0x0800217e       0x6e build/debug/queue.o
 .text.xQueueGenericReset
                0x080021ec       0x84 build/debug/queue.o
                0x080021ec                xQueueGenericReset
 .text.prvInitialiseNewQueue
                0x08002270       0x22 build/debug/queue.o
 .text.xQueueGenericCreateStatic
                0x08002292       0x94 build/debug/queue.o
                0x08002292                xQueueGenericCreateStatic
 .text.xQueueGenericSend
                0x08002326      0x188 build/debug/queue.o
                0x08002326                xQueueGenericSend
 .text.xQueueGenericSendFromISR
                0x080024ae       0xce build/debug/queue.o
                0x080024ae                xQueueGenericSendFromISR
 .text.xQueueReceive
                0x0800257c      0x15e build/debug/queue.o
                0x0800257c                xQueueReceive
 *fill*         0x080026da        0x2 
 .text.vQueueAddToRegistry
                0x080026dc       0x28 build/debug/queue.o
                0x080026dc                vQueueAddToRegistry
 .text.vQueueWaitForMessageRestricted
                0x08002704       0x52 build/debug/queue.o
                0x08002704                vQueueWaitForMessageRestricted
 *fill*         0x08002756        0x2 
 .text.MX_RTC_Init
                0x08002758       0xfc build/debug/rtc.o
                0x08002758                MX_RTC_Init
 .text.HAL_RTC_MspInit
                0x08002854       0x48 build/debug/rtc.o
                0x08002854                HAL_RTC_MspInit
 .text.MX_SPI1_Init
                0x0800289c       0x40 build/debug/spi.o
                0x0800289c                MX_SPI1_Init
 .text.HAL_SPI_MspInit
                0x080028dc       0x70 build/debug/spi.o
                0x080028dc                HAL_SPI_MspInit
 .text.OLED_WriteData
                0x0800294c       0x2c build/debug/ssd1306.o
 .text.OLED_WriteCmd
                0x08002978       0x2c build/debug/ssd1306.o
 .text.OLED_ReadData
                0x080029a4       0x24 build/debug/ssd1306.o
 .text.OLED_DetectChip
                0x080029c8       0xaa build/debug/ssd1306.o
                0x080029c8                OLED_DetectChip
 *fill*         0x08002a72        0x2 
 .text.OLED_SelfDetect
                0x08002a74       0x24 build/debug/ssd1306.o
                0x08002a74                OLED_SelfDetect
 .text.SSD1306_WriteByte
                0x08002a98       0x2c build/debug/ssd1306.o
                0x08002a98                SSD1306_WriteByte
 .text.SSD1306_WriteMuliByte
                0x08002ac4       0x20 build/debug/ssd1306.o
                0x08002ac4                SSD1306_WriteMuliByte
 .text.SSD1306_UpdateScreen
                0x08002ae4       0x4c build/debug/ssd1306.o
                0x08002ae4                SSD1306_UpdateScreen
 .text.SSD1306_Fill
                0x08002b30       0x1c build/debug/ssd1306.o
                0x08002b30                SSD1306_Fill
 .text.SSD1306_init
                0x08002b4c      0x134 build/debug/ssd1306.o
                0x08002b4c                SSD1306_init
 .text.SSD1306_DrawPixel
                0x08002c80       0x7c build/debug/ssd1306.o
                0x08002c80                SSD1306_DrawPixel
 .text.SSD1306_DrawLine
                0x08002cfc      0x13c build/debug/ssd1306.o
                0x08002cfc                SSD1306_DrawLine
 .text.SSD1306_DrawFilledRectangle
                0x08002e38       0x5c build/debug/ssd1306.o
                0x08002e38                SSD1306_DrawFilledRectangle
 .text.HAL_Init
                0x08002e94       0x34 build/debug/stm32f4xx_hal.o
                0x08002e94                HAL_Init
 .text.HAL_IncTick
                0x08002ec8       0x18 build/debug/stm32f4xx_hal.o
                0x08002ec8                HAL_IncTick
 .text.HAL_GetTick
                0x08002ee0        0xc build/debug/stm32f4xx_hal.o
                0x08002ee0                HAL_GetTick
 .text.ADC_Init
                0x08002eec      0x134 build/debug/stm32f4xx_hal_adc.o
 .text.HAL_ADC_Init
                0x08003020       0x56 build/debug/stm32f4xx_hal_adc.o
                0x08003020                HAL_ADC_Init
 *fill*         0x08003076        0x2 
 .text.HAL_ADC_ConfigChannel
                0x08003078      0x194 build/debug/stm32f4xx_hal_adc.o
                0x08003078                HAL_ADC_ConfigChannel
 .text.__NVIC_EnableIRQ
                0x0800320c       0x1c build/debug/stm32f4xx_hal_cortex.o
 .text.__NVIC_SetPriority
                0x08003228       0x28 build/debug/stm32f4xx_hal_cortex.o
 .text.NVIC_EncodePriority
                0x08003250       0x3e build/debug/stm32f4xx_hal_cortex.o
 *fill*         0x0800328e        0x2 
 .text.HAL_NVIC_SetPriorityGrouping
                0x08003290       0x24 build/debug/stm32f4xx_hal_cortex.o
                0x08003290                HAL_NVIC_SetPriorityGrouping
 .text.HAL_NVIC_SetPriority
                0x080032b4       0x20 build/debug/stm32f4xx_hal_cortex.o
                0x080032b4                HAL_NVIC_SetPriority
 .text.HAL_NVIC_EnableIRQ
                0x080032d4        0x8 build/debug/stm32f4xx_hal_cortex.o
                0x080032d4                HAL_NVIC_EnableIRQ
 .text.HAL_DAC_Init
                0x080032dc       0x24 build/debug/stm32f4xx_hal_dac.o
                0x080032dc                HAL_DAC_Init
 .text.HAL_DAC_ConfigChannel
                0x08003300       0x62 build/debug/stm32f4xx_hal_dac.o
                0x08003300                HAL_DAC_ConfigChannel
 *fill*         0x08003362        0x2 
 .text.DMA_CalcBaseAndBitshift
                0x08003364       0x3c build/debug/stm32f4xx_hal_dma.o
 .text.DMA_CheckFifoParam
                0x080033a0       0x8e build/debug/stm32f4xx_hal_dma.o
 *fill*         0x0800342e        0x2 
 .text.HAL_DMA_Init
                0x08003430       0xcc build/debug/stm32f4xx_hal_dma.o
                0x08003430                HAL_DMA_Init
 .text.HAL_DMA_Abort
                0x080034fc       0x92 build/debug/stm32f4xx_hal_dma.o
                0x080034fc                HAL_DMA_Abort
 .text.HAL_DMA_Abort_IT
                0x0800358e       0x24 build/debug/stm32f4xx_hal_dma.o
                0x0800358e                HAL_DMA_Abort_IT
 *fill*         0x080035b2        0x2 
 .text.HAL_DMA_IRQHandler
                0x080035b4      0x1dc build/debug/stm32f4xx_hal_dma.o
                0x080035b4                HAL_DMA_IRQHandler
 .text.HAL_GPIO_Init
                0x08003790      0x1ec build/debug/stm32f4xx_hal_gpio.o
                0x08003790                HAL_GPIO_Init
 .text.HAL_GPIO_WritePin
                0x0800397c        0xc build/debug/stm32f4xx_hal_gpio.o
                0x0800397c                HAL_GPIO_WritePin
 .text.I2C_IsAcknowledgeFailed
                0x08003988       0x32 build/debug/stm32f4xx_hal_i2c.o
 .text.I2C_WaitOnFlagUntilTimeout
                0x080039ba       0xaa build/debug/stm32f4xx_hal_i2c.o
 .text.I2C_WaitOnMasterAddressFlagUntilTimeout
                0x08003a64       0xd6 build/debug/stm32f4xx_hal_i2c.o
 .text.I2C_WaitOnTXEFlagUntilTimeout
                0x08003b3a       0x5e build/debug/stm32f4xx_hal_i2c.o
 .text.I2C_RequestMemoryWrite
                0x08003b98       0xd8 build/debug/stm32f4xx_hal_i2c.o
 .text.I2C_RequestMemoryRead
                0x08003c70      0x154 build/debug/stm32f4xx_hal_i2c.o
 .text.I2C_WaitOnBTFFlagUntilTimeout
                0x08003dc4       0x5e build/debug/stm32f4xx_hal_i2c.o
 .text.I2C_WaitOnRXNEFlagUntilTimeout
                0x08003e22       0x78 build/debug/stm32f4xx_hal_i2c.o
 *fill*         0x08003e9a        0x2 
 .text.HAL_I2C_Init
                0x08003e9c      0x1bc build/debug/stm32f4xx_hal_i2c.o
                0x08003e9c                HAL_I2C_Init
 .text.HAL_I2C_Mem_Write
                0x08004058      0x160 build/debug/stm32f4xx_hal_i2c.o
                0x08004058                HAL_I2C_Mem_Write
 .text.HAL_I2C_Mem_Read
                0x080041b8      0x2f8 build/debug/stm32f4xx_hal_i2c.o
                0x080041b8                HAL_I2C_Mem_Read
 .text.HAL_MspInit
                0x080044b0       0x44 build/debug/stm32f4xx_hal_msp.o
                0x080044b0                HAL_MspInit
 .text.HAL_RCC_OscConfig
                0x080044f4      0x3f8 build/debug/stm32f4xx_hal_rcc.o
                0x080044f4                HAL_RCC_OscConfig
 .text.HAL_RCC_GetSysClockFreq
                0x080048ec       0xdc build/debug/stm32f4xx_hal_rcc.o
                0x080048ec                HAL_RCC_GetSysClockFreq
 .text.HAL_RCC_ClockConfig
                0x080049c8      0x160 build/debug/stm32f4xx_hal_rcc.o
                0x080049c8                HAL_RCC_ClockConfig
 .text.HAL_RCC_GetHCLKFreq
                0x08004b28        0xc build/debug/stm32f4xx_hal_rcc.o
                0x08004b28                HAL_RCC_GetHCLKFreq
 .text.HAL_RCC_GetPCLK1Freq
                0x08004b34       0x20 build/debug/stm32f4xx_hal_rcc.o
                0x08004b34                HAL_RCC_GetPCLK1Freq
 .text.HAL_RCC_GetPCLK2Freq
                0x08004b54       0x20 build/debug/stm32f4xx_hal_rcc.o
                0x08004b54                HAL_RCC_GetPCLK2Freq
 .text.HAL_RCC_GetClockConfig
                0x08004b74       0x3c build/debug/stm32f4xx_hal_rcc.o
                0x08004b74                HAL_RCC_GetClockConfig
 .text.HAL_RCCEx_PeriphCLKConfig
                0x08004bb0      0x154 build/debug/stm32f4xx_hal_rcc_ex.o
                0x08004bb0                HAL_RCCEx_PeriphCLKConfig
 .text.HAL_RTC_WaitForSynchro
                0x08004d04       0x34 build/debug/stm32f4xx_hal_rtc.o
                0x08004d04                HAL_RTC_WaitForSynchro
 .text.RTC_EnterInitMode
                0x08004d38       0x46 build/debug/stm32f4xx_hal_rtc.o
                0x08004d38                RTC_EnterInitMode
 .text.RTC_ExitInitMode
                0x08004d7e       0x2a build/debug/stm32f4xx_hal_rtc.o
                0x08004d7e                RTC_ExitInitMode
 .text.HAL_RTC_Init
                0x08004da8       0x9e build/debug/stm32f4xx_hal_rtc.o
                0x08004da8                HAL_RTC_Init
 .text.RTC_ByteToBcd2
                0x08004e46       0x16 build/debug/stm32f4xx_hal_rtc.o
                0x08004e46                RTC_ByteToBcd2
 .text.HAL_RTC_SetTime
                0x08004e5c       0xc0 build/debug/stm32f4xx_hal_rtc.o
                0x08004e5c                HAL_RTC_SetTime
 .text.HAL_RTC_SetDate
                0x08004f1c       0x9c build/debug/stm32f4xx_hal_rtc.o
                0x08004f1c                HAL_RTC_SetDate
 .text.HAL_RTC_SetAlarm
                0x08004fb8      0x178 build/debug/stm32f4xx_hal_rtc.o
                0x08004fb8                HAL_RTC_SetAlarm
 .text.RTC_Bcd2ToByte
                0x08005130       0x12 build/debug/stm32f4xx_hal_rtc.o
                0x08005130                RTC_Bcd2ToByte
 .text.HAL_RTC_GetTime
                0x08005142       0x4c build/debug/stm32f4xx_hal_rtc.o
                0x08005142                HAL_RTC_GetTime
 .text.HAL_RTC_GetDate
                0x0800518e       0x3c build/debug/stm32f4xx_hal_rtc.o
                0x0800518e                HAL_RTC_GetDate
 .text.HAL_RTCEx_BKUPWrite
                0x080051ca        0xa build/debug/stm32f4xx_hal_rtc_ex.o
                0x080051ca                HAL_RTCEx_BKUPWrite
 .text.HAL_RTCEx_BKUPRead
                0x080051d4        0xa build/debug/stm32f4xx_hal_rtc_ex.o
                0x080051d4                HAL_RTCEx_BKUPRead
 .text.HAL_SPI_Init
                0x080051de       0xbe build/debug/stm32f4xx_hal_spi.o
                0x080051de                HAL_SPI_Init
 .text.TIM_OC1_SetConfig
                0x0800529c       0x70 build/debug/stm32f4xx_hal_tim.o
 .text.TIM_OC3_SetConfig
                0x0800530c       0x70 build/debug/stm32f4xx_hal_tim.o
 .text.TIM_OC4_SetConfig
                0x0800537c       0x50 build/debug/stm32f4xx_hal_tim.o
 .text.TIM_TI1_ConfigInputStage
                0x080053cc       0x26 build/debug/stm32f4xx_hal_tim.o
 .text.TIM_TI2_ConfigInputStage
                0x080053f2       0x28 build/debug/stm32f4xx_hal_tim.o
 .text.TIM_ITRx_SetConfig
                0x0800541a       0x10 build/debug/stm32f4xx_hal_tim.o
 *fill*         0x0800542a        0x2 
 .text.HAL_TIM_Base_Start_IT
                0x0800542c       0x84 build/debug/stm32f4xx_hal_tim.o
                0x0800542c                HAL_TIM_Base_Start_IT
 .text.HAL_TIM_PWM_MspInit
                0x080054b0        0x2 build/debug/stm32f4xx_hal_tim.o
                0x080054b0                HAL_TIM_PWM_MspInit
 .text.HAL_TIM_OC_DelayElapsedCallback
                0x080054b2        0x2 build/debug/stm32f4xx_hal_tim.o
                0x080054b2                HAL_TIM_OC_DelayElapsedCallback
 .text.HAL_TIM_IC_CaptureCallback
                0x080054b4        0x2 build/debug/stm32f4xx_hal_tim.o
                0x080054b4                HAL_TIM_IC_CaptureCallback
 .text.HAL_TIM_PWM_PulseFinishedCallback
                0x080054b6        0x2 build/debug/stm32f4xx_hal_tim.o
                0x080054b6                HAL_TIM_PWM_PulseFinishedCallback
 .text.HAL_TIM_TriggerCallback
                0x080054b8        0x2 build/debug/stm32f4xx_hal_tim.o
                0x080054b8                HAL_TIM_TriggerCallback
 .text.HAL_TIM_IRQHandler
                0x080054ba      0x15e build/debug/stm32f4xx_hal_tim.o
                0x080054ba                HAL_TIM_IRQHandler
 .text.TIM_Base_SetConfig
                0x08005618       0xd0 build/debug/stm32f4xx_hal_tim.o
                0x08005618                TIM_Base_SetConfig
 .text.HAL_TIM_Base_Init
                0x080056e8       0x58 build/debug/stm32f4xx_hal_tim.o
                0x080056e8                HAL_TIM_Base_Init
 .text.HAL_TIM_PWM_Init
                0x08005740       0x58 build/debug/stm32f4xx_hal_tim.o
                0x08005740                HAL_TIM_PWM_Init
 .text.TIM_OC2_SetConfig
                0x08005798       0x70 build/debug/stm32f4xx_hal_tim.o
                0x08005798                TIM_OC2_SetConfig
 .text.HAL_TIM_PWM_ConfigChannel
                0x08005808       0xdc build/debug/stm32f4xx_hal_tim.o
                0x08005808                HAL_TIM_PWM_ConfigChannel
 .text.TIM_ETR_SetConfig
                0x080058e4       0x1a build/debug/stm32f4xx_hal_tim.o
                0x080058e4                TIM_ETR_SetConfig
 .text.HAL_TIM_ConfigClockSource
                0x080058fe       0xfe build/debug/stm32f4xx_hal_tim.o
                0x080058fe                HAL_TIM_ConfigClockSource
 .text.HAL_TIMEx_MasterConfigSynchronization
                0x080059fc       0x8c build/debug/stm32f4xx_hal_tim_ex.o
                0x080059fc                HAL_TIMEx_MasterConfigSynchronization
 .text.HAL_TIMEx_CommutCallback
                0x08005a88        0x2 build/debug/stm32f4xx_hal_tim_ex.o
                0x08005a88                HAL_TIMEx_CommutCallback
 .text.HAL_TIMEx_BreakCallback
                0x08005a8a        0x2 build/debug/stm32f4xx_hal_tim_ex.o
                0x08005a8a                HAL_TIMEx_BreakCallback
 .text.HAL_InitTick
                0x08005a8c       0xa4 build/debug/stm32f4xx_hal_timebase_tim.o
                0x08005a8c                HAL_InitTick
 .text.UART_EndRxTransfer
                0x08005b30       0x5c build/debug/stm32f4xx_hal_uart.o
 .text.UART_Transmit_IT
                0x08005b8c       0x5e build/debug/stm32f4xx_hal_uart.o
 *fill*         0x08005bea        0x2 
 .text.UART_SetConfig
                0x08005bec      0x110 build/debug/stm32f4xx_hal_uart.o
 .text.HAL_UART_Init
                0x08005cfc       0x60 build/debug/stm32f4xx_hal_uart.o
                0x08005cfc                HAL_UART_Init
 .text.HAL_UART_TxCpltCallback
                0x08005d5c        0x2 build/debug/stm32f4xx_hal_uart.o
                0x08005d5c                HAL_UART_TxCpltCallback
 .text.UART_EndTransmit_IT
                0x08005d5e       0x1a build/debug/stm32f4xx_hal_uart.o
 .text.HAL_UART_RxCpltCallback
                0x08005d78        0x2 build/debug/stm32f4xx_hal_uart.o
                0x08005d78                HAL_UART_RxCpltCallback
 .text.HAL_UART_ErrorCallback
                0x08005d7a        0x2 build/debug/stm32f4xx_hal_uart.o
                0x08005d7a                HAL_UART_ErrorCallback
 .text.UART_DMAAbortOnError
                0x08005d7c        0xe build/debug/stm32f4xx_hal_uart.o
 .text.HAL_UARTEx_RxEventCallback
                0x08005d8a        0x2 build/debug/stm32f4xx_hal_uart.o
                0x08005d8a                HAL_UARTEx_RxEventCallback
 .text.UART_Receive_IT
                0x08005d8c       0xe4 build/debug/stm32f4xx_hal_uart.o
 .text.HAL_UART_IRQHandler
                0x08005e70      0x2a0 build/debug/stm32f4xx_hal_uart.o
                0x08005e70                HAL_UART_IRQHandler
 .text.NMI_Handler
                0x08006110        0x2 build/debug/stm32f4xx_it.o
                0x08006110                NMI_Handler
 .text.HardFault_Handler
                0x08006112        0x2 build/debug/stm32f4xx_it.o
                0x08006112                HardFault_Handler
 .text.MemManage_Handler
                0x08006114        0x2 build/debug/stm32f4xx_it.o
                0x08006114                MemManage_Handler
 .text.BusFault_Handler
                0x08006116        0x2 build/debug/stm32f4xx_it.o
                0x08006116                BusFault_Handler
 .text.UsageFault_Handler
                0x08006118        0x2 build/debug/stm32f4xx_it.o
                0x08006118                UsageFault_Handler
 .text.DebugMon_Handler
                0x0800611a        0x2 build/debug/stm32f4xx_it.o
                0x0800611a                DebugMon_Handler
 .text.DMA1_Stream5_IRQHandler
                0x0800611c       0x10 build/debug/stm32f4xx_it.o
                0x0800611c                DMA1_Stream5_IRQHandler
 .text.TIM3_IRQHandler
                0x0800612c       0x10 build/debug/stm32f4xx_it.o
                0x0800612c                TIM3_IRQHandler
 .text.USART1_IRQHandler
                0x0800613c       0x10 build/debug/stm32f4xx_it.o
                0x0800613c                USART1_IRQHandler
 .text.TIM8_UP_TIM13_IRQHandler
                0x0800614c       0x10 build/debug/stm32f4xx_it.o
                0x0800614c                TIM8_UP_TIM13_IRQHandler
 .text.TIM7_IRQHandler
                0x0800615c       0x10 build/debug/stm32f4xx_it.o
                0x0800615c                TIM7_IRQHandler
 .text.DMA2_Stream0_IRQHandler
                0x0800616c       0x10 build/debug/stm32f4xx_it.o
                0x0800616c                DMA2_Stream0_IRQHandler
 .text.DMA2_Stream1_IRQHandler
                0x0800617c       0x10 build/debug/stm32f4xx_it.o
                0x0800617c                DMA2_Stream1_IRQHandler
 .text.DMA2_Stream2_IRQHandler
                0x0800618c       0x10 build/debug/stm32f4xx_it.o
                0x0800618c                DMA2_Stream2_IRQHandler
 .text.DMA2_Stream6_IRQHandler
                0x0800619c       0x10 build/debug/stm32f4xx_it.o
                0x0800619c                DMA2_Stream6_IRQHandler
 .text.DMA2_Stream7_IRQHandler
                0x080061ac       0x10 build/debug/stm32f4xx_it.o
                0x080061ac                DMA2_Stream7_IRQHandler
 .text.USART6_IRQHandler
                0x080061bc       0x10 build/debug/stm32f4xx_it.o
                0x080061bc                USART6_IRQHandler
 .text._sbrk    0x080061cc       0x48 build/debug/sysmem.o
                0x080061cc                _sbrk
 .text.SystemInit
                0x08006214       0x14 build/debug/system_stm32f4xx.o
                0x08006214                SystemInit
 .text.prvResetNextTaskUnblockTime
                0x08006228       0x2c build/debug/tasks.o
 .text.prvInitialiseNewTask
                0x08006254       0xa2 build/debug/tasks.o
 *fill*         0x080062f6        0x2 
 .text.prvInitialiseTaskLists
                0x080062f8       0x68 build/debug/tasks.o
 .text.prvAddNewTaskToReadyList
                0x08006360       0xac build/debug/tasks.o
 .text.prvDeleteTCB
                0x0800640c       0x38 build/debug/tasks.o
 .text.prvCheckTasksWaitingTermination
                0x08006444       0x4c build/debug/tasks.o
 .text.prvIdleTask
                0x08006490       0x28 build/debug/tasks.o
 .text.prvAddCurrentTaskToDelayedList
                0x080064b8       0x7c build/debug/tasks.o
 .text.xTaskCreateStatic
                0x08006534       0x76 build/debug/tasks.o
                0x08006534                xTaskCreateStatic
 .text.xTaskCreate
                0x080065aa       0x64 build/debug/tasks.o
                0x080065aa                xTaskCreate
 *fill*         0x0800660e        0x2 
 .text.vTaskStartScheduler
                0x08006610       0x98 build/debug/tasks.o
                0x08006610                vTaskStartScheduler
 .text.vTaskSuspendAll
                0x080066a8       0x10 build/debug/tasks.o
                0x080066a8                vTaskSuspendAll
 .text.xTaskGetTickCount
                0x080066b8        0xc build/debug/tasks.o
                0x080066b8                xTaskGetTickCount
 .text.xTaskIncrementTick
                0x080066c4      0x118 build/debug/tasks.o
                0x080066c4                xTaskIncrementTick
 .text.xTaskResumeAll
                0x080067dc       0xf8 build/debug/tasks.o
                0x080067dc                xTaskResumeAll
 .text.vTaskDelay
                0x080068d4       0x4c build/debug/tasks.o
                0x080068d4                vTaskDelay
 .text.vTaskSwitchContext
                0x08006920       0x98 build/debug/tasks.o
                0x08006920                vTaskSwitchContext
 .text.vTaskPlaceOnEventList
                0x080069b8       0x30 build/debug/tasks.o
                0x080069b8                vTaskPlaceOnEventList
 .text.vTaskPlaceOnEventListRestricted
                0x080069e8       0x38 build/debug/tasks.o
                0x080069e8                vTaskPlaceOnEventListRestricted
 .text.xTaskRemoveFromEventList
                0x08006a20       0x8c build/debug/tasks.o
                0x08006a20                xTaskRemoveFromEventList
 .text.vTaskInternalSetTimeOutState
                0x08006aac       0x18 build/debug/tasks.o
                0x08006aac                vTaskInternalSetTimeOutState
 .text.xTaskCheckForTimeOut
                0x08006ac4       0x88 build/debug/tasks.o
                0x08006ac4                xTaskCheckForTimeOut
 .text.vTaskMissedYield
                0x08006b4c        0xc build/debug/tasks.o
                0x08006b4c                vTaskMissedYield
 .text.xTaskGetSchedulerState
                0x08006b58       0x20 build/debug/tasks.o
                0x08006b58                xTaskGetSchedulerState
 .text.xTaskPriorityDisinherit
                0x08006b78       0x90 build/debug/tasks.o
                0x08006b78                xTaskPriorityDisinherit
 .text.MX_TIM2_Init
                0x08006c08       0x70 build/debug/tim.o
                0x08006c08                MX_TIM2_Init
 .text.MX_TIM8_Init
                0x08006c78       0x70 build/debug/tim.o
                0x08006c78                MX_TIM8_Init
 .text.HAL_TIM_Base_MspInit
                0x08006ce8       0x94 build/debug/tim.o
                0x08006ce8                HAL_TIM_Base_MspInit
 .text.HAL_TIM_MspPostInit
                0x08006d7c       0x58 build/debug/tim.o
                0x08006d7c                HAL_TIM_MspPostInit
 .text.MX_TIM3_Init
                0x08006dd4       0xb4 build/debug/tim.o
                0x08006dd4                MX_TIM3_Init
 .text.prvGetNextExpireTime
                0x08006e88       0x20 build/debug/timers.o
 .text.prvInsertTimerInActiveList
                0x08006ea8       0x48 build/debug/timers.o
 .text.prvCheckForValidListAndQueue
                0x08006ef0       0x70 build/debug/timers.o
 .text.xTimerCreateTimerTask
                0x08006f60       0x64 build/debug/timers.o
                0x08006f60                xTimerCreateTimerTask
 .text.xTimerGenericCommand
                0x08006fc4       0x6c build/debug/timers.o
                0x08006fc4                xTimerGenericCommand
 .text.prvSwitchTimerLists
                0x08007030       0x7c build/debug/timers.o
 .text.prvSampleTimeNow
                0x080070ac       0x2c build/debug/timers.o
 .text.prvProcessExpiredTimer
                0x080070d8       0x6c build/debug/timers.o
 .text.prvProcessTimerOrBlockTask
                0x08007144       0x74 build/debug/timers.o
 .text.prvProcessReceivedCommands
                0x080071b8      0x10c build/debug/timers.o
 .text.prvTimerTask
                0x080072c4       0x16 build/debug/timers.o
 *fill*         0x080072da        0x2 
 .text.MX_USART1_UART_Init
                0x080072dc       0x34 build/debug/usart.o
                0x080072dc                MX_USART1_UART_Init
 .text.MX_USART6_UART_Init
                0x08007310       0x34 build/debug/usart.o
                0x08007310                MX_USART6_UART_Init
 .text.HAL_UART_MspInit
                0x08007344      0x1d8 build/debug/usart.o
                0x08007344                HAL_UART_MspInit
 .text.Reset_Handler
                0x0800751c       0x50 build/debug/startup_stm32f407xx.o
                0x0800751c                Reset_Handler
 .text.Default_Handler
                0x0800756c        0x2 build/debug/startup_stm32f407xx.o
                0x0800756c                RTC_Alarm_IRQHandler
                0x0800756c                HASH_RNG_IRQHandler
                0x0800756c                EXTI2_IRQHandler
                0x0800756c                TIM8_CC_IRQHandler
                0x0800756c                TIM1_CC_IRQHandler
                0x0800756c                DMA2_Stream5_IRQHandler
                0x0800756c                PVD_IRQHandler
                0x0800756c                SDIO_IRQHandler
                0x0800756c                TAMP_STAMP_IRQHandler
                0x0800756c                CAN2_RX1_IRQHandler
                0x0800756c                EXTI3_IRQHandler
                0x0800756c                TIM8_TRG_COM_TIM14_IRQHandler
                0x0800756c                TIM1_UP_TIM10_IRQHandler
                0x0800756c                I2C3_ER_IRQHandler
                0x0800756c                EXTI0_IRQHandler
                0x0800756c                I2C2_EV_IRQHandler
                0x0800756c                DMA1_Stream2_IRQHandler
                0x0800756c                CAN1_RX0_IRQHandler
                0x0800756c                FPU_IRQHandler
                0x0800756c                OTG_HS_WKUP_IRQHandler
                0x0800756c                CAN2_SCE_IRQHandler
                0x0800756c                SPI1_IRQHandler
                0x0800756c                TIM6_DAC_IRQHandler
                0x0800756c                TIM1_BRK_TIM9_IRQHandler
                0x0800756c                DCMI_IRQHandler
                0x0800756c                CAN2_RX0_IRQHandler
                0x0800756c                DMA2_Stream3_IRQHandler
                0x0800756c                USART3_IRQHandler
                0x0800756c                CAN1_RX1_IRQHandler
                0x0800756c                UART5_IRQHandler
                0x0800756c                TIM4_IRQHandler
                0x0800756c                I2C1_EV_IRQHandler
                0x0800756c                DMA1_Stream6_IRQHandler
                0x0800756c                DMA1_Stream1_IRQHandler
                0x0800756c                UART4_IRQHandler
                0x0800756c                RCC_IRQHandler
                0x0800756c                TIM8_BRK_TIM12_IRQHandler
                0x0800756c                Default_Handler
                0x0800756c                EXTI15_10_IRQHandler
                0x0800756c                ADC_IRQHandler
                0x0800756c                DMA1_Stream7_IRQHandler
                0x0800756c                CAN2_TX_IRQHandler
                0x0800756c                TIM5_IRQHandler
                0x0800756c                I2C3_EV_IRQHandler
                0x0800756c                EXTI9_5_IRQHandler
                0x0800756c                RTC_WKUP_IRQHandler
                0x0800756c                ETH_WKUP_IRQHandler
                0x0800756c                SPI2_IRQHandler
                0x0800756c                OTG_HS_EP1_IN_IRQHandler
                0x0800756c                DMA1_Stream0_IRQHandler
                0x0800756c                CAN1_TX_IRQHandler
                0x0800756c                EXTI4_IRQHandler
                0x0800756c                FSMC_IRQHandler
                0x0800756c                ETH_IRQHandler
                0x0800756c                OTG_HS_EP1_OUT_IRQHandler
                0x0800756c                WWDG_IRQHandler
                0x0800756c                TIM2_IRQHandler
                0x0800756c                OTG_FS_WKUP_IRQHandler
                0x0800756c                TIM1_TRG_COM_TIM11_IRQHandler
                0x0800756c                OTG_HS_IRQHandler
                0x0800756c                EXTI1_IRQHandler
                0x0800756c                USART2_IRQHandler
                0x0800756c                I2C2_ER_IRQHandler
                0x0800756c                CAN1_SCE_IRQHandler
                0x0800756c                FLASH_IRQHandler
                0x0800756c                DMA2_Stream4_IRQHandler
                0x0800756c                OTG_FS_IRQHandler
                0x0800756c                SPI3_IRQHandler
                0x0800756c                DMA1_Stream4_IRQHandler
                0x0800756c                I2C1_ER_IRQHandler
                0x0800756c                DMA1_Stream3_IRQHandler
 *fill*         0x0800756e        0x2 
 .text.sprintf  0x08007570       0x44 C:/STM32/arm-none-eabi-gcc/14.2.1-1.1.1/.content/bin/../lib/gcc/arm-none-eabi/14.2.1/../../../../arm-none-eabi/lib/thumb/v7e-m+fp/hard\libc_nano.a(libc_a-sprintf.o)
                0x08007570                siprintf
                0x08007570                sprintf
 .text.memcmp   0x080075b4       0x20 C:/STM32/arm-none-eabi-gcc/14.2.1-1.1.1/.content/bin/../lib/gcc/arm-none-eabi/14.2.1/../../../../arm-none-eabi/lib/thumb/v7e-m+fp/hard\libc_nano.a(libc_a-memcmp.o)
                0x080075b4                memcmp
 .text.memset   0x080075d4       0x10 C:/STM32/arm-none-eabi-gcc/14.2.1-1.1.1/.content/bin/../lib/gcc/arm-none-eabi/14.2.1/../../../../arm-none-eabi/lib/thumb/v7e-m+fp/hard\libc_nano.a(libc_a-memset.o)
                0x080075d4                memset
 .text.__errno  0x080075e4        0xc C:/STM32/arm-none-eabi-gcc/14.2.1-1.1.1/.content/bin/../lib/gcc/arm-none-eabi/14.2.1/../../../../arm-none-eabi/lib/thumb/v7e-m+fp/hard\libc_nano.a(libc_a-errno.o)
                0x080075e4                __errno
 .text.__libc_init_array
                0x080075f0       0x48 C:/STM32/arm-none-eabi-gcc/14.2.1-1.1.1/.content/bin/../lib/gcc/arm-none-eabi/14.2.1/../../../../arm-none-eabi/lib/thumb/v7e-m+fp/hard\libc_nano.a(libc_a-init.o)
                0x080075f0                __libc_init_array
 .text.__retarget_lock_acquire_recursive
                0x08007638        0x2 C:/STM32/arm-none-eabi-gcc/14.2.1-1.1.1/.content/bin/../lib/gcc/arm-none-eabi/14.2.1/../../../../arm-none-eabi/lib/thumb/v7e-m+fp/hard\libc_nano.a(libc_a-lock.o)
                0x08007638                __retarget_lock_acquire_recursive
 .text.__retarget_lock_release_recursive
                0x0800763a        0x2 C:/STM32/arm-none-eabi-gcc/14.2.1-1.1.1/.content/bin/../lib/gcc/arm-none-eabi/14.2.1/../../../../arm-none-eabi/lib/thumb/v7e-m+fp/hard\libc_nano.a(libc_a-lock.o)
                0x0800763a                __retarget_lock_release_recursive
 .text.memcpy   0x0800763c       0x1c C:/STM32/arm-none-eabi-gcc/14.2.1-1.1.1/.content/bin/../lib/gcc/arm-none-eabi/14.2.1/../../../../arm-none-eabi/lib/thumb/v7e-m+fp/hard\libc_nano.a(libc_a-memcpy-stub.o)
                0x0800763c                memcpy
 .text._free_r  0x08007658       0x94 C:/STM32/arm-none-eabi-gcc/14.2.1-1.1.1/.content/bin/../lib/gcc/arm-none-eabi/14.2.1/../../../../arm-none-eabi/lib/thumb/v7e-m+fp/hard\libc_nano.a(libc_a-freer.o)
                0x08007658                _free_r
 .text.sbrk_aligned
                0x080076ec       0x44 C:/STM32/arm-none-eabi-gcc/14.2.1-1.1.1/.content/bin/../lib/gcc/arm-none-eabi/14.2.1/../../../../arm-none-eabi/lib/thumb/v7e-m+fp/hard\libc_nano.a(libc_a-mallocr.o)
 .text._malloc_r
                0x08007730      0x100 C:/STM32/arm-none-eabi-gcc/14.2.1-1.1.1/.content/bin/../lib/gcc/arm-none-eabi/14.2.1/../../../../arm-none-eabi/lib/thumb/v7e-m+fp/hard\libc_nano.a(libc_a-mallocr.o)
                0x08007730                _malloc_r
 .text.__malloc_lock
                0x08007830        0xc C:/STM32/arm-none-eabi-gcc/14.2.1-1.1.1/.content/bin/../lib/gcc/arm-none-eabi/14.2.1/../../../../arm-none-eabi/lib/thumb/v7e-m+fp/hard\libc_nano.a(libc_a-mlock.o)
                0x08007830                __malloc_lock
 .text.__malloc_unlock
                0x0800783c        0xc C:/STM32/arm-none-eabi-gcc/14.2.1-1.1.1/.content/bin/../lib/gcc/arm-none-eabi/14.2.1/../../../../arm-none-eabi/lib/thumb/v7e-m+fp/hard\libc_nano.a(libc_a-mlock.o)
                0x0800783c                __malloc_unlock
 .text.__ssputs_r
                0x08007848       0xc0 C:/STM32/arm-none-eabi-gcc/14.2.1-1.1.1/.content/bin/../lib/gcc/arm-none-eabi/14.2.1/../../../../arm-none-eabi/lib/thumb/v7e-m+fp/hard\libc_nano.a(libc_a-nano-svfprintf.o)
                0x08007848                __ssputs_r
 .text._svfprintf_r
                0x08007908      0x1f8 C:/STM32/arm-none-eabi-gcc/14.2.1-1.1.1/.content/bin/../lib/gcc/arm-none-eabi/14.2.1/../../../../arm-none-eabi/lib/thumb/v7e-m+fp/hard\libc_nano.a(libc_a-nano-svfprintf.o)
                0x08007908                _svfiprintf_r
                0x08007908                _svfprintf_r
 .text._printf_common
                0x08007b00       0xda C:/STM32/arm-none-eabi-gcc/14.2.1-1.1.1/.content/bin/../lib/gcc/arm-none-eabi/14.2.1/../../../../arm-none-eabi/lib/thumb/v7e-m+fp/hard\libc_nano.a(libc_a-nano-vfprintf_i.o)
                0x08007b00                _printf_common
 *fill*         0x08007bda        0x2 
 .text._printf_i
                0x08007bdc      0x240 C:/STM32/arm-none-eabi-gcc/14.2.1-1.1.1/.content/bin/../lib/gcc/arm-none-eabi/14.2.1/../../../../arm-none-eabi/lib/thumb/v7e-m+fp/hard\libc_nano.a(libc_a-nano-vfprintf_i.o)
                0x08007bdc                _printf_i
 .text.memmove  0x08007e1c       0x32 C:/STM32/arm-none-eabi-gcc/14.2.1-1.1.1/.content/bin/../lib/gcc/arm-none-eabi/14.2.1/../../../../arm-none-eabi/lib/thumb/v7e-m+fp/hard\libc_nano.a(libc_a-memmove.o)
                0x08007e1c                memmove
 *fill*         0x08007e4e        0x2 
 .text._sbrk_r  0x08007e50       0x20 C:/STM32/arm-none-eabi-gcc/14.2.1-1.1.1/.content/bin/../lib/gcc/arm-none-eabi/14.2.1/../../../../arm-none-eabi/lib/thumb/v7e-m+fp/hard\libc_nano.a(libc_a-sbrkr.o)
                0x08007e50                _sbrk_r
 .text._realloc_r
                0x08007e70       0x5c C:/STM32/arm-none-eabi-gcc/14.2.1-1.1.1/.content/bin/../lib/gcc/arm-none-eabi/14.2.1/../../../../arm-none-eabi/lib/thumb/v7e-m+fp/hard\libc_nano.a(libc_a-reallocr.o)
                0x08007e70                _realloc_r
 .text._malloc_usable_size_r
                0x08007ecc       0x10 C:/STM32/arm-none-eabi-gcc/14.2.1-1.1.1/.content/bin/../lib/gcc/arm-none-eabi/14.2.1/../../../../arm-none-eabi/lib/thumb/v7e-m+fp/hard\libc_nano.a(libc_a-msizer.o)
                0x08007ecc                _malloc_usable_size_r
 .text.__udivmoddi4
                0x08007edc      0x2f8 C:/STM32/arm-none-eabi-gcc/14.2.1-1.1.1/.content/bin/../lib/gcc/arm-none-eabi/14.2.1/thumb/v7e-m+fp/hard\libgcc.a(_udivmoddi4.o)
                0x08007edc                __udivmoddi4
 *(.glue_7)
 .glue_7        0x080081d4        0x0 linker stubs
 *(.glue_7t)
 .glue_7t       0x080081d4        0x0 linker stubs
 *(.eh_frame)
 .eh_frame      0x080081d4        0x0 C:/STM32/arm-none-eabi-gcc/14.2.1-1.1.1/.content/bin/../lib/gcc/arm-none-eabi/14.2.1/thumb/v7e-m+fp/hard/crtbegin.o
 *(.init)
 .init          0x080081d4        0x4 C:/STM32/arm-none-eabi-gcc/14.2.1-1.1.1/.content/bin/../lib/gcc/arm-none-eabi/14.2.1/thumb/v7e-m+fp/hard/crti.o
                0x080081d4                _init
 .init          0x080081d8        0x8 C:/STM32/arm-none-eabi-gcc/14.2.1-1.1.1/.content/bin/../lib/gcc/arm-none-eabi/14.2.1/thumb/v7e-m+fp/hard/crtn.o
 *(.fini)
 .fini          0x080081e0        0x4 C:/STM32/arm-none-eabi-gcc/14.2.1-1.1.1/.content/bin/../lib/gcc/arm-none-eabi/14.2.1/thumb/v7e-m+fp/hard/crti.o
                0x080081e0                _fini
 .fini          0x080081e4        0x8 C:/STM32/arm-none-eabi-gcc/14.2.1-1.1.1/.content/bin/../lib/gcc/arm-none-eabi/14.2.1/thumb/v7e-m+fp/hard/crtn.o
                0x080081ec                        . = ALIGN (0x4)
                0x080081ec                        _etext = .

.vfp11_veneer   0x080081ec        0x0
 .vfp11_veneer  0x080081ec        0x0 linker stubs

.v4_bx          0x080081ec        0x0
 .v4_bx         0x080081ec        0x0 linker stubs

.iplt           0x080081ec        0x0
 .iplt          0x080081ec        0x0 C:/STM32/arm-none-eabi-gcc/14.2.1-1.1.1/.content/bin/../lib/gcc/arm-none-eabi/14.2.1/thumb/v7e-m+fp/hard/crtbegin.o

.rodata         0x080081ec      0x738
                0x080081ec                        . = ALIGN (0x4)
 *(.rodata)
 *(.rodata*)
 .rodata.GUI_Font8_ASCII
                0x080081ec       0x28 build/debug/F08_ASCII.o
                0x080081ec                GUI_Font8_ASCII
 .rodata.GUI_Font8ASCII_Prop
                0x08008214        0xc build/debug/F08_ASCII.o
                0x08008214                GUI_Font8ASCII_Prop
 .rodata.GUI_Font8_ASCII_CharInfo
                0x08008220      0x2f8 build/debug/F08_ASCII.o
                0x08008220                GUI_Font8_ASCII_CharInfo
 .rodata.acFont8ASCII
                0x08008518      0x2f8 build/debug/F08_ASCII.o
                0x08008518                acFont8ASCII
 .rodata.t.0    0x08008810        0xc build/debug/bsp_rtc.o
 .rodata.StartOledTask.str1.4
                0x0800881c       0x74 build/debug/freertos.o
                                 0x32 (size before relaxing)
 .rodata.str1.4
                0x08008890       0x25 build/debug/freertos.o
 .rodata.week_str.0
                0x08008890       0x1c build/debug/freertos.o
 .rodata.oledTask_attributes
                0x080088ac       0x24 build/debug/freertos.o
                0x080088ac                oledTask_attributes
 .rodata.flagBitshiftOffset.0
                0x080088d0        0x8 build/debug/stm32f4xx_hal_dma.o
 .rodata.APBPrescTable
                0x080088d8        0x8 build/debug/system_stm32f4xx.o
                0x080088d8                APBPrescTable
 .rodata.AHBPrescTable
                0x080088e0       0x10 build/debug/system_stm32f4xx.o
                0x080088e0                AHBPrescTable
 .rodata.vTaskStartScheduler.str1.4
                0x080088f0        0x5 build/debug/tasks.o
 .rodata.prvCheckForValidListAndQueue.str1.4
                0x080088f0        0x5 build/debug/timers.o
 .rodata.xTimerCreateTimerTask.str1.4
                0x080088f0        0x8 build/debug/timers.o
 .rodata._svfprintf_r.str1.1
                0x080088f0       0x33 C:/STM32/arm-none-eabi-gcc/14.2.1-1.1.1/.content/bin/../lib/gcc/arm-none-eabi/14.2.1/../../../../arm-none-eabi/lib/thumb/v7e-m+fp/hard\libc_nano.a(libc_a-nano-svfprintf.o)
                                 0x11 (size before relaxing)
 .rodata._printf_i.str1.1
                0x08008923       0x22 C:/STM32/arm-none-eabi-gcc/14.2.1-1.1.1/.content/bin/../lib/gcc/arm-none-eabi/14.2.1/../../../../arm-none-eabi/lib/thumb/v7e-m+fp/hard\libc_nano.a(libc_a-nano-vfprintf_i.o)
                0x08008948                        . = ALIGN (0x4)
 *fill*         0x08008923        0x1 

.ARM.extab      0x08008924        0x0
                0x08008924                        . = ALIGN (0x4)
 *(.ARM.extab* .gnu.linkonce.armextab.*)
                0x08008924                        . = ALIGN (0x4)

.ARM            0x08008924        0x8
                0x08008924                        . = ALIGN (0x4)
                0x08008924                        __exidx_start = .
 *(.ARM.exidx*)
 .ARM.exidx     0x08008924        0x8 C:/STM32/arm-none-eabi-gcc/14.2.1-1.1.1/.content/bin/../lib/gcc/arm-none-eabi/14.2.1/../../../../arm-none-eabi/lib/thumb/v7e-m+fp/hard\libc_nano.a(libc_a-strlen.o)
 .ARM.exidx     0x0800892c        0x0 C:/STM32/arm-none-eabi-gcc/14.2.1-1.1.1/.content/bin/../lib/gcc/arm-none-eabi/14.2.1/../../../../arm-none-eabi/lib/thumb/v7e-m+fp/hard\libc_nano.a(libc_a-memchr.o)
                                  0x8 (size before relaxing)
 .ARM.exidx.text.__udivmoddi4
                0x0800892c        0x0 C:/STM32/arm-none-eabi-gcc/14.2.1-1.1.1/.content/bin/../lib/gcc/arm-none-eabi/14.2.1/thumb/v7e-m+fp/hard\libgcc.a(_udivmoddi4.o)
                                  0x8 (size before relaxing)
                0x0800892c                        __exidx_end = .
                0x0800892c                        . = ALIGN (0x4)

.preinit_array  0x0800892c        0x0
                0x0800892c                        . = ALIGN (0x4)
                0x0800892c                        PROVIDE (__preinit_array_start = .)
 *(.preinit_array*)
                0x0800892c                        PROVIDE (__preinit_array_end = .)
                0x0800892c                        . = ALIGN (0x4)

.init_array     0x0800892c        0x4
                0x0800892c                        . = ALIGN (0x4)
                0x0800892c                        PROVIDE (__init_array_start = .)
 *(SORT_BY_NAME(.init_array.*))
 *(.init_array*)
 .init_array    0x0800892c        0x4 C:/STM32/arm-none-eabi-gcc/14.2.1-1.1.1/.content/bin/../lib/gcc/arm-none-eabi/14.2.1/thumb/v7e-m+fp/hard/crtbegin.o
                0x08008930                        PROVIDE (__init_array_end = .)
                0x08008930                        . = ALIGN (0x4)

.fini_array     0x08008930        0x4
                0x08008930                        . = ALIGN (0x4)
                0x08008930                        PROVIDE (__fini_array_start = .)
 *(SORT_BY_NAME(.fini_array.*))
 *(.fini_array*)
 .fini_array    0x08008930        0x4 C:/STM32/arm-none-eabi-gcc/14.2.1-1.1.1/.content/bin/../lib/gcc/arm-none-eabi/14.2.1/thumb/v7e-m+fp/hard/crtbegin.o
                0x08008934                        PROVIDE (__fini_array_end = .)
                0x08008934                        . = ALIGN (0x4)
                0x08008934                        _sidata = LOADADDR (.data)

.rel.dyn        0x08008934        0x0
 .rel.iplt      0x08008934        0x0 C:/STM32/arm-none-eabi-gcc/14.2.1-1.1.1/.content/bin/../lib/gcc/arm-none-eabi/14.2.1/thumb/v7e-m+fp/hard/crtbegin.o

.data           0x20000000       0x60 load address 0x08008934
                0x20000000                        . = ALIGN (0x4)
                0x20000000                        _sdata = .
 *(.data)
 *(.data*)
 .data.uxCriticalNesting
                0x20000000        0x4 build/debug/port.o
 .data.uwTickFreq
                0x20000004        0x1 build/debug/stm32f4xx_hal.o
                0x20000004                uwTickFreq
 *fill*         0x20000005        0x3 
 .data.uwTickPrio
                0x20000008        0x4 build/debug/stm32f4xx_hal.o
                0x20000008                uwTickPrio
 .data.SystemCoreClock
                0x2000000c        0x4 build/debug/system_stm32f4xx.o
                0x2000000c                SystemCoreClock
 .data._impure_ptr
                0x20000010        0x4 C:/STM32/arm-none-eabi-gcc/14.2.1-1.1.1/.content/bin/../lib/gcc/arm-none-eabi/14.2.1/../../../../arm-none-eabi/lib/thumb/v7e-m+fp/hard\libc_nano.a(libc_a-impure.o)
                0x20000010                _impure_ptr
 .data._impure_data
                0x20000014       0x4c C:/STM32/arm-none-eabi-gcc/14.2.1-1.1.1/.content/bin/../lib/gcc/arm-none-eabi/14.2.1/../../../../arm-none-eabi/lib/thumb/v7e-m+fp/hard\libc_nano.a(libc_a-impure.o)
                0x20000014                _impure_data
 *(.RamFunc)
 *(.RamFunc*)
                0x20000060                        . = ALIGN (0x4)
                0x20000060                        _edata = .
                0x08008994                        _siccmram = LOADADDR (.ccmram)

.igot.plt       0x20000060        0x0 load address 0x08008994
 .igot.plt      0x20000060        0x0 C:/STM32/arm-none-eabi-gcc/14.2.1-1.1.1/.content/bin/../lib/gcc/arm-none-eabi/14.2.1/thumb/v7e-m+fp/hard/crtbegin.o

.ccmram         0x10000000        0x0 load address 0x08008994
                0x10000000                        . = ALIGN (0x4)
                0x10000000                        _sccmram = .
 *(.ccmram)
 *(.ccmram*)
                0x10000000                        . = ALIGN (0x4)
                0x10000000                        _eccmram = .
                0x10000000                        . = ALIGN (0x4)

.bss            0x20000060     0xa00c
                0x20000060                        _sbss = .
                0x20000060                        __bss_start__ = _sbss
 *(.bss)
 *(.bss*)
 .bss.completed.1
                0x20000060        0x1 C:/STM32/arm-none-eabi-gcc/14.2.1-1.1.1/.content/bin/../lib/gcc/arm-none-eabi/14.2.1/thumb/v7e-m+fp/hard/crtbegin.o
 *fill*         0x20000061        0x3 
 .bss.object.0  0x20000064       0x18 C:/STM32/arm-none-eabi-gcc/14.2.1-1.1.1/.content/bin/../lib/gcc/arm-none-eabi/14.2.1/thumb/v7e-m+fp/hard/crtbegin.o
 .bss.output_buf.0
                0x2000007c      0x400 build/debug/GUISlim.o
 .bss.output_buf.1
                0x2000047c      0x400 build/debug/GUISlim.o
 .bss.GUI_DecChar
                0x2000087c        0x1 build/debug/GUISlim.o
                0x2000087c                GUI_DecChar
 *fill*         0x2000087d        0x3 
 .bss.GUI_Context
                0x20000880       0x20 build/debug/GUISlim.o
                0x20000880                GUI_Context
 .bss.hdma_adc1
                0x200008a0       0x60 build/debug/adc.o
                0x200008a0                hdma_adc1
 .bss.hadc1     0x20000900       0x48 build/debug/adc.o
                0x20000900                hadc1
 .bss.g_rtc_datetime
                0x20000948        0x8 build/debug/bsp_rtc.o
                0x20000948                g_rtc_datetime
 .bss.Timer_Stack.0
                0x20000950      0x400 build/debug/cmsis_os2.o
 .bss.Timer_TCB.1
                0x20000d50       0x5c build/debug/cmsis_os2.o
 .bss.Idle_Stack.2
                0x20000dac      0x200 build/debug/cmsis_os2.o
 .bss.Idle_TCB.3
                0x20000fac       0x5c build/debug/cmsis_os2.o
 .bss.KernelState
                0x20001008        0x4 build/debug/cmsis_os2.o
 .bss.hdma_dac1
                0x2000100c       0x60 build/debug/dac.o
                0x2000100c                hdma_dac1
 .bss.hdac      0x2000106c       0x14 build/debug/dac.o
                0x2000106c                hdac
 .bss.oledTaskHandle
                0x20001080        0x4 build/debug/freertos.o
                0x20001080                oledTaskHandle
 .bss.xBlockAllocatedBit
                0x20001084        0x4 build/debug/heap_4.o
 .bss.xNumberOfSuccessfulFrees
                0x20001088        0x4 build/debug/heap_4.o
 .bss.xNumberOfSuccessfulAllocations
                0x2000108c        0x4 build/debug/heap_4.o
 .bss.xMinimumEverFreeBytesRemaining
                0x20001090        0x4 build/debug/heap_4.o
 .bss.xFreeBytesRemaining
                0x20001094        0x4 build/debug/heap_4.o
 .bss.pxEnd     0x20001098        0x4 build/debug/heap_4.o
 .bss.xStart    0x2000109c        0x8 build/debug/heap_4.o
 .bss.ucHeap    0x200010a4     0x8000 build/debug/heap_4.o
 .bss.hi2c1     0x200090a4       0x54 build/debug/i2c.o
                0x200090a4                hi2c1
 .bss.ulMaxPRIGROUPValue
                0x200090f8        0x4 build/debug/port.o
 .bss.ucMaxSysCallPriority
                0x200090fc        0x1 build/debug/port.o
 *fill*         0x200090fd        0x3 
 .bss.xQueueRegistry
                0x20009100       0x40 build/debug/queue.o
                0x20009100                xQueueRegistry
 .bss.hrtc      0x20009140       0x20 build/debug/rtc.o
                0x20009140                hrtc
 .bss.hspi1     0x20009160       0x58 build/debug/spi.o
                0x20009160                hspi1
 .bss.SSD1306   0x200091b8        0x6 build/debug/ssd1306.o
 .bss.OLED_ChipType
                0x200091be        0x1 build/debug/ssd1306.o
                0x200091be                OLED_ChipType
 .bss.SSD_Trans
                0x200091bf        0x1 build/debug/ssd1306.o
 .bss.SSD1306_Buffer
                0x200091c0      0x400 build/debug/ssd1306.o
 .bss.uwTick    0x200095c0        0x4 build/debug/stm32f4xx_hal.o
                0x200095c0                uwTick
 .bss.htim7     0x200095c4       0x48 build/debug/stm32f4xx_hal_timebase_tim.o
                0x200095c4                htim7
 .bss.__sbrk_heap_end
                0x2000960c        0x4 build/debug/sysmem.o
 .bss.uxSchedulerSuspended
                0x20009610        0x4 build/debug/tasks.o
 .bss.xIdleTaskHandle
                0x20009614        0x4 build/debug/tasks.o
 .bss.xNextTaskUnblockTime
                0x20009618        0x4 build/debug/tasks.o
 .bss.uxTaskNumber
                0x2000961c        0x4 build/debug/tasks.o
 .bss.xNumOfOverflows
                0x20009620        0x4 build/debug/tasks.o
 .bss.xYieldPending
                0x20009624        0x4 build/debug/tasks.o
 .bss.xPendedTicks
                0x20009628        0x4 build/debug/tasks.o
 .bss.xSchedulerRunning
                0x2000962c        0x4 build/debug/tasks.o
 .bss.uxTopReadyPriority
                0x20009630        0x4 build/debug/tasks.o
 .bss.xTickCount
                0x20009634        0x4 build/debug/tasks.o
 .bss.uxCurrentNumberOfTasks
                0x20009638        0x4 build/debug/tasks.o
 .bss.xSuspendedTaskList
                0x2000963c       0x14 build/debug/tasks.o
 .bss.uxDeletedTasksWaitingCleanUp
                0x20009650        0x4 build/debug/tasks.o
 .bss.xTasksWaitingTermination
                0x20009654       0x14 build/debug/tasks.o
 .bss.xPendingReadyList
                0x20009668       0x14 build/debug/tasks.o
 .bss.pxOverflowDelayedTaskList
                0x2000967c        0x4 build/debug/tasks.o
 .bss.pxDelayedTaskList
                0x20009680        0x4 build/debug/tasks.o
 .bss.xDelayedTaskList2
                0x20009684       0x14 build/debug/tasks.o
 .bss.xDelayedTaskList1
                0x20009698       0x14 build/debug/tasks.o
 .bss.pxReadyTasksLists
                0x200096ac      0x460 build/debug/tasks.o
 .bss.pxCurrentTCB
                0x20009b0c        0x4 build/debug/tasks.o
                0x20009b0c                pxCurrentTCB
 .bss.htim8     0x20009b10       0x48 build/debug/tim.o
                0x20009b10                htim8
 .bss.htim3     0x20009b58       0x48 build/debug/tim.o
                0x20009b58                htim3
 .bss.htim2     0x20009ba0       0x48 build/debug/tim.o
                0x20009ba0                htim2
 .bss.xStaticTimerQueue.0
                0x20009be8       0x50 build/debug/timers.o
 .bss.ucStaticTimerQueueStorage.1
                0x20009c38       0xa0 build/debug/timers.o
 .bss.xLastTime.2
                0x20009cd8        0x4 build/debug/timers.o
 .bss.xTimerTaskHandle
                0x20009cdc        0x4 build/debug/timers.o
 .bss.xTimerQueue
                0x20009ce0        0x4 build/debug/timers.o
 .bss.pxOverflowTimerList
                0x20009ce4        0x4 build/debug/timers.o
 .bss.pxCurrentTimerList
                0x20009ce8        0x4 build/debug/timers.o
 .bss.xActiveTimerList2
                0x20009cec       0x14 build/debug/timers.o
 .bss.xActiveTimerList1
                0x20009d00       0x14 build/debug/timers.o
 .bss.hdma_usart6_tx
                0x20009d14       0x60 build/debug/usart.o
                0x20009d14                hdma_usart6_tx
 .bss.hdma_usart6_rx
                0x20009d74       0x60 build/debug/usart.o
                0x20009d74                hdma_usart6_rx
 .bss.hdma_usart1_tx
                0x20009dd4       0x60 build/debug/usart.o
                0x20009dd4                hdma_usart1_tx
 .bss.hdma_usart1_rx
                0x20009e34       0x60 build/debug/usart.o
                0x20009e34                hdma_usart1_rx
 .bss.huart6    0x20009e94       0x48 build/debug/usart.o
                0x20009e94                huart6
 .bss.huart1    0x20009edc       0x48 build/debug/usart.o
                0x20009edc                huart1
 .bss.__sf      0x20009f24      0x138 C:/STM32/arm-none-eabi-gcc/14.2.1-1.1.1/.content/bin/../lib/gcc/arm-none-eabi/14.2.1/../../../../arm-none-eabi/lib/thumb/v7e-m+fp/hard\libc_nano.a(libc_a-findfp.o)
                0x20009f24                __sf
 .bss.errno     0x2000a05c        0x4 C:/STM32/arm-none-eabi-gcc/14.2.1-1.1.1/.content/bin/../lib/gcc/arm-none-eabi/14.2.1/../../../../arm-none-eabi/lib/thumb/v7e-m+fp/hard\libc_nano.a(libc_a-reent.o)
                0x2000a05c                errno
 .bss.__lock___malloc_recursive_mutex
                0x2000a060        0x1 C:/STM32/arm-none-eabi-gcc/14.2.1-1.1.1/.content/bin/../lib/gcc/arm-none-eabi/14.2.1/../../../../arm-none-eabi/lib/thumb/v7e-m+fp/hard\libc_nano.a(libc_a-lock.o)
                0x2000a060                __lock___malloc_recursive_mutex
 *fill*         0x2000a061        0x3 
 .bss.__malloc_sbrk_start
                0x2000a064        0x4 C:/STM32/arm-none-eabi-gcc/14.2.1-1.1.1/.content/bin/../lib/gcc/arm-none-eabi/14.2.1/../../../../arm-none-eabi/lib/thumb/v7e-m+fp/hard\libc_nano.a(libc_a-mallocr.o)
                0x2000a064                __malloc_sbrk_start
 .bss.__malloc_free_list
                0x2000a068        0x4 C:/STM32/arm-none-eabi-gcc/14.2.1-1.1.1/.content/bin/../lib/gcc/arm-none-eabi/14.2.1/../../../../arm-none-eabi/lib/thumb/v7e-m+fp/hard\libc_nano.a(libc_a-mallocr.o)
                0x2000a068                __malloc_free_list
 *(COMMON)
                0x2000a06c                        . = ALIGN (0x4)
                0x2000a06c                        _ebss = .
                0x2000a06c                        __bss_end__ = _ebss

._user_heap_stack
                0x2000a06c      0x604
                0x2000a070                        . = ALIGN (0x8)
 *fill*         0x2000a06c        0x4 
                [!provide]                        PROVIDE (end = .)
                0x2000a070                        PROVIDE (_end = .)
                0x2000a270                        . = (. + _Min_Heap_Size)
 *fill*         0x2000a070      0x200 
                0x2000a670                        . = (. + _Min_Stack_Size)
 *fill*         0x2000a270      0x400 
                0x2000a670                        . = ALIGN (0x8)

/DISCARD/
 libc.a(*)
 libm.a(*)
 libgcc.a(*)
OUTPUT(build/debug/Demo_OLED.elf elf32-littlearm)
LOAD linker stubs
LOAD C:/STM32/arm-none-eabi-gcc/14.2.1-1.1.1/.content/bin/../lib/gcc/arm-none-eabi/14.2.1/../../../../arm-none-eabi/lib/thumb/v7e-m+fp/hard\libc.a
LOAD C:/STM32/arm-none-eabi-gcc/14.2.1-1.1.1/.content/bin/../lib/gcc/arm-none-eabi/14.2.1/../../../../arm-none-eabi/lib/thumb/v7e-m+fp/hard\libm.a
LOAD C:/STM32/arm-none-eabi-gcc/14.2.1-1.1.1/.content/bin/../lib/gcc/arm-none-eabi/14.2.1/thumb/v7e-m+fp/hard\libgcc.a

.ARM.attributes
                0x00000000       0x30
 .ARM.attributes
                0x00000000       0x22 C:/STM32/arm-none-eabi-gcc/14.2.1-1.1.1/.content/bin/../lib/gcc/arm-none-eabi/14.2.1/thumb/v7e-m+fp/hard/crti.o
 .ARM.attributes
                0x00000022       0x34 C:/STM32/arm-none-eabi-gcc/14.2.1-1.1.1/.content/bin/../lib/gcc/arm-none-eabi/14.2.1/thumb/v7e-m+fp/hard/crtbegin.o
 .ARM.attributes
                0x00000056       0x34 build/debug/F08_ASCII.o
 .ARM.attributes
                0x0000008a       0x34 build/debug/GUISlim.o
 .ARM.attributes
                0x000000be       0x34 build/debug/adc.o
 .ARM.attributes
                0x000000f2       0x34 build/debug/bsp_rtc.o
 .ARM.attributes
                0x00000126       0x34 build/debug/cmsis_os2.o
 .ARM.attributes
                0x0000015a       0x34 build/debug/dac.o
 .ARM.attributes
                0x0000018e       0x34 build/debug/dma.o
 .ARM.attributes
                0x000001c2       0x34 build/debug/freertos.o
 .ARM.attributes
                0x000001f6       0x34 build/debug/gpio.o
 .ARM.attributes
                0x0000022a       0x34 build/debug/heap_4.o
 .ARM.attributes
                0x0000025e       0x34 build/debug/i2c.o
 .ARM.attributes
                0x00000292       0x34 build/debug/list.o
 .ARM.attributes
                0x000002c6       0x34 build/debug/main.o
 .ARM.attributes
                0x000002fa       0x34 build/debug/port.o
 .ARM.attributes
                0x0000032e       0x34 build/debug/queue.o
 .ARM.attributes
                0x00000362       0x34 build/debug/rtc.o
 .ARM.attributes
                0x00000396       0x34 build/debug/spi.o
 .ARM.attributes
                0x000003ca       0x34 build/debug/ssd1306.o
 .ARM.attributes
                0x000003fe       0x34 build/debug/stm32f4xx_hal.o
 .ARM.attributes
                0x00000432       0x34 build/debug/stm32f4xx_hal_adc.o
 .ARM.attributes
                0x00000466       0x34 build/debug/stm32f4xx_hal_cortex.o
 .ARM.attributes
                0x0000049a       0x34 build/debug/stm32f4xx_hal_dac.o
 .ARM.attributes
                0x000004ce       0x34 build/debug/stm32f4xx_hal_dma.o
 .ARM.attributes
                0x00000502       0x34 build/debug/stm32f4xx_hal_gpio.o
 .ARM.attributes
                0x00000536       0x34 build/debug/stm32f4xx_hal_i2c.o
 .ARM.attributes
                0x0000056a       0x34 build/debug/stm32f4xx_hal_msp.o
 .ARM.attributes
                0x0000059e       0x34 build/debug/stm32f4xx_hal_rcc.o
 .ARM.attributes
                0x000005d2       0x34 build/debug/stm32f4xx_hal_rcc_ex.o
 .ARM.attributes
                0x00000606       0x34 build/debug/stm32f4xx_hal_rtc.o
 .ARM.attributes
                0x0000063a       0x34 build/debug/stm32f4xx_hal_rtc_ex.o
 .ARM.attributes
                0x0000066e       0x34 build/debug/stm32f4xx_hal_spi.o
 .ARM.attributes
                0x000006a2       0x34 build/debug/stm32f4xx_hal_tim.o
 .ARM.attributes
                0x000006d6       0x34 build/debug/stm32f4xx_hal_tim_ex.o
 .ARM.attributes
                0x0000070a       0x34 build/debug/stm32f4xx_hal_timebase_tim.o
 .ARM.attributes
                0x0000073e       0x34 build/debug/stm32f4xx_hal_uart.o
 .ARM.attributes
                0x00000772       0x34 build/debug/stm32f4xx_it.o
 .ARM.attributes
                0x000007a6       0x34 build/debug/sysmem.o
 .ARM.attributes
                0x000007da       0x34 build/debug/system_stm32f4xx.o
 .ARM.attributes
                0x0000080e       0x34 build/debug/tasks.o
 .ARM.attributes
                0x00000842       0x34 build/debug/tim.o
 .ARM.attributes
                0x00000876       0x34 build/debug/timers.o
 .ARM.attributes
                0x000008aa       0x34 build/debug/usart.o
 .ARM.attributes
                0x000008de       0x21 build/debug/startup_stm32f407xx.o
 .ARM.attributes
                0x000008ff       0x34 C:/STM32/arm-none-eabi-gcc/14.2.1-1.1.1/.content/bin/../lib/gcc/arm-none-eabi/14.2.1/../../../../arm-none-eabi/lib/thumb/v7e-m+fp/hard\libc_nano.a(libc_a-findfp.o)
 .ARM.attributes
                0x00000933       0x34 C:/STM32/arm-none-eabi-gcc/14.2.1-1.1.1/.content/bin/../lib/gcc/arm-none-eabi/14.2.1/../../../../arm-none-eabi/lib/thumb/v7e-m+fp/hard\libc_nano.a(libc_a-sprintf.o)
 .ARM.attributes
                0x00000967       0x34 C:/STM32/arm-none-eabi-gcc/14.2.1-1.1.1/.content/bin/../lib/gcc/arm-none-eabi/14.2.1/../../../../arm-none-eabi/lib/thumb/v7e-m+fp/hard\libc_nano.a(libc_a-memcmp.o)
 .ARM.attributes
                0x0000099b       0x34 C:/STM32/arm-none-eabi-gcc/14.2.1-1.1.1/.content/bin/../lib/gcc/arm-none-eabi/14.2.1/../../../../arm-none-eabi/lib/thumb/v7e-m+fp/hard\libc_nano.a(libc_a-memset.o)
 .ARM.attributes
                0x000009cf       0x34 C:/STM32/arm-none-eabi-gcc/14.2.1-1.1.1/.content/bin/../lib/gcc/arm-none-eabi/14.2.1/../../../../arm-none-eabi/lib/thumb/v7e-m+fp/hard\libc_nano.a(libc_a-reent.o)
 .ARM.attributes
                0x00000a03       0x34 C:/STM32/arm-none-eabi-gcc/14.2.1-1.1.1/.content/bin/../lib/gcc/arm-none-eabi/14.2.1/../../../../arm-none-eabi/lib/thumb/v7e-m+fp/hard\libc_nano.a(libc_a-impure.o)
 .ARM.attributes
                0x00000a37       0x34 C:/STM32/arm-none-eabi-gcc/14.2.1-1.1.1/.content/bin/../lib/gcc/arm-none-eabi/14.2.1/../../../../arm-none-eabi/lib/thumb/v7e-m+fp/hard\libc_nano.a(libc_a-errno.o)
 .ARM.attributes
                0x00000a6b       0x34 C:/STM32/arm-none-eabi-gcc/14.2.1-1.1.1/.content/bin/../lib/gcc/arm-none-eabi/14.2.1/../../../../arm-none-eabi/lib/thumb/v7e-m+fp/hard\libc_nano.a(libc_a-init.o)
 .ARM.attributes
                0x00000a9f       0x34 C:/STM32/arm-none-eabi-gcc/14.2.1-1.1.1/.content/bin/../lib/gcc/arm-none-eabi/14.2.1/../../../../arm-none-eabi/lib/thumb/v7e-m+fp/hard\libc_nano.a(libc_a-lock.o)
 .ARM.attributes
                0x00000ad3       0x34 C:/STM32/arm-none-eabi-gcc/14.2.1-1.1.1/.content/bin/../lib/gcc/arm-none-eabi/14.2.1/../../../../arm-none-eabi/lib/thumb/v7e-m+fp/hard\libc_nano.a(libc_a-memcpy-stub.o)
 .ARM.attributes
                0x00000b07       0x17 C:/STM32/arm-none-eabi-gcc/14.2.1-1.1.1/.content/bin/../lib/gcc/arm-none-eabi/14.2.1/../../../../arm-none-eabi/lib/thumb/v7e-m+fp/hard\libc_nano.a(libc_a-strlen.o)
 .ARM.attributes
                0x00000b1e       0x34 C:/STM32/arm-none-eabi-gcc/14.2.1-1.1.1/.content/bin/../lib/gcc/arm-none-eabi/14.2.1/../../../../arm-none-eabi/lib/thumb/v7e-m+fp/hard\libc_nano.a(libc_a-freer.o)
 .ARM.attributes
                0x00000b52       0x34 C:/STM32/arm-none-eabi-gcc/14.2.1-1.1.1/.content/bin/../lib/gcc/arm-none-eabi/14.2.1/../../../../arm-none-eabi/lib/thumb/v7e-m+fp/hard\libc_nano.a(libc_a-mallocr.o)
 .ARM.attributes
                0x00000b86       0x34 C:/STM32/arm-none-eabi-gcc/14.2.1-1.1.1/.content/bin/../lib/gcc/arm-none-eabi/14.2.1/../../../../arm-none-eabi/lib/thumb/v7e-m+fp/hard\libc_nano.a(libc_a-mlock.o)
 .ARM.attributes
                0x00000bba       0x34 C:/STM32/arm-none-eabi-gcc/14.2.1-1.1.1/.content/bin/../lib/gcc/arm-none-eabi/14.2.1/../../../../arm-none-eabi/lib/thumb/v7e-m+fp/hard\libc_nano.a(libc_a-nano-svfprintf.o)
 .ARM.attributes
                0x00000bee       0x34 C:/STM32/arm-none-eabi-gcc/14.2.1-1.1.1/.content/bin/../lib/gcc/arm-none-eabi/14.2.1/../../../../arm-none-eabi/lib/thumb/v7e-m+fp/hard\libc_nano.a(libc_a-nano-vfprintf_i.o)
 .ARM.attributes
                0x00000c22       0x34 C:/STM32/arm-none-eabi-gcc/14.2.1-1.1.1/.content/bin/../lib/gcc/arm-none-eabi/14.2.1/../../../../arm-none-eabi/lib/thumb/v7e-m+fp/hard\libc_nano.a(libc_a-memmove.o)
 .ARM.attributes
                0x00000c56       0x34 C:/STM32/arm-none-eabi-gcc/14.2.1-1.1.1/.content/bin/../lib/gcc/arm-none-eabi/14.2.1/../../../../arm-none-eabi/lib/thumb/v7e-m+fp/hard\libc_nano.a(libc_a-sbrkr.o)
 .ARM.attributes
                0x00000c8a       0x1c C:/STM32/arm-none-eabi-gcc/14.2.1-1.1.1/.content/bin/../lib/gcc/arm-none-eabi/14.2.1/../../../../arm-none-eabi/lib/thumb/v7e-m+fp/hard\libc_nano.a(libc_a-memchr.o)
 .ARM.attributes
                0x00000ca6       0x34 C:/STM32/arm-none-eabi-gcc/14.2.1-1.1.1/.content/bin/../lib/gcc/arm-none-eabi/14.2.1/../../../../arm-none-eabi/lib/thumb/v7e-m+fp/hard\libc_nano.a(libc_a-reallocr.o)
 .ARM.attributes
                0x00000cda       0x34 C:/STM32/arm-none-eabi-gcc/14.2.1-1.1.1/.content/bin/../lib/gcc/arm-none-eabi/14.2.1/../../../../arm-none-eabi/lib/thumb/v7e-m+fp/hard\libc_nano.a(libc_a-msizer.o)
 .ARM.attributes
                0x00000d0e       0x22 C:/STM32/arm-none-eabi-gcc/14.2.1-1.1.1/.content/bin/../lib/gcc/arm-none-eabi/14.2.1/thumb/v7e-m+fp/hard\libgcc.a(_aeabi_uldivmod.o)
 .ARM.attributes
                0x00000d30       0x34 C:/STM32/arm-none-eabi-gcc/14.2.1-1.1.1/.content/bin/../lib/gcc/arm-none-eabi/14.2.1/thumb/v7e-m+fp/hard\libgcc.a(_udivmoddi4.o)
 .ARM.attributes
                0x00000d64       0x22 C:/STM32/arm-none-eabi-gcc/14.2.1-1.1.1/.content/bin/../lib/gcc/arm-none-eabi/14.2.1/thumb/v7e-m+fp/hard\libgcc.a(_dvmd_tls.o)
 .ARM.attributes
                0x00000d86       0x22 C:/STM32/arm-none-eabi-gcc/14.2.1-1.1.1/.content/bin/../lib/gcc/arm-none-eabi/14.2.1/thumb/v7e-m+fp/hard/crtn.o

.comment        0x00000000       0x39
 .comment       0x00000000       0x39 C:/STM32/arm-none-eabi-gcc/14.2.1-1.1.1/.content/bin/../lib/gcc/arm-none-eabi/14.2.1/thumb/v7e-m+fp/hard/crtbegin.o
                                 0x3a (size before relaxing)
 .comment       0x00000039       0x3a build/debug/F08_ASCII.o
 .comment       0x00000039       0x3a build/debug/GUISlim.o
 .comment       0x00000039       0x3a build/debug/adc.o
 .comment       0x00000039       0x3a build/debug/bsp_rtc.o
 .comment       0x00000039       0x3a build/debug/cmsis_os2.o
 .comment       0x00000039       0x3a build/debug/dac.o
 .comment       0x00000039       0x3a build/debug/dma.o
 .comment       0x00000039       0x3a build/debug/freertos.o
 .comment       0x00000039       0x3a build/debug/gpio.o
 .comment       0x00000039       0x3a build/debug/heap_4.o
 .comment       0x00000039       0x3a build/debug/i2c.o
 .comment       0x00000039       0x3a build/debug/list.o
 .comment       0x00000039       0x3a build/debug/main.o
 .comment       0x00000039       0x3a build/debug/port.o
 .comment       0x00000039       0x3a build/debug/queue.o
 .comment       0x00000039       0x3a build/debug/rtc.o
 .comment       0x00000039       0x3a build/debug/spi.o
 .comment       0x00000039       0x3a build/debug/ssd1306.o
 .comment       0x00000039       0x3a build/debug/stm32f4xx_hal.o
 .comment       0x00000039       0x3a build/debug/stm32f4xx_hal_adc.o
 .comment       0x00000039       0x3a build/debug/stm32f4xx_hal_cortex.o
 .comment       0x00000039       0x3a build/debug/stm32f4xx_hal_dac.o
 .comment       0x00000039       0x3a build/debug/stm32f4xx_hal_dma.o
 .comment       0x00000039       0x3a build/debug/stm32f4xx_hal_gpio.o
 .comment       0x00000039       0x3a build/debug/stm32f4xx_hal_i2c.o
 .comment       0x00000039       0x3a build/debug/stm32f4xx_hal_msp.o
 .comment       0x00000039       0x3a build/debug/stm32f4xx_hal_rcc.o
 .comment       0x00000039       0x3a build/debug/stm32f4xx_hal_rcc_ex.o
 .comment       0x00000039       0x3a build/debug/stm32f4xx_hal_rtc.o
 .comment       0x00000039       0x3a build/debug/stm32f4xx_hal_rtc_ex.o
 .comment       0x00000039       0x3a build/debug/stm32f4xx_hal_spi.o
 .comment       0x00000039       0x3a build/debug/stm32f4xx_hal_tim.o
 .comment       0x00000039       0x3a build/debug/stm32f4xx_hal_tim_ex.o
 .comment       0x00000039       0x3a build/debug/stm32f4xx_hal_timebase_tim.o
 .comment       0x00000039       0x3a build/debug/stm32f4xx_hal_uart.o
 .comment       0x00000039       0x3a build/debug/stm32f4xx_it.o
 .comment       0x00000039       0x3a build/debug/sysmem.o
 .comment       0x00000039       0x3a build/debug/system_stm32f4xx.o
 .comment       0x00000039       0x3a build/debug/tasks.o
 .comment       0x00000039       0x3a build/debug/tim.o
 .comment       0x00000039       0x3a build/debug/timers.o
 .comment       0x00000039       0x3a build/debug/usart.o
 .comment       0x00000039       0x3a C:/STM32/arm-none-eabi-gcc/14.2.1-1.1.1/.content/bin/../lib/gcc/arm-none-eabi/14.2.1/../../../../arm-none-eabi/lib/thumb/v7e-m+fp/hard\libc_nano.a(libc_a-findfp.o)
 .comment       0x00000039       0x3a C:/STM32/arm-none-eabi-gcc/14.2.1-1.1.1/.content/bin/../lib/gcc/arm-none-eabi/14.2.1/../../../../arm-none-eabi/lib/thumb/v7e-m+fp/hard\libc_nano.a(libc_a-sprintf.o)
 .comment       0x00000039       0x3a C:/STM32/arm-none-eabi-gcc/14.2.1-1.1.1/.content/bin/../lib/gcc/arm-none-eabi/14.2.1/../../../../arm-none-eabi/lib/thumb/v7e-m+fp/hard\libc_nano.a(libc_a-memcmp.o)
 .comment       0x00000039       0x3a C:/STM32/arm-none-eabi-gcc/14.2.1-1.1.1/.content/bin/../lib/gcc/arm-none-eabi/14.2.1/../../../../arm-none-eabi/lib/thumb/v7e-m+fp/hard\libc_nano.a(libc_a-memset.o)
 .comment       0x00000039       0x3a C:/STM32/arm-none-eabi-gcc/14.2.1-1.1.1/.content/bin/../lib/gcc/arm-none-eabi/14.2.1/../../../../arm-none-eabi/lib/thumb/v7e-m+fp/hard\libc_nano.a(libc_a-reent.o)
 .comment       0x00000039       0x3a C:/STM32/arm-none-eabi-gcc/14.2.1-1.1.1/.content/bin/../lib/gcc/arm-none-eabi/14.2.1/../../../../arm-none-eabi/lib/thumb/v7e-m+fp/hard\libc_nano.a(libc_a-impure.o)
 .comment       0x00000039       0x3a C:/STM32/arm-none-eabi-gcc/14.2.1-1.1.1/.content/bin/../lib/gcc/arm-none-eabi/14.2.1/../../../../arm-none-eabi/lib/thumb/v7e-m+fp/hard\libc_nano.a(libc_a-errno.o)
 .comment       0x00000039       0x3a C:/STM32/arm-none-eabi-gcc/14.2.1-1.1.1/.content/bin/../lib/gcc/arm-none-eabi/14.2.1/../../../../arm-none-eabi/lib/thumb/v7e-m+fp/hard\libc_nano.a(libc_a-init.o)
 .comment       0x00000039       0x3a C:/STM32/arm-none-eabi-gcc/14.2.1-1.1.1/.content/bin/../lib/gcc/arm-none-eabi/14.2.1/../../../../arm-none-eabi/lib/thumb/v7e-m+fp/hard\libc_nano.a(libc_a-lock.o)
 .comment       0x00000039       0x3a C:/STM32/arm-none-eabi-gcc/14.2.1-1.1.1/.content/bin/../lib/gcc/arm-none-eabi/14.2.1/../../../../arm-none-eabi/lib/thumb/v7e-m+fp/hard\libc_nano.a(libc_a-memcpy-stub.o)
 .comment       0x00000039       0x3a C:/STM32/arm-none-eabi-gcc/14.2.1-1.1.1/.content/bin/../lib/gcc/arm-none-eabi/14.2.1/../../../../arm-none-eabi/lib/thumb/v7e-m+fp/hard\libc_nano.a(libc_a-freer.o)
 .comment       0x00000039       0x3a C:/STM32/arm-none-eabi-gcc/14.2.1-1.1.1/.content/bin/../lib/gcc/arm-none-eabi/14.2.1/../../../../arm-none-eabi/lib/thumb/v7e-m+fp/hard\libc_nano.a(libc_a-mallocr.o)
 .comment       0x00000039       0x3a C:/STM32/arm-none-eabi-gcc/14.2.1-1.1.1/.content/bin/../lib/gcc/arm-none-eabi/14.2.1/../../../../arm-none-eabi/lib/thumb/v7e-m+fp/hard\libc_nano.a(libc_a-mlock.o)
 .comment       0x00000039       0x3a C:/STM32/arm-none-eabi-gcc/14.2.1-1.1.1/.content/bin/../lib/gcc/arm-none-eabi/14.2.1/../../../../arm-none-eabi/lib/thumb/v7e-m+fp/hard\libc_nano.a(libc_a-nano-svfprintf.o)
 .comment       0x00000039       0x3a C:/STM32/arm-none-eabi-gcc/14.2.1-1.1.1/.content/bin/../lib/gcc/arm-none-eabi/14.2.1/../../../../arm-none-eabi/lib/thumb/v7e-m+fp/hard\libc_nano.a(libc_a-nano-vfprintf_i.o)
 .comment       0x00000039       0x3a C:/STM32/arm-none-eabi-gcc/14.2.1-1.1.1/.content/bin/../lib/gcc/arm-none-eabi/14.2.1/../../../../arm-none-eabi/lib/thumb/v7e-m+fp/hard\libc_nano.a(libc_a-memmove.o)
 .comment       0x00000039       0x3a C:/STM32/arm-none-eabi-gcc/14.2.1-1.1.1/.content/bin/../lib/gcc/arm-none-eabi/14.2.1/../../../../arm-none-eabi/lib/thumb/v7e-m+fp/hard\libc_nano.a(libc_a-sbrkr.o)
 .comment       0x00000039       0x3a C:/STM32/arm-none-eabi-gcc/14.2.1-1.1.1/.content/bin/../lib/gcc/arm-none-eabi/14.2.1/../../../../arm-none-eabi/lib/thumb/v7e-m+fp/hard\libc_nano.a(libc_a-reallocr.o)
 .comment       0x00000039       0x3a C:/STM32/arm-none-eabi-gcc/14.2.1-1.1.1/.content/bin/../lib/gcc/arm-none-eabi/14.2.1/../../../../arm-none-eabi/lib/thumb/v7e-m+fp/hard\libc_nano.a(libc_a-msizer.o)
 .comment       0x00000039       0x3a C:/STM32/arm-none-eabi-gcc/14.2.1-1.1.1/.content/bin/../lib/gcc/arm-none-eabi/14.2.1/thumb/v7e-m+fp/hard\libgcc.a(_udivmoddi4.o)

.debug_info     0x00000000    0x33c9f
 .debug_info    0x00000000      0x49d build/debug/F08_ASCII.o
 .debug_info    0x0000049d     0x3c9f build/debug/GUISlim.o
 .debug_info    0x0000413c      0xa87 build/debug/adc.o
 .debug_info    0x00004bc3      0x96f build/debug/bsp_rtc.o
 .debug_info    0x00005532     0x4e1f build/debug/cmsis_os2.o
 .debug_info    0x0000a351      0x978 build/debug/dac.o
 .debug_info    0x0000acc9      0x5f2 build/debug/dma.o
 .debug_info    0x0000b2bb      0xa7d build/debug/freertos.o
 .debug_info    0x0000bd38      0x5d2 build/debug/gpio.o
 .debug_info    0x0000c30a      0x593 build/debug/heap_4.o
 .debug_info    0x0000c89d      0x9dc build/debug/i2c.o
 .debug_info    0x0000d279      0x2bf build/debug/list.o
 .debug_info    0x0000d538      0xc8c build/debug/main.o
 .debug_info    0x0000e1c4      0x55a build/debug/port.o
 .debug_info    0x0000e71e     0x27a8 build/debug/queue.o
 .debug_info    0x00010ec6      0x8fb build/debug/rtc.o
 .debug_info    0x000117c1      0x9aa build/debug/spi.o
 .debug_info    0x0001216b     0x2134 build/debug/ssd1306.o
 .debug_info    0x0001429f      0x9e2 build/debug/stm32f4xx_hal.o
 .debug_info    0x00014c81      0xe96 build/debug/stm32f4xx_hal_adc.o
 .debug_info    0x00015b17      0xff5 build/debug/stm32f4xx_hal_cortex.o
 .debug_info    0x00016b0c      0xb46 build/debug/stm32f4xx_hal_dac.o
 .debug_info    0x00017652      0xad9 build/debug/stm32f4xx_hal_dma.o
 .debug_info    0x0001812b      0x704 build/debug/stm32f4xx_hal_gpio.o
 .debug_info    0x0001882f     0x3805 build/debug/stm32f4xx_hal_i2c.o
 .debug_info    0x0001c034      0x4d1 build/debug/stm32f4xx_hal_msp.o
 .debug_info    0x0001c505      0xa81 build/debug/stm32f4xx_hal_rcc.o
 .debug_info    0x0001cf86      0x651 build/debug/stm32f4xx_hal_rcc_ex.o
 .debug_info    0x0001d5d7      0xfc1 build/debug/stm32f4xx_hal_rtc.o
 .debug_info    0x0001e598     0x1200 build/debug/stm32f4xx_hal_rtc_ex.o
 .debug_info    0x0001f798     0x1ccc build/debug/stm32f4xx_hal_spi.o
 .debug_info    0x00021464     0x3c53 build/debug/stm32f4xx_hal_tim.o
 .debug_info    0x000250b7     0x1ade build/debug/stm32f4xx_hal_tim_ex.o
 .debug_info    0x00026b95      0xc90 build/debug/stm32f4xx_hal_timebase_tim.o
 .debug_info    0x00027825     0x4018 build/debug/stm32f4xx_hal_uart.o
 .debug_info    0x0002b83d      0xaf6 build/debug/stm32f4xx_it.o
 .debug_info    0x0002c333      0x171 build/debug/sysmem.o
 .debug_info    0x0002c4a4      0x527 build/debug/system_stm32f4xx.o
 .debug_info    0x0002c9cb     0x307f build/debug/tasks.o
 .debug_info    0x0002fa4a     0x1169 build/debug/tim.o
 .debug_info    0x00030bb3     0x1b14 build/debug/timers.o
 .debug_info    0x000326c7      0xe45 build/debug/usart.o
 .debug_info    0x0003350c       0x30 build/debug/startup_stm32f407xx.o
 .debug_info    0x0003353c       0x24 C:/STM32/arm-none-eabi-gcc/14.2.1-1.1.1/.content/bin/../lib/gcc/arm-none-eabi/14.2.1/thumb/v7e-m+fp/hard\libgcc.a(_aeabi_uldivmod.o)
 .debug_info    0x00033560      0x703 C:/STM32/arm-none-eabi-gcc/14.2.1-1.1.1/.content/bin/../lib/gcc/arm-none-eabi/14.2.1/thumb/v7e-m+fp/hard\libgcc.a(_udivmoddi4.o)
 .debug_info    0x00033c63       0x3c C:/STM32/arm-none-eabi-gcc/14.2.1-1.1.1/.content/bin/../lib/gcc/arm-none-eabi/14.2.1/thumb/v7e-m+fp/hard\libgcc.a(_dvmd_tls.o)

.debug_abbrev   0x00000000     0x6625
 .debug_abbrev  0x00000000      0x16a build/debug/F08_ASCII.o
 .debug_abbrev  0x0000016a      0x433 build/debug/GUISlim.o
 .debug_abbrev  0x0000059d      0x21a build/debug/adc.o
 .debug_abbrev  0x000007b7      0x215 build/debug/bsp_rtc.o
 .debug_abbrev  0x000009cc      0x5e0 build/debug/cmsis_os2.o
 .debug_abbrev  0x00000fac      0x221 build/debug/dac.o
 .debug_abbrev  0x000011cd      0x12d build/debug/dma.o
 .debug_abbrev  0x000012fa      0x26b build/debug/freertos.o
 .debug_abbrev  0x00001565      0x164 build/debug/gpio.o
 .debug_abbrev  0x000016c9      0x263 build/debug/heap_4.o
 .debug_abbrev  0x0000192c      0x20f build/debug/i2c.o
 .debug_abbrev  0x00001b3b      0x10a build/debug/list.o
 .debug_abbrev  0x00001c45      0x25f build/debug/main.o
 .debug_abbrev  0x00001ea4      0x293 build/debug/port.o
 .debug_abbrev  0x00002137      0x3ea build/debug/queue.o